{
    "isDeclaration": false,
    "languageVersion": "EcmaScript5",
    "sourceUnit": {
        "kind": "SourceUnit",
        "fullStart": 0,
        "fullEnd": 335,
        "start": 277,
        "fullWidth": 335,
        "width": 58,
        "moduleElements": [
            {
                "kind": "IfStatement",
                "fullStart": 0,
                "fullEnd": 333,
                "start": 277,
                "fullWidth": 333,
                "width": 56,
                "ifKeyword": {
                    "kind": "IfKeyword",
                    "fullStart": 0,
                    "start": 277,
                    "fullWidth": 279,
                    "width": 2,
                    "text": "if",
                    "value": "if",
                    "valueText": "if",
                    "hasLeadingTrivia": true,
                    "hasLeadingComment": true,
                    "hasLeadingNewLine": true,
                    "leadingTrivia": [
                        {
                            "kind": "SingleLineCommentTrivia",
                            "fullStart": 0,
                            "fullEnd": 60,
                            "text": "// Copyright 2009 the Sputnik authors.  All rights reserved."
                        },
                        {
                            "kind": "NewLineTrivia",
                            "fullStart": 60,
                            "fullEnd": 61,
                            "text": "\n"
                        },
                        {
                            "kind": "SingleLineCommentTrivia",
                            "fullStart": 61,
                            "fullEnd": 131,
                            "text": "// This code is governed by the BSD license found in the LICENSE file."
                        },
                        {
                            "kind": "NewLineTrivia",
                            "fullStart": 131,
                            "fullEnd": 132,
                            "text": "\n"
                        },
                        {
                            "kind": "NewLineTrivia",
                            "fullStart": 132,
                            "fullEnd": 133,
                            "text": "\n"
                        },
                        {
                            "kind": "MultiLineCommentTrivia",
                            "fullStart": 133,
                            "fullEnd": 265,
                            "text": "/**\n * If Type(x) and Type(y) are Null-s, return true\n *\n * @path ch11/11.9/11.9.4/S11.9.4_A6.2.js\n * @description null === null\n */"
                        },
                        {
                            "kind": "NewLineTrivia",
                            "fullStart": 265,
                            "fullEnd": 266,
                            "text": "\n"
                        },
                        {
                            "kind": "NewLineTrivia",
                            "fullStart": 266,
                            "fullEnd": 267,
                            "text": "\n"
                        },
                        {
                            "kind": "SingleLineCommentTrivia",
                            "fullStart": 267,
                            "fullEnd": 276,
                            "text": "//CHECK#1"
                        },
                        {
                            "kind": "NewLineTrivia",
                            "fullStart": 276,
                            "fullEnd": 277,
                            "text": "\n"
                        }
                    ]
                },
                "openParenToken": {
                    "kind": "OpenParenToken",
                    "fullStart": 279,
                    "start": 280,
                    "fullWidth": 2,
                    "width": 1,
                    "text": "(",
                    "value": "(",
                    "valueText": "(",
                    "hasLeadingTrivia": true,
                    "leadingTrivia": [
                        {
                            "kind": "WhitespaceTrivia",
                            "fullStart": 279,
                            "fullEnd": 280,
                            "text": " "
                        }
                    ]
                },
                "condition": {
                    "kind": "PrefixUnaryExpression",
                    "fullStart": 281,
                    "fullEnd": 297,
                    "start": 281,
                    "fullWidth": 16,
                    "width": 16,
                    "operatorToken": {
                        "kind": "ExclamationToken",
                        "fullStart": 281,
                        "start": 281,
                        "fullWidth": 1,
                        "width": 1,
                        "text": "!",
                        "value": "!",
                        "valueText": "!"
                    },
                    "operand": {
                        "kind": "ParenthesizedExpression",
                        "fullStart": 282,
                        "fullEnd": 297,
                        "start": 282,
                        "fullWidth": 15,
                        "width": 15,
                        "openParenToken": {
                            "kind": "OpenParenToken",
                            "fullStart": 282,
                            "start": 282,
                            "fullWidth": 1,
                            "width": 1,
                            "text": "(",
                            "value": "(",
                            "valueText": "("
                        },
                        "expression": {
                            "kind": "BinaryExpression",
                            "fullStart": 283,
                            "fullEnd": 296,
                            "start": 283,
                            "fullWidth": 13,
                            "width": 13,
                            "left": {
                                "kind": "NullKeyword",
                                "fullStart": 283,
                                "start": 283,
                                "fullWidth": 4,
                                "width": 4,
                                "text": "null"
                            },
                            "operatorToken": {
                                "kind": "EqualsEqualsEqualsToken",
                                "fullStart": 287,
                                "start": 288,
                                "fullWidth": 4,
                                "width": 3,
                                "text": "===",
                                "value": "===",
                                "valueText": "===",
                                "hasLeadingTrivia": true,
                                "leadingTrivia": [
                                    {
                                        "kind": "WhitespaceTrivia",
                                        "fullStart": 287,
                                        "fullEnd": 288,
                                        "text": " "
                                    }
                                ]
                            },
                            "right": {
                                "kind": "NullKeyword",
                                "fullStart": 291,
                                "start": 292,
                                "fullWidth": 5,
                                "width": 4,
                                "text": "null",
                                "hasLeadingTrivia": true,
                                "leadingTrivia": [
                                    {
                                        "kind": "WhitespaceTrivia",
                                        "fullStart": 291,
                                        "fullEnd": 292,
                                        "text": " "
                                    }
                                ]
                            }
                        },
                        "closeParenToken": {
                            "kind": "CloseParenToken",
                            "fullStart": 296,
                            "start": 296,
                            "fullWidth": 1,
                            "width": 1,
                            "text": ")",
                            "value": ")",
                            "valueText": ")"
                        }
                    }
                },
                "closeParenToken": {
                    "kind": "CloseParenToken",
                    "fullStart": 297,
                    "start": 297,
                    "fullWidth": 1,
                    "width": 1,
                    "text": ")",
                    "value": ")",
                    "valueText": ")"
                },
                "statement": {
                    "kind": "Block",
                    "fullStart": 298,
                    "fullEnd": 333,
                    "start": 299,
                    "fullWidth": 35,
                    "width": 34,
                    "openBraceToken": {
                        "kind": "OpenBraceToken",
                        "fullStart": 298,
                        "start": 299,
                        "fullWidth": 2,
                        "width": 1,
                        "text": "{",
                        "value": "{",
                        "valueText": "{",
                        "hasLeadingTrivia": true,
                        "leadingTrivia": [
                            {
                                "kind": "WhitespaceTrivia",
                                "fullStart": 298,
                                "fullEnd": 299,
                                "text": " "
                            }
                        ]
                    },
                    "statements": [
                        {
                            "kind": "ExpressionStatement",
                            "fullStart": 300,
                            "fullEnd": 331,
                            "start": 303,
                            "fullWidth": 31,
                            "width": 28,
                            "expression": {
                                "kind": "InvocationExpression",
                                "fullStart": 300,
                                "fullEnd": 330,
                                "start": 303,
                                "fullWidth": 30,
                                "width": 27,
                                "expression": {
                                    "kind": "IdentifierName",
                                    "fullStart": 300,
                                    "start": 303,
                                    "fullWidth": 9,
                                    "width": 6,
                                    "text": "$ERROR",
                                    "value": "$ERROR",
                                    "valueText": "$ERROR",
                                    "hasLeadingTrivia": true,
                                    "hasLeadingNewLine": true,
                                    "leadingTrivia": [
                                        {
                                            "kind": "NewLineTrivia",
                                            "fullStart": 300,
                                            "fullEnd": 301,
                                            "text": "\n"
                                        },
                                        {
                                            "kind": "WhitespaceTrivia",
                                            "fullStart": 301,
                                            "fullEnd": 303,
                                            "text": "  "
                                        }
                                    ]
                                },
                                "argumentList": {
                                    "kind": "ArgumentList",
                                    "fullStart": 309,
                                    "fullEnd": 330,
                                    "start": 309,
                                    "fullWidth": 21,
                                    "width": 21,
                                    "openParenToken": {
                                        "kind": "OpenParenToken",
                                        "fullStart": 309,
                                        "start": 309,
                                        "fullWidth": 1,
                                        "width": 1,
                                        "text": "(",
                                        "value": "(",
                                        "valueText": "("
                                    },
                                    "arguments": [
                                        {
                                            "kind": "StringLiteral",
                                            "fullStart": 310,
                                            "start": 310,
                                            "fullWidth": 19,
                                            "width": 19,
                                            "text": "'#1: null === null'",
                                            "value": "#1: null === null",
                                            "valueText": "#1: null === null"
                                        }
                                    ],
                                    "closeParenToken": {
                                        "kind": "CloseParenToken",
                                        "fullStart": 329,
                                        "start": 329,
                                        "fullWidth": 1,
                                        "width": 1,
                                        "text": ")",
                                        "value": ")",
                                        "valueText": ")"
                                    }
                                }
                            },
                            "semicolonToken": {
                                "kind": "SemicolonToken",
                                "fullStart": 330,
                                "start": 330,
                                "fullWidth": 1,
                                "width": 1,
                                "text": ";",
                                "value": ";",
                                "valueText": ";"
                            }
                        }
                    ],
                    "closeBraceToken": {
                        "kind": "CloseBraceToken",
                        "fullStart": 331,
                        "start": 332,
                        "fullWidth": 2,
                        "width": 1,
                        "text": "}",
                        "value": "}",
                        "valueText": "}",
                        "hasLeadingTrivia": true,
                        "hasLeadingNewLine": true,
                        "leadingTrivia": [
                            {
                                "kind": "NewLineTrivia",
                                "fullStart": 331,
                                "fullEnd": 332,
                                "text": "\n"
                            }
                        ]
                    }
                }
            }
        ],
        "endOfFileToken": {
            "kind": "EndOfFileToken",
            "fullStart": 333,
            "start": 335,
            "fullWidth": 2,
            "width": 0,
            "text": "",
            "hasLeadingTrivia": true,
            "hasLeadingNewLine": true,
            "leadingTrivia": [
                {
                    "kind": "NewLineTrivia",
                    "fullStart": 333,
                    "fullEnd": 334,
                    "text": "\n"
                },
                {
                    "kind": "NewLineTrivia",
                    "fullStart": 334,
                    "fullEnd": 335,
                    "text": "\n"
                }
            ]
        }
    },
    "lineMap": {
        "lineStarts": [
            0,
            61,
            132,
            133,
            137,
            187,
            190,
            232,
            262,
            266,
            267,
            277,
            301,
            332,
            334,
            335
        ],
        "length": 335
    }
}