{
    "isDeclaration": false,
    "languageVersion": "EcmaScript5",
    "sourceUnit": {
        "kind": "SourceUnit",
        "start": 549,
        "end": 847,
        "width": 298,
        "moduleElements": [
            {
                "kind": "FunctionDeclaration",
                "start": 549,
                "end": 821,
                "width": 272,
                "modifiers": [],
                "functionKeyword": {
                    "kind": "FunctionKeyword",
                    "fullStart": 0,
                    "start": 549,
                    "fullWidth": 557,
                    "width": 8,
                    "text": "function",
                    "value": "function",
                    "valueText": "function",
                    "hasLeadingTrivia": true,
                    "hasLeadingComment": true,
                    "hasLeadingNewLine": true,
                    "leadingTrivia": [
                        {
                            "kind": "SingleLineCommentTrivia",
                            "fullStart": 0,
                            "fullEnd": 65,
                            "text": "/// Copyright (c) 2012 Ecma International.  All rights reserved. "
                        },
                        {
                            "kind": "NewLineTrivia",
                            "fullStart": 65,
                            "fullEnd": 67,
                            "text": "\r\n"
                        },
                        {
                            "kind": "SingleLineCommentTrivia",
                            "fullStart": 67,
                            "fullEnd": 150,
                            "text": "/// Ecma International makes this code available under the terms and conditions set"
                        },
                        {
                            "kind": "NewLineTrivia",
                            "fullStart": 150,
                            "fullEnd": 152,
                            "text": "\r\n"
                        },
                        {
                            "kind": "SingleLineCommentTrivia",
                            "fullStart": 152,
                            "fullEnd": 230,
                            "text": "/// forth on http://hg.ecmascript.org/tests/test262/raw-file/tip/LICENSE (the "
                        },
                        {
                            "kind": "NewLineTrivia",
                            "fullStart": 230,
                            "fullEnd": 232,
                            "text": "\r\n"
                        },
                        {
                            "kind": "SingleLineCommentTrivia",
                            "fullStart": 232,
                            "fullEnd": 306,
                            "text": "/// \"Use Terms\").   Any redistribution of this code must retain the above "
                        },
                        {
                            "kind": "NewLineTrivia",
                            "fullStart": 306,
                            "fullEnd": 308,
                            "text": "\r\n"
                        },
                        {
                            "kind": "SingleLineCommentTrivia",
                            "fullStart": 308,
                            "fullEnd": 378,
                            "text": "/// copyright and this notice and otherwise comply with the Use Terms."
                        },
                        {
                            "kind": "NewLineTrivia",
                            "fullStart": 378,
                            "fullEnd": 380,
                            "text": "\r\n"
                        },
                        {
                            "kind": "MultiLineCommentTrivia",
                            "fullStart": 380,
                            "fullEnd": 543,
                            "text": "/**\r\n * @path ch15/15.4/15.4.4/15.4.4.17/15.4.4.17-7-c-i-2.js\r\n * @description Array.prototype.some - element to be retrieved is own data property on an Array\r\n */"
                        },
                        {
                            "kind": "NewLineTrivia",
                            "fullStart": 543,
                            "fullEnd": 545,
                            "text": "\r\n"
                        },
                        {
                            "kind": "NewLineTrivia",
                            "fullStart": 545,
                            "fullEnd": 547,
                            "text": "\r\n"
                        },
                        {
                            "kind": "NewLineTrivia",
                            "fullStart": 547,
                            "fullEnd": 549,
                            "text": "\r\n"
                        }
                    ]
                },
                "identifier": {
                    "kind": "IdentifierName",
                    "fullStart": 557,
                    "start": 558,
                    "fullWidth": 9,
                    "width": 8,
                    "text": "testcase",
                    "value": "testcase",
                    "valueText": "testcase",
                    "hasLeadingTrivia": true,
                    "leadingTrivia": [
                        {
                            "kind": "WhitespaceTrivia",
                            "fullStart": 557,
                            "fullEnd": 558,
                            "text": " "
                        }
                    ]
                },
                "callSignature": {
                    "kind": "CallSignature",
                    "start": 566,
                    "end": 568,
                    "width": 2,
                    "parameterList": {
                        "kind": "ParameterList",
                        "start": 566,
                        "end": 568,
                        "width": 2,
                        "openParenToken": {
                            "kind": "OpenParenToken",
                            "fullStart": 566,
                            "start": 566,
                            "fullWidth": 1,
                            "width": 1,
                            "text": "(",
                            "value": "(",
                            "valueText": "("
                        },
                        "parameters": [],
                        "closeParenToken": {
                            "kind": "CloseParenToken",
                            "fullStart": 567,
                            "start": 567,
                            "fullWidth": 1,
                            "width": 1,
                            "text": ")",
                            "value": ")",
                            "valueText": ")"
                        }
                    }
                },
                "block": {
                    "kind": "Block",
                    "start": 569,
                    "end": 821,
                    "width": 252,
                    "openBraceToken": {
                        "kind": "OpenBraceToken",
                        "fullStart": 568,
                        "start": 569,
                        "fullWidth": 2,
                        "width": 1,
                        "text": "{",
                        "value": "{",
                        "valueText": "{",
                        "hasLeadingTrivia": true,
                        "leadingTrivia": [
                            {
                                "kind": "WhitespaceTrivia",
                                "fullStart": 568,
                                "fullEnd": 569,
                                "text": " "
                            }
                        ]
                    },
                    "statements": [
                        {
                            "kind": "VariableStatement",
                            "start": 582,
                            "end": 598,
                            "width": 16,
                            "modifiers": [],
                            "variableDeclaration": {
                                "kind": "VariableDeclaration",
                                "start": 582,
                                "end": 597,
                                "width": 15,
                                "varKeyword": {
                                    "kind": "VarKeyword",
                                    "fullStart": 570,
                                    "start": 582,
                                    "fullWidth": 15,
                                    "width": 3,
                                    "text": "var",
                                    "value": "var",
                                    "valueText": "var",
                                    "hasLeadingTrivia": true,
                                    "hasLeadingNewLine": true,
                                    "leadingTrivia": [
                                        {
                                            "kind": "NewLineTrivia",
                                            "fullStart": 570,
                                            "fullEnd": 572,
                                            "text": "\r\n"
                                        },
                                        {
                                            "kind": "NewLineTrivia",
                                            "fullStart": 572,
                                            "fullEnd": 574,
                                            "text": "\r\n"
                                        },
                                        {
                                            "kind": "WhitespaceTrivia",
                                            "fullStart": 574,
                                            "fullEnd": 582,
                                            "text": "        "
                                        }
                                    ]
                                },
                                "variableDeclarators": [
                                    {
                                        "kind": "VariableDeclarator",
                                        "start": 586,
                                        "end": 597,
                                        "width": 11,
                                        "propertyName": {
                                            "kind": "IdentifierName",
                                            "fullStart": 585,
                                            "start": 586,
                                            "fullWidth": 7,
                                            "width": 6,
                                            "text": "kValue",
                                            "value": "kValue",
                                            "valueText": "kValue",
                                            "hasLeadingTrivia": true,
                                            "leadingTrivia": [
                                                {
                                                    "kind": "WhitespaceTrivia",
                                                    "fullStart": 585,
                                                    "fullEnd": 586,
                                                    "text": " "
                                                }
                                            ]
                                        },
                                        "equalsValueClause": {
                                            "kind": "EqualsValueClause",
                                            "start": 593,
                                            "end": 597,
                                            "width": 4,
                                            "equalsToken": {
                                                "kind": "EqualsToken",
                                                "fullStart": 592,
                                                "start": 593,
                                                "fullWidth": 2,
                                                "width": 1,
                                                "text": "=",
                                                "value": "=",
                                                "valueText": "=",
                                                "hasLeadingTrivia": true,
                                                "leadingTrivia": [
                                                    {
                                                        "kind": "WhitespaceTrivia",
                                                        "fullStart": 592,
                                                        "fullEnd": 593,
                                                        "text": " "
                                                    }
                                                ]
                                            },
                                            "value": {
                                                "kind": "ObjectLiteralExpression",
                                                "start": 595,
                                                "end": 597,
                                                "width": 2,
                                                "openBraceToken": {
                                                    "kind": "OpenBraceToken",
                                                    "fullStart": 594,
                                                    "start": 595,
                                                    "fullWidth": 2,
                                                    "width": 1,
                                                    "text": "{",
                                                    "value": "{",
                                                    "valueText": "{",
                                                    "hasLeadingTrivia": true,
                                                    "leadingTrivia": [
                                                        {
                                                            "kind": "WhitespaceTrivia",
                                                            "fullStart": 594,
                                                            "fullEnd": 595,
                                                            "text": " "
                                                        }
                                                    ]
                                                },
                                                "propertyAssignments": [],
                                                "closeBraceToken": {
                                                    "kind": "CloseBraceToken",
                                                    "fullStart": 596,
                                                    "start": 596,
                                                    "fullWidth": 1,
                                                    "width": 1,
                                                    "text": "}",
                                                    "value": "}",
                                                    "valueText": "}"
                                                }
                                            }
                                        }
                                    }
                                ]
                            },
                            "semicolonToken": {
                                "kind": "SemicolonToken",
                                "fullStart": 597,
                                "start": 597,
                                "fullWidth": 1,
                                "width": 1,
                                "text": ";",
                                "value": ";",
                                "valueText": ";"
                            }
                        },
                        {
                            "kind": "FunctionDeclaration",
                            "start": 610,
                            "end": 769,
                            "width": 159,
                            "modifiers": [],
                            "functionKeyword": {
                                "kind": "FunctionKeyword",
                                "fullStart": 598,
                                "start": 610,
                                "fullWidth": 20,
                                "width": 8,
                                "text": "function",
                                "value": "function",
                                "valueText": "function",
                                "hasLeadingTrivia": true,
                                "hasLeadingNewLine": true,
                                "leadingTrivia": [
                                    {
                                        "kind": "NewLineTrivia",
                                        "fullStart": 598,
                                        "fullEnd": 600,
                                        "text": "\r\n"
                                    },
                                    {
                                        "kind": "NewLineTrivia",
                                        "fullStart": 600,
                                        "fullEnd": 602,
                                        "text": "\r\n"
                                    },
                                    {
                                        "kind": "WhitespaceTrivia",
                                        "fullStart": 602,
                                        "fullEnd": 610,
                                        "text": "        "
                                    }
                                ]
                            },
                            "identifier": {
                                "kind": "IdentifierName",
                                "fullStart": 618,
                                "start": 619,
                                "fullWidth": 11,
                                "width": 10,
                                "text": "callbackfn",
                                "value": "callbackfn",
                                "valueText": "callbackfn",
                                "hasLeadingTrivia": true,
                                "leadingTrivia": [
                                    {
                                        "kind": "WhitespaceTrivia",
                                        "fullStart": 618,
                                        "fullEnd": 619,
                                        "text": " "
                                    }
                                ]
                            },
                            "callSignature": {
                                "kind": "CallSignature",
                                "start": 629,
                                "end": 644,
                                "width": 15,
                                "parameterList": {
                                    "kind": "ParameterList",
                                    "start": 629,
                                    "end": 644,
                                    "width": 15,
                                    "openParenToken": {
                                        "kind": "OpenParenToken",
                                        "fullStart": 629,
                                        "start": 629,
                                        "fullWidth": 1,
                                        "width": 1,
                                        "text": "(",
                                        "value": "(",
                                        "valueText": "("
                                    },
                                    "parameters": [
                                        {
                                            "kind": "Parameter",
                                            "start": 630,
                                            "end": 633,
                                            "width": 3,
                                            "modifiers": [],
                                            "identifier": {
                                                "kind": "IdentifierName",
                                                "fullStart": 630,
                                                "start": 630,
                                                "fullWidth": 3,
                                                "width": 3,
                                                "text": "val",
                                                "value": "val",
                                                "valueText": "val"
                                            }
                                        },
                                        {
                                            "kind": "CommaToken",
                                            "fullStart": 633,
                                            "start": 633,
                                            "fullWidth": 1,
                                            "width": 1,
                                            "text": ",",
                                            "value": ",",
                                            "valueText": ","
                                        },
                                        {
                                            "kind": "Parameter",
                                            "start": 635,
                                            "end": 638,
                                            "width": 3,
                                            "modifiers": [],
                                            "identifier": {
                                                "kind": "IdentifierName",
                                                "fullStart": 634,
                                                "start": 635,
                                                "fullWidth": 4,
                                                "width": 3,
                                                "text": "idx",
                                                "value": "idx",
                                                "valueText": "idx",
                                                "hasLeadingTrivia": true,
                                                "leadingTrivia": [
                                                    {
                                                        "kind": "WhitespaceTrivia",
                                                        "fullStart": 634,
                                                        "fullEnd": 635,
                                                        "text": " "
                                                    }
                                                ]
                                            }
                                        },
                                        {
                                            "kind": "CommaToken",
                                            "fullStart": 638,
                                            "start": 638,
                                            "fullWidth": 1,
                                            "width": 1,
                                            "text": ",",
                                            "value": ",",
                                            "valueText": ","
                                        },
                                        {
                                            "kind": "Parameter",
                                            "start": 640,
                                            "end": 643,
                                            "width": 3,
                                            "modifiers": [],
                                            "identifier": {
                                                "kind": "IdentifierName",
                                                "fullStart": 639,
                                                "start": 640,
                                                "fullWidth": 4,
                                                "width": 3,
                                                "text": "obj",
                                                "value": "obj",
                                                "valueText": "obj",
                                                "hasLeadingTrivia": true,
                                                "leadingTrivia": [
                                                    {
                                                        "kind": "WhitespaceTrivia",
                                                        "fullStart": 639,
                                                        "fullEnd": 640,
                                                        "text": " "
                                                    }
                                                ]
                                            }
                                        }
                                    ],
                                    "closeParenToken": {
                                        "kind": "CloseParenToken",
                                        "fullStart": 643,
                                        "start": 643,
                                        "fullWidth": 1,
                                        "width": 1,
                                        "text": ")",
                                        "value": ")",
                                        "valueText": ")"
                                    }
                                }
                            },
                            "block": {
                                "kind": "Block",
                                "start": 645,
                                "end": 769,
                                "width": 124,
                                "openBraceToken": {
                                    "kind": "OpenBraceToken",
                                    "fullStart": 644,
                                    "start": 645,
                                    "fullWidth": 2,
                                    "width": 1,
                                    "text": "{",
                                    "value": "{",
                                    "valueText": "{",
                                    "hasLeadingTrivia": true,
                                    "leadingTrivia": [
                                        {
                                            "kind": "WhitespaceTrivia",
                                            "fullStart": 644,
                                            "fullEnd": 645,
                                            "text": " "
                                        }
                                    ]
                                },
                                "statements": [
                                    {
                                        "kind": "IfStatement",
                                        "start": 660,
                                        "end": 731,
                                        "width": 71,
                                        "ifKeyword": {
                                            "kind": "IfKeyword",
                                            "fullStart": 646,
                                            "start": 660,
                                            "fullWidth": 16,
                                            "width": 2,
                                            "text": "if",
                                            "value": "if",
                                            "valueText": "if",
                                            "hasLeadingTrivia": true,
                                            "hasLeadingNewLine": true,
                                            "leadingTrivia": [
                                                {
                                                    "kind": "NewLineTrivia",
                                                    "fullStart": 646,
                                                    "fullEnd": 648,
                                                    "text": "\r\n"
                                                },
                                                {
                                                    "kind": "WhitespaceTrivia",
                                                    "fullStart": 648,
                                                    "fullEnd": 660,
                                                    "text": "            "
                                                }
                                            ]
                                        },
                                        "openParenToken": {
                                            "kind": "OpenParenToken",
                                            "fullStart": 662,
                                            "start": 663,
                                            "fullWidth": 2,
                                            "width": 1,
                                            "text": "(",
                                            "value": "(",
                                            "valueText": "(",
                                            "hasLeadingTrivia": true,
                                            "leadingTrivia": [
                                                {
                                                    "kind": "WhitespaceTrivia",
                                                    "fullStart": 662,
                                                    "fullEnd": 663,
                                                    "text": " "
                                                }
                                            ]
                                        },
                                        "condition": {
                                            "kind": "BinaryExpression",
                                            "start": 664,
                                            "end": 673,
                                            "width": 9,
                                            "left": {
                                                "kind": "IdentifierName",
                                                "fullStart": 664,
                                                "start": 664,
                                                "fullWidth": 3,
                                                "width": 3,
                                                "text": "idx",
                                                "value": "idx",
                                                "valueText": "idx"
                                            },
                                            "operatorToken": {
                                                "kind": "EqualsEqualsEqualsToken",
                                                "fullStart": 667,
                                                "start": 668,
                                                "fullWidth": 4,
                                                "width": 3,
                                                "text": "===",
                                                "value": "===",
                                                "valueText": "===",
                                                "hasLeadingTrivia": true,
                                                "leadingTrivia": [
                                                    {
                                                        "kind": "WhitespaceTrivia",
                                                        "fullStart": 667,
                                                        "fullEnd": 668,
                                                        "text": " "
                                                    }
                                                ]
                                            },
                                            "right": {
                                                "kind": "NumericLiteral",
                                                "fullStart": 671,
                                                "start": 672,
                                                "fullWidth": 2,
                                                "width": 1,
                                                "text": "0",
                                                "value": 0,
                                                "valueText": "0",
                                                "hasLeadingTrivia": true,
                                                "leadingTrivia": [
                                                    {
                                                        "kind": "WhitespaceTrivia",
                                                        "fullStart": 671,
                                                        "fullEnd": 672,
                                                        "text": " "
                                                    }
                                                ]
                                            }
                                        },
                                        "closeParenToken": {
                                            "kind": "CloseParenToken",
                                            "fullStart": 673,
                                            "start": 673,
                                            "fullWidth": 1,
                                            "width": 1,
                                            "text": ")",
                                            "value": ")",
                                            "valueText": ")"
                                        },
                                        "statement": {
                                            "kind": "Block",
                                            "start": 675,
                                            "end": 731,
                                            "width": 56,
                                            "openBraceToken": {
                                                "kind": "OpenBraceToken",
                                                "fullStart": 674,
                                                "start": 675,
                                                "fullWidth": 2,
                                                "width": 1,
                                                "text": "{",
                                                "value": "{",
                                                "valueText": "{",
                                                "hasLeadingTrivia": true,
                                                "leadingTrivia": [
                                                    {
                                                        "kind": "WhitespaceTrivia",
                                                        "fullStart": 674,
                                                        "fullEnd": 675,
                                                        "text": " "
                                                    }
                                                ]
                                            },
                                            "statements": [
                                                {
                                                    "kind": "ReturnStatement",
                                                    "start": 694,
                                                    "end": 716,
                                                    "width": 22,
                                                    "returnKeyword": {
                                                        "kind": "ReturnKeyword",
                                                        "fullStart": 676,
                                                        "start": 694,
                                                        "fullWidth": 24,
                                                        "width": 6,
                                                        "text": "return",
                                                        "value": "return",
                                                        "valueText": "return",
                                                        "hasLeadingTrivia": true,
                                                        "hasLeadingNewLine": true,
                                                        "leadingTrivia": [
                                                            {
                                                                "kind": "NewLineTrivia",
                                                                "fullStart": 676,
                                                                "fullEnd": 678,
                                                                "text": "\r\n"
                                                            },
                                                            {
                                                                "kind": "WhitespaceTrivia",
                                                                "fullStart": 678,
                                                                "fullEnd": 694,
                                                                "text": "                "
                                                            }
                                                        ]
                                                    },
                                                    "expression": {
                                                        "kind": "BinaryExpression",
                                                        "start": 701,
                                                        "end": 715,
                                                        "width": 14,
                                                        "left": {
                                                            "kind": "IdentifierName",
                                                            "fullStart": 700,
                                                            "start": 701,
                                                            "fullWidth": 7,
                                                            "width": 6,
                                                            "text": "kValue",
                                                            "value": "kValue",
                                                            "valueText": "kValue",
                                                            "hasLeadingTrivia": true,
                                                            "leadingTrivia": [
                                                                {
                                                                    "kind": "WhitespaceTrivia",
                                                                    "fullStart": 700,
                                                                    "fullEnd": 701,
                                                                    "text": " "
                                                                }
                                                            ]
                                                        },
                                                        "operatorToken": {
                                                            "kind": "EqualsEqualsEqualsToken",
                                                            "fullStart": 707,
                                                            "start": 708,
                                                            "fullWidth": 4,
                                                            "width": 3,
                                                            "text": "===",
                                                            "value": "===",
                                                            "valueText": "===",
                                                            "hasLeadingTrivia": true,
                                                            "leadingTrivia": [
                                                                {
                                                                    "kind": "WhitespaceTrivia",
                                                                    "fullStart": 707,
                                                                    "fullEnd": 708,
                                                                    "text": " "
                                                                }
                                                            ]
                                                        },
                                                        "right": {
                                                            "kind": "IdentifierName",
                                                            "fullStart": 711,
                                                            "start": 712,
                                                            "fullWidth": 4,
                                                            "width": 3,
                                                            "text": "val",
                                                            "value": "val",
                                                            "valueText": "val",
                                                            "hasLeadingTrivia": true,
                                                            "leadingTrivia": [
                                                                {
                                                                    "kind": "WhitespaceTrivia",
                                                                    "fullStart": 711,
                                                                    "fullEnd": 712,
                                                                    "text": " "
                                                                }
                                                            ]
                                                        }
                                                    },
                                                    "semicolonToken": {
                                                        "kind": "SemicolonToken",
                                                        "fullStart": 715,
                                                        "start": 715,
                                                        "fullWidth": 1,
                                                        "width": 1,
                                                        "text": ";",
                                                        "value": ";",
                                                        "valueText": ";"
                                                    }
                                                }
                                            ],
                                            "closeBraceToken": {
                                                "kind": "CloseBraceToken",
                                                "fullStart": 716,
                                                "start": 730,
                                                "fullWidth": 15,
                                                "width": 1,
                                                "text": "}",
                                                "value": "}",
                                                "valueText": "}",
                                                "hasLeadingTrivia": true,
                                                "hasLeadingNewLine": true,
                                                "leadingTrivia": [
                                                    {
                                                        "kind": "NewLineTrivia",
                                                        "fullStart": 716,
                                                        "fullEnd": 718,
                                                        "text": "\r\n"
                                                    },
                                                    {
                                                        "kind": "WhitespaceTrivia",
                                                        "fullStart": 718,
                                                        "fullEnd": 730,
                                                        "text": "            "
                                                    }
                                                ]
                                            }
                                        }
                                    },
                                    {
                                        "kind": "ReturnStatement",
                                        "start": 745,
                                        "end": 758,
                                        "width": 13,
                                        "returnKeyword": {
                                            "kind": "ReturnKeyword",
                                            "fullStart": 731,
                                            "start": 745,
                                            "fullWidth": 20,
                                            "width": 6,
                                            "text": "return",
                                            "value": "return",
                                            "valueText": "return",
                                            "hasLeadingTrivia": true,
                                            "hasLeadingNewLine": true,
                                            "leadingTrivia": [
                                                {
                                                    "kind": "NewLineTrivia",
                                                    "fullStart": 731,
                                                    "fullEnd": 733,
                                                    "text": "\r\n"
                                                },
                                                {
                                                    "kind": "WhitespaceTrivia",
                                                    "fullStart": 733,
                                                    "fullEnd": 745,
                                                    "text": "            "
                                                }
                                            ]
                                        },
                                        "expression": {
                                            "kind": "FalseKeyword",
                                            "fullStart": 751,
                                            "start": 752,
                                            "fullWidth": 6,
                                            "width": 5,
                                            "text": "false",
                                            "value": false,
                                            "valueText": "false",
                                            "hasLeadingTrivia": true,
                                            "leadingTrivia": [
                                                {
                                                    "kind": "WhitespaceTrivia",
                                                    "fullStart": 751,
                                                    "fullEnd": 752,
                                                    "text": " "
                                                }
                                            ]
                                        },
                                        "semicolonToken": {
                                            "kind": "SemicolonToken",
                                            "fullStart": 757,
                                            "start": 757,
                                            "fullWidth": 1,
                                            "width": 1,
                                            "text": ";",
                                            "value": ";",
                                            "valueText": ";"
                                        }
                                    }
                                ],
                                "closeBraceToken": {
                                    "kind": "CloseBraceToken",
                                    "fullStart": 758,
                                    "start": 768,
                                    "fullWidth": 11,
                                    "width": 1,
                                    "text": "}",
                                    "value": "}",
                                    "valueText": "}",
                                    "hasLeadingTrivia": true,
                                    "hasLeadingNewLine": true,
                                    "leadingTrivia": [
                                        {
                                            "kind": "NewLineTrivia",
                                            "fullStart": 758,
                                            "fullEnd": 760,
                                            "text": "\r\n"
                                        },
                                        {
                                            "kind": "WhitespaceTrivia",
                                            "fullStart": 760,
                                            "fullEnd": 768,
                                            "text": "        "
                                        }
                                    ]
                                }
                            }
                        },
                        {
                            "kind": "ReturnStatement",
                            "start": 781,
                            "end": 814,
                            "width": 33,
                            "returnKeyword": {
                                "kind": "ReturnKeyword",
                                "fullStart": 769,
                                "start": 781,
                                "fullWidth": 18,
                                "width": 6,
                                "text": "return",
                                "value": "return",
                                "valueText": "return",
                                "hasLeadingTrivia": true,
                                "hasLeadingNewLine": true,
                                "leadingTrivia": [
                                    {
                                        "kind": "NewLineTrivia",
                                        "fullStart": 769,
                                        "fullEnd": 771,
                                        "text": "\r\n"
                                    },
                                    {
                                        "kind": "NewLineTrivia",
                                        "fullStart": 771,
                                        "fullEnd": 773,
                                        "text": "\r\n"
                                    },
                                    {
                                        "kind": "WhitespaceTrivia",
                                        "fullStart": 773,
                                        "fullEnd": 781,
                                        "text": "        "
                                    }
                                ]
                            },
                            "expression": {
                                "kind": "InvocationExpression",
                                "start": 788,
                                "end": 813,
                                "width": 25,
                                "expression": {
                                    "kind": "MemberAccessExpression",
                                    "start": 788,
                                    "end": 801,
                                    "width": 13,
                                    "expression": {
                                        "kind": "ArrayLiteralExpression",
                                        "start": 788,
                                        "end": 796,
                                        "width": 8,
                                        "openBracketToken": {
                                            "kind": "OpenBracketToken",
                                            "fullStart": 787,
                                            "start": 788,
                                            "fullWidth": 2,
                                            "width": 1,
                                            "text": "[",
                                            "value": "[",
                                            "valueText": "[",
                                            "hasLeadingTrivia": true,
                                            "leadingTrivia": [
                                                {
                                                    "kind": "WhitespaceTrivia",
                                                    "fullStart": 787,
                                                    "fullEnd": 788,
                                                    "text": " "
                                                }
                                            ]
                                        },
                                        "expressions": [
                                            {
                                                "kind": "IdentifierName",
                                                "fullStart": 789,
                                                "start": 789,
                                                "fullWidth": 6,
                                                "width": 6,
                                                "text": "kValue",
                                                "value": "kValue",
                                                "valueText": "kValue"
                                            }
                                        ],
                                        "closeBracketToken": {
                                            "kind": "CloseBracketToken",
                                            "fullStart": 795,
                                            "start": 795,
                                            "fullWidth": 1,
                                            "width": 1,
                                            "text": "]",
                                            "value": "]",
                                            "valueText": "]"
                                        }
                                    },
                                    "dotToken": {
                                        "kind": "DotToken",
                                        "fullStart": 796,
                                        "start": 796,
                                        "fullWidth": 1,
                                        "width": 1,
                                        "text": ".",
                                        "value": ".",
                                        "valueText": "."
                                    },
                                    "name": {
                                        "kind": "IdentifierName",
                                        "fullStart": 797,
                                        "start": 797,
                                        "fullWidth": 4,
                                        "width": 4,
                                        "text": "some",
                                        "value": "some",
                                        "valueText": "some"
                                    }
                                },
                                "argumentList": {
                                    "kind": "ArgumentList",
                                    "start": 801,
                                    "end": 813,
                                    "width": 12,
                                    "openParenToken": {
                                        "kind": "OpenParenToken",
                                        "fullStart": 801,
                                        "start": 801,
                                        "fullWidth": 1,
                                        "width": 1,
                                        "text": "(",
                                        "value": "(",
                                        "valueText": "("
                                    },
                                    "arguments": [
                                        {
                                            "kind": "IdentifierName",
                                            "fullStart": 802,
                                            "start": 802,
                                            "fullWidth": 10,
                                            "width": 10,
                                            "text": "callbackfn",
                                            "value": "callbackfn",
                                            "valueText": "callbackfn"
                                        }
                                    ],
                                    "closeParenToken": {
                                        "kind": "CloseParenToken",
                                        "fullStart": 812,
                                        "start": 812,
                                        "fullWidth": 1,
                                        "width": 1,
                                        "text": ")",
                                        "value": ")",
                                        "valueText": ")"
                                    }
                                }
                            },
                            "semicolonToken": {
                                "kind": "SemicolonToken",
                                "fullStart": 813,
                                "start": 813,
                                "fullWidth": 1,
                                "width": 1,
                                "text": ";",
                                "value": ";",
                                "valueText": ";"
                            }
                        }
                    ],
                    "closeBraceToken": {
                        "kind": "CloseBraceToken",
                        "fullStart": 814,
                        "start": 820,
                        "fullWidth": 7,
                        "width": 1,
                        "text": "}",
                        "value": "}",
                        "valueText": "}",
                        "hasLeadingTrivia": true,
                        "hasLeadingNewLine": true,
                        "leadingTrivia": [
                            {
                                "kind": "NewLineTrivia",
                                "fullStart": 814,
                                "fullEnd": 816,
                                "text": "\r\n"
                            },
                            {
                                "kind": "WhitespaceTrivia",
                                "fullStart": 816,
                                "fullEnd": 820,
                                "text": "    "
                            }
                        ]
                    }
                }
            },
            {
                "kind": "ExpressionStatement",
                "start": 823,
                "end": 845,
                "width": 22,
                "expression": {
                    "kind": "InvocationExpression",
                    "start": 823,
                    "end": 844,
                    "width": 21,
                    "expression": {
                        "kind": "IdentifierName",
                        "fullStart": 821,
                        "start": 823,
                        "fullWidth": 13,
                        "width": 11,
                        "text": "runTestCase",
                        "value": "runTestCase",
                        "valueText": "runTestCase",
                        "hasLeadingTrivia": true,
                        "hasLeadingNewLine": true,
                        "leadingTrivia": [
                            {
                                "kind": "NewLineTrivia",
                                "fullStart": 821,
                                "fullEnd": 823,
                                "text": "\r\n"
                            }
                        ]
                    },
                    "argumentList": {
                        "kind": "ArgumentList",
                        "start": 834,
                        "end": 844,
                        "width": 10,
                        "openParenToken": {
                            "kind": "OpenParenToken",
                            "fullStart": 834,
                            "start": 834,
                            "fullWidth": 1,
                            "width": 1,
                            "text": "(",
                            "value": "(",
                            "valueText": "("
                        },
                        "arguments": [
                            {
                                "kind": "IdentifierName",
                                "fullStart": 835,
                                "start": 835,
                                "fullWidth": 8,
                                "width": 8,
                                "text": "testcase",
                                "value": "testcase",
                                "valueText": "testcase"
                            }
                        ],
                        "closeParenToken": {
                            "kind": "CloseParenToken",
                            "fullStart": 843,
                            "start": 843,
                            "fullWidth": 1,
                            "width": 1,
                            "text": ")",
                            "value": ")",
                            "valueText": ")"
                        }
                    }
                },
                "semicolonToken": {
                    "kind": "SemicolonToken",
                    "fullStart": 844,
                    "start": 844,
                    "fullWidth": 1,
                    "width": 1,
                    "text": ";",
                    "value": ";",
                    "valueText": ";"
                }
            }
        ],
        "endOfFileToken": {
            "kind": "EndOfFileToken",
            "fullStart": 845,
            "start": 847,
            "fullWidth": 2,
            "width": 0,
            "text": "",
            "hasLeadingTrivia": true,
            "hasLeadingNewLine": true,
            "leadingTrivia": [
                {
                    "kind": "NewLineTrivia",
                    "fullStart": 845,
                    "fullEnd": 847,
                    "text": "\r\n"
                }
            ]
        }
    },
    "lineMap": {
        "lineStarts": [
            0,
            67,
            152,
            232,
            308,
            380,
            385,
            443,
            540,
            545,
            547,
            549,
            572,
            574,
            600,
            602,
            648,
            678,
            718,
            733,
            760,
            771,
            773,
            816,
            823,
            847
        ],
        "length": 847
    }
}