{
    "isDeclaration": false,
    "languageVersion": "EcmaScript5",
    "sourceUnit": {
        "kind": "SourceUnit",
        "start": 581,
        "end": 913,
        "width": 332,
        "moduleElements": [
            {
                "kind": "FunctionDeclaration",
                "start": 581,
                "end": 887,
                "width": 306,
                "functionKeyword": {
                    "kind": "FunctionKeyword",
                    "fullStart": 0,
                    "start": 581,
                    "fullWidth": 589,
                    "width": 8,
                    "text": "function",
                    "value": "function",
                    "valueText": "function",
                    "hasLeadingTrivia": true,
                    "hasLeadingComment": true,
                    "hasLeadingNewLine": true,
                    "leadingTrivia": [
                        {
                            "kind": "SingleLineCommentTrivia",
                            "fullStart": 0,
                            "fullEnd": 65,
                            "text": "/// Copyright (c) 2012 Ecma International.  All rights reserved. "
                        },
                        {
                            "kind": "NewLineTrivia",
                            "fullStart": 65,
                            "fullEnd": 67,
                            "text": "\r\n"
                        },
                        {
                            "kind": "SingleLineCommentTrivia",
                            "fullStart": 67,
                            "fullEnd": 150,
                            "text": "/// Ecma International makes this code available under the terms and conditions set"
                        },
                        {
                            "kind": "NewLineTrivia",
                            "fullStart": 150,
                            "fullEnd": 152,
                            "text": "\r\n"
                        },
                        {
                            "kind": "SingleLineCommentTrivia",
                            "fullStart": 152,
                            "fullEnd": 230,
                            "text": "/// forth on http://hg.ecmascript.org/tests/test262/raw-file/tip/LICENSE (the "
                        },
                        {
                            "kind": "NewLineTrivia",
                            "fullStart": 230,
                            "fullEnd": 232,
                            "text": "\r\n"
                        },
                        {
                            "kind": "SingleLineCommentTrivia",
                            "fullStart": 232,
                            "fullEnd": 306,
                            "text": "/// \"Use Terms\").   Any redistribution of this code must retain the above "
                        },
                        {
                            "kind": "NewLineTrivia",
                            "fullStart": 306,
                            "fullEnd": 308,
                            "text": "\r\n"
                        },
                        {
                            "kind": "SingleLineCommentTrivia",
                            "fullStart": 308,
                            "fullEnd": 378,
                            "text": "/// copyright and this notice and otherwise comply with the Use Terms."
                        },
                        {
                            "kind": "NewLineTrivia",
                            "fullStart": 378,
                            "fullEnd": 380,
                            "text": "\r\n"
                        },
                        {
                            "kind": "MultiLineCommentTrivia",
                            "fullStart": 380,
                            "fullEnd": 575,
                            "text": "/**\r\n * @path ch15/15.2/15.2.3/15.2.3.3/15.2.3.3-4-32.js\r\n * @description Object.getOwnPropertyDescriptor returns data desc for functions on built-ins (Object.prototype.propertyIsEnumerable)\r\n */"
                        },
                        {
                            "kind": "NewLineTrivia",
                            "fullStart": 575,
                            "fullEnd": 577,
                            "text": "\r\n"
                        },
                        {
                            "kind": "NewLineTrivia",
                            "fullStart": 577,
                            "fullEnd": 579,
                            "text": "\r\n"
                        },
                        {
                            "kind": "NewLineTrivia",
                            "fullStart": 579,
                            "fullEnd": 581,
                            "text": "\r\n"
                        }
                    ]
                },
                "identifier": {
                    "kind": "IdentifierName",
                    "fullStart": 589,
                    "start": 590,
                    "fullWidth": 9,
                    "width": 8,
                    "text": "testcase",
                    "value": "testcase",
                    "valueText": "testcase",
                    "hasLeadingTrivia": true,
                    "leadingTrivia": [
                        {
                            "kind": "WhitespaceTrivia",
                            "fullStart": 589,
                            "fullEnd": 590,
                            "text": " "
                        }
                    ]
                },
                "callSignature": {
                    "kind": "CallSignature",
                    "start": 598,
                    "end": 600,
                    "width": 2,
                    "parameterList": {
                        "kind": "ParameterList",
                        "start": 598,
                        "end": 600,
                        "width": 2,
                        "openParenToken": {
                            "kind": "OpenParenToken",
                            "fullStart": 598,
                            "start": 598,
                            "fullWidth": 1,
                            "width": 1,
                            "text": "(",
                            "value": "(",
                            "valueText": "("
                        },
                        "closeParenToken": {
                            "kind": "CloseParenToken",
                            "fullStart": 599,
                            "start": 599,
                            "fullWidth": 1,
                            "width": 1,
                            "text": ")",
                            "value": ")",
                            "valueText": ")"
                        }
                    }
                },
                "body": {
                    "kind": "Block",
                    "start": 601,
                    "end": 887,
                    "width": 286,
                    "openBraceToken": {
                        "kind": "OpenBraceToken",
                        "fullStart": 600,
                        "start": 601,
                        "fullWidth": 2,
                        "width": 1,
                        "text": "{",
                        "value": "{",
                        "valueText": "{",
                        "hasLeadingTrivia": true,
                        "leadingTrivia": [
                            {
                                "kind": "WhitespaceTrivia",
                                "fullStart": 600,
                                "fullEnd": 601,
                                "text": " "
                            }
                        ]
                    },
                    "statements": [
                        {
                            "kind": "VariableStatement",
                            "start": 606,
                            "end": 691,
                            "width": 85,
                            "variableDeclaration": {
                                "kind": "VariableDeclaration",
                                "start": 606,
                                "end": 690,
                                "width": 84,
                                "varKeyword": {
                                    "kind": "VarKeyword",
                                    "fullStart": 602,
                                    "start": 606,
                                    "fullWidth": 7,
                                    "width": 3,
                                    "text": "var",
                                    "value": "var",
                                    "valueText": "var",
                                    "hasLeadingTrivia": true,
                                    "hasLeadingNewLine": true,
                                    "leadingTrivia": [
                                        {
                                            "kind": "NewLineTrivia",
                                            "fullStart": 602,
                                            "fullEnd": 604,
                                            "text": "\r\n"
                                        },
                                        {
                                            "kind": "WhitespaceTrivia",
                                            "fullStart": 604,
                                            "fullEnd": 606,
                                            "text": "  "
                                        }
                                    ]
                                },
                                "variableDeclarators": [
                                    {
                                        "kind": "VariableDeclarator",
                                        "start": 610,
                                        "end": 690,
                                        "width": 80,
                                        "propertyName": {
                                            "kind": "IdentifierName",
                                            "fullStart": 609,
                                            "start": 610,
                                            "fullWidth": 5,
                                            "width": 4,
                                            "text": "desc",
                                            "value": "desc",
                                            "valueText": "desc",
                                            "hasLeadingTrivia": true,
                                            "leadingTrivia": [
                                                {
                                                    "kind": "WhitespaceTrivia",
                                                    "fullStart": 609,
                                                    "fullEnd": 610,
                                                    "text": " "
                                                }
                                            ]
                                        },
                                        "equalsValueClause": {
                                            "kind": "EqualsValueClause",
                                            "start": 615,
                                            "end": 690,
                                            "width": 75,
                                            "equalsToken": {
                                                "kind": "EqualsToken",
                                                "fullStart": 614,
                                                "start": 615,
                                                "fullWidth": 2,
                                                "width": 1,
                                                "text": "=",
                                                "value": "=",
                                                "valueText": "=",
                                                "hasLeadingTrivia": true,
                                                "leadingTrivia": [
                                                    {
                                                        "kind": "WhitespaceTrivia",
                                                        "fullStart": 614,
                                                        "fullEnd": 615,
                                                        "text": " "
                                                    }
                                                ]
                                            },
                                            "value": {
                                                "kind": "InvocationExpression",
                                                "start": 617,
                                                "end": 690,
                                                "width": 73,
                                                "expression": {
                                                    "kind": "MemberAccessExpression",
                                                    "start": 617,
                                                    "end": 648,
                                                    "width": 31,
                                                    "expression": {
                                                        "kind": "IdentifierName",
                                                        "fullStart": 616,
                                                        "start": 617,
                                                        "fullWidth": 7,
                                                        "width": 6,
                                                        "text": "Object",
                                                        "value": "Object",
                                                        "valueText": "Object",
                                                        "hasLeadingTrivia": true,
                                                        "leadingTrivia": [
                                                            {
                                                                "kind": "WhitespaceTrivia",
                                                                "fullStart": 616,
                                                                "fullEnd": 617,
                                                                "text": " "
                                                            }
                                                        ]
                                                    },
                                                    "dotToken": {
                                                        "kind": "DotToken",
                                                        "fullStart": 623,
                                                        "start": 623,
                                                        "fullWidth": 1,
                                                        "width": 1,
                                                        "text": ".",
                                                        "value": ".",
                                                        "valueText": "."
                                                    },
                                                    "name": {
                                                        "kind": "IdentifierName",
                                                        "fullStart": 624,
                                                        "start": 624,
                                                        "fullWidth": 24,
                                                        "width": 24,
                                                        "text": "getOwnPropertyDescriptor",
                                                        "value": "getOwnPropertyDescriptor",
                                                        "valueText": "getOwnPropertyDescriptor"
                                                    }
                                                },
                                                "argumentList": {
                                                    "kind": "ArgumentList",
                                                    "start": 648,
                                                    "end": 690,
                                                    "width": 42,
                                                    "openParenToken": {
                                                        "kind": "OpenParenToken",
                                                        "fullStart": 648,
                                                        "start": 648,
                                                        "fullWidth": 1,
                                                        "width": 1,
                                                        "text": "(",
                                                        "value": "(",
                                                        "valueText": "("
                                                    },
                                                    "arguments": [
                                                        {
                                                            "kind": "MemberAccessExpression",
                                                            "start": 649,
                                                            "end": 665,
                                                            "width": 16,
                                                            "expression": {
                                                                "kind": "IdentifierName",
                                                                "fullStart": 649,
                                                                "start": 649,
                                                                "fullWidth": 6,
                                                                "width": 6,
                                                                "text": "Object",
                                                                "value": "Object",
                                                                "valueText": "Object"
                                                            },
                                                            "dotToken": {
                                                                "kind": "DotToken",
                                                                "fullStart": 655,
                                                                "start": 655,
                                                                "fullWidth": 1,
                                                                "width": 1,
                                                                "text": ".",
                                                                "value": ".",
                                                                "valueText": "."
                                                            },
                                                            "name": {
                                                                "kind": "IdentifierName",
                                                                "fullStart": 656,
                                                                "start": 656,
                                                                "fullWidth": 9,
                                                                "width": 9,
                                                                "text": "prototype",
                                                                "value": "prototype",
                                                                "valueText": "prototype"
                                                            }
                                                        },
                                                        {
                                                            "kind": "CommaToken",
                                                            "fullStart": 665,
                                                            "start": 665,
                                                            "fullWidth": 1,
                                                            "width": 1,
                                                            "text": ",",
                                                            "value": ",",
                                                            "valueText": ","
                                                        },
                                                        {
                                                            "kind": "StringLiteral",
                                                            "fullStart": 666,
                                                            "start": 667,
                                                            "fullWidth": 23,
                                                            "width": 22,
                                                            "text": "\"propertyIsEnumerable\"",
                                                            "value": "propertyIsEnumerable",
                                                            "valueText": "propertyIsEnumerable",
                                                            "hasLeadingTrivia": true,
                                                            "leadingTrivia": [
                                                                {
                                                                    "kind": "WhitespaceTrivia",
                                                                    "fullStart": 666,
                                                                    "fullEnd": 667,
                                                                    "text": " "
                                                                }
                                                            ]
                                                        }
                                                    ],
                                                    "closeParenToken": {
                                                        "kind": "CloseParenToken",
                                                        "fullStart": 689,
                                                        "start": 689,
                                                        "fullWidth": 1,
                                                        "width": 1,
                                                        "text": ")",
                                                        "value": ")",
                                                        "valueText": ")"
                                                    }
                                                }
                                            }
                                        }
                                    }
                                ]
                            },
                            "semicolonToken": {
                                "kind": "SemicolonToken",
                                "fullStart": 690,
                                "start": 690,
                                "fullWidth": 1,
                                "width": 1,
                                "text": ";",
                                "value": ";",
                                "valueText": ";"
                            }
                        },
                        {
                            "kind": "IfStatement",
                            "start": 695,
                            "end": 883,
                            "width": 188,
                            "ifKeyword": {
                                "kind": "IfKeyword",
                                "fullStart": 691,
                                "start": 695,
                                "fullWidth": 6,
                                "width": 2,
                                "text": "if",
                                "value": "if",
                                "valueText": "if",
                                "hasLeadingTrivia": true,
                                "hasLeadingNewLine": true,
                                "leadingTrivia": [
                                    {
                                        "kind": "NewLineTrivia",
                                        "fullStart": 691,
                                        "fullEnd": 693,
                                        "text": "\r\n"
                                    },
                                    {
                                        "kind": "WhitespaceTrivia",
                                        "fullStart": 693,
                                        "fullEnd": 695,
                                        "text": "  "
                                    }
                                ]
                            },
                            "openParenToken": {
                                "kind": "OpenParenToken",
                                "fullStart": 697,
                                "start": 698,
                                "fullWidth": 2,
                                "width": 1,
                                "text": "(",
                                "value": "(",
                                "valueText": "(",
                                "hasLeadingTrivia": true,
                                "leadingTrivia": [
                                    {
                                        "kind": "WhitespaceTrivia",
                                        "fullStart": 697,
                                        "fullEnd": 698,
                                        "text": " "
                                    }
                                ]
                            },
                            "condition": {
                                "kind": "BinaryExpression",
                                "start": 699,
                                "end": 857,
                                "width": 158,
                                "left": {
                                    "kind": "BinaryExpression",
                                    "start": 699,
                                    "end": 820,
                                    "width": 121,
                                    "left": {
                                        "kind": "BinaryExpression",
                                        "start": 699,
                                        "end": 784,
                                        "width": 85,
                                        "left": {
                                            "kind": "BinaryExpression",
                                            "start": 699,
                                            "end": 751,
                                            "width": 52,
                                            "left": {
                                                "kind": "MemberAccessExpression",
                                                "start": 699,
                                                "end": 709,
                                                "width": 10,
                                                "expression": {
                                                    "kind": "IdentifierName",
                                                    "fullStart": 699,
                                                    "start": 699,
                                                    "fullWidth": 4,
                                                    "width": 4,
                                                    "text": "desc",
                                                    "value": "desc",
                                                    "valueText": "desc"
                                                },
                                                "dotToken": {
                                                    "kind": "DotToken",
                                                    "fullStart": 703,
                                                    "start": 703,
                                                    "fullWidth": 1,
                                                    "width": 1,
                                                    "text": ".",
                                                    "value": ".",
                                                    "valueText": "."
                                                },
                                                "name": {
                                                    "kind": "IdentifierName",
                                                    "fullStart": 704,
                                                    "start": 704,
                                                    "fullWidth": 5,
                                                    "width": 5,
                                                    "text": "value",
                                                    "value": "value",
                                                    "valueText": "value"
                                                }
                                            },
                                            "operatorToken": {
                                                "kind": "EqualsEqualsEqualsToken",
                                                "fullStart": 709,
                                                "start": 710,
                                                "fullWidth": 4,
                                                "width": 3,
                                                "text": "===",
                                                "value": "===",
                                                "valueText": "===",
                                                "hasLeadingTrivia": true,
                                                "leadingTrivia": [
                                                    {
                                                        "kind": "WhitespaceTrivia",
                                                        "fullStart": 709,
                                                        "fullEnd": 710,
                                                        "text": " "
                                                    }
                                                ]
                                            },
                                            "right": {
                                                "kind": "MemberAccessExpression",
                                                "start": 714,
                                                "end": 751,
                                                "width": 37,
                                                "expression": {
                                                    "kind": "MemberAccessExpression",
                                                    "start": 714,
                                                    "end": 730,
                                                    "width": 16,
                                                    "expression": {
                                                        "kind": "IdentifierName",
                                                        "fullStart": 713,
                                                        "start": 714,
                                                        "fullWidth": 7,
                                                        "width": 6,
                                                        "text": "Object",
                                                        "value": "Object",
                                                        "valueText": "Object",
                                                        "hasLeadingTrivia": true,
                                                        "leadingTrivia": [
                                                            {
                                                                "kind": "WhitespaceTrivia",
                                                                "fullStart": 713,
                                                                "fullEnd": 714,
                                                                "text": " "
                                                            }
                                                        ]
                                                    },
                                                    "dotToken": {
                                                        "kind": "DotToken",
                                                        "fullStart": 720,
                                                        "start": 720,
                                                        "fullWidth": 1,
                                                        "width": 1,
                                                        "text": ".",
                                                        "value": ".",
                                                        "valueText": "."
                                                    },
                                                    "name": {
                                                        "kind": "IdentifierName",
                                                        "fullStart": 721,
                                                        "start": 721,
                                                        "fullWidth": 9,
                                                        "width": 9,
                                                        "text": "prototype",
                                                        "value": "prototype",
                                                        "valueText": "prototype"
                                                    }
                                                },
                                                "dotToken": {
                                                    "kind": "DotToken",
                                                    "fullStart": 730,
                                                    "start": 730,
                                                    "fullWidth": 1,
                                                    "width": 1,
                                                    "text": ".",
                                                    "value": ".",
                                                    "valueText": "."
                                                },
                                                "name": {
                                                    "kind": "IdentifierName",
                                                    "fullStart": 731,
                                                    "start": 731,
                                                    "fullWidth": 20,
                                                    "width": 20,
                                                    "text": "propertyIsEnumerable",
                                                    "value": "propertyIsEnumerable",
                                                    "valueText": "propertyIsEnumerable"
                                                }
                                            }
                                        },
                                        "operatorToken": {
                                            "kind": "AmpersandAmpersandToken",
                                            "fullStart": 751,
                                            "start": 752,
                                            "fullWidth": 3,
                                            "width": 2,
                                            "text": "&&",
                                            "value": "&&",
                                            "valueText": "&&",
                                            "hasLeadingTrivia": true,
                                            "leadingTrivia": [
                                                {
                                                    "kind": "WhitespaceTrivia",
                                                    "fullStart": 751,
                                                    "fullEnd": 752,
                                                    "text": " "
                                                }
                                            ]
                                        },
                                        "right": {
                                            "kind": "BinaryExpression",
                                            "start": 762,
                                            "end": 784,
                                            "width": 22,
                                            "left": {
                                                "kind": "MemberAccessExpression",
                                                "start": 762,
                                                "end": 775,
                                                "width": 13,
                                                "expression": {
                                                    "kind": "IdentifierName",
                                                    "fullStart": 754,
                                                    "start": 762,
                                                    "fullWidth": 12,
                                                    "width": 4,
                                                    "text": "desc",
                                                    "value": "desc",
                                                    "valueText": "desc",
                                                    "hasLeadingTrivia": true,
                                                    "hasLeadingNewLine": true,
                                                    "leadingTrivia": [
                                                        {
                                                            "kind": "NewLineTrivia",
                                                            "fullStart": 754,
                                                            "fullEnd": 756,
                                                            "text": "\r\n"
                                                        },
                                                        {
                                                            "kind": "WhitespaceTrivia",
                                                            "fullStart": 756,
                                                            "fullEnd": 762,
                                                            "text": "      "
                                                        }
                                                    ]
                                                },
                                                "dotToken": {
                                                    "kind": "DotToken",
                                                    "fullStart": 766,
                                                    "start": 766,
                                                    "fullWidth": 1,
                                                    "width": 1,
                                                    "text": ".",
                                                    "value": ".",
                                                    "valueText": "."
                                                },
                                                "name": {
                                                    "kind": "IdentifierName",
                                                    "fullStart": 767,
                                                    "start": 767,
                                                    "fullWidth": 8,
                                                    "width": 8,
                                                    "text": "writable",
                                                    "value": "writable",
                                                    "valueText": "writable"
                                                }
                                            },
                                            "operatorToken": {
                                                "kind": "EqualsEqualsEqualsToken",
                                                "fullStart": 775,
                                                "start": 776,
                                                "fullWidth": 4,
                                                "width": 3,
                                                "text": "===",
                                                "value": "===",
                                                "valueText": "===",
                                                "hasLeadingTrivia": true,
                                                "leadingTrivia": [
                                                    {
                                                        "kind": "WhitespaceTrivia",
                                                        "fullStart": 775,
                                                        "fullEnd": 776,
                                                        "text": " "
                                                    }
                                                ]
                                            },
                                            "right": {
                                                "kind": "TrueKeyword",
                                                "fullStart": 779,
                                                "start": 780,
                                                "fullWidth": 5,
                                                "width": 4,
                                                "text": "true",
                                                "value": true,
                                                "valueText": "true",
                                                "hasLeadingTrivia": true,
                                                "leadingTrivia": [
                                                    {
                                                        "kind": "WhitespaceTrivia",
                                                        "fullStart": 779,
                                                        "fullEnd": 780,
                                                        "text": " "
                                                    }
                                                ]
                                            }
                                        }
                                    },
                                    "operatorToken": {
                                        "kind": "AmpersandAmpersandToken",
                                        "fullStart": 784,
                                        "start": 785,
                                        "fullWidth": 3,
                                        "width": 2,
                                        "text": "&&",
                                        "value": "&&",
                                        "valueText": "&&",
                                        "hasLeadingTrivia": true,
                                        "leadingTrivia": [
                                            {
                                                "kind": "WhitespaceTrivia",
                                                "fullStart": 784,
                                                "fullEnd": 785,
                                                "text": " "
                                            }
                                        ]
                                    },
                                    "right": {
                                        "kind": "BinaryExpression",
                                        "start": 795,
                                        "end": 820,
                                        "width": 25,
                                        "left": {
                                            "kind": "MemberAccessExpression",
                                            "start": 795,
                                            "end": 810,
                                            "width": 15,
                                            "expression": {
                                                "kind": "IdentifierName",
                                                "fullStart": 787,
                                                "start": 795,
                                                "fullWidth": 12,
                                                "width": 4,
                                                "text": "desc",
                                                "value": "desc",
                                                "valueText": "desc",
                                                "hasLeadingTrivia": true,
                                                "hasLeadingNewLine": true,
                                                "leadingTrivia": [
                                                    {
                                                        "kind": "NewLineTrivia",
                                                        "fullStart": 787,
                                                        "fullEnd": 789,
                                                        "text": "\r\n"
                                                    },
                                                    {
                                                        "kind": "WhitespaceTrivia",
                                                        "fullStart": 789,
                                                        "fullEnd": 795,
                                                        "text": "      "
                                                    }
                                                ]
                                            },
                                            "dotToken": {
                                                "kind": "DotToken",
                                                "fullStart": 799,
                                                "start": 799,
                                                "fullWidth": 1,
                                                "width": 1,
                                                "text": ".",
                                                "value": ".",
                                                "valueText": "."
                                            },
                                            "name": {
                                                "kind": "IdentifierName",
                                                "fullStart": 800,
                                                "start": 800,
                                                "fullWidth": 10,
                                                "width": 10,
                                                "text": "enumerable",
                                                "value": "enumerable",
                                                "valueText": "enumerable"
                                            }
                                        },
                                        "operatorToken": {
                                            "kind": "EqualsEqualsEqualsToken",
                                            "fullStart": 810,
                                            "start": 811,
                                            "fullWidth": 4,
                                            "width": 3,
                                            "text": "===",
                                            "value": "===",
                                            "valueText": "===",
                                            "hasLeadingTrivia": true,
                                            "leadingTrivia": [
                                                {
                                                    "kind": "WhitespaceTrivia",
                                                    "fullStart": 810,
                                                    "fullEnd": 811,
                                                    "text": " "
                                                }
                                            ]
                                        },
                                        "right": {
                                            "kind": "FalseKeyword",
                                            "fullStart": 814,
                                            "start": 815,
                                            "fullWidth": 6,
                                            "width": 5,
                                            "text": "false",
                                            "value": false,
                                            "valueText": "false",
                                            "hasLeadingTrivia": true,
                                            "leadingTrivia": [
                                                {
                                                    "kind": "WhitespaceTrivia",
                                                    "fullStart": 814,
                                                    "fullEnd": 815,
                                                    "text": " "
                                                }
                                            ]
                                        }
                                    }
                                },
                                "operatorToken": {
                                    "kind": "AmpersandAmpersandToken",
                                    "fullStart": 820,
                                    "start": 821,
                                    "fullWidth": 3,
                                    "width": 2,
                                    "text": "&&",
                                    "value": "&&",
                                    "valueText": "&&",
                                    "hasLeadingTrivia": true,
                                    "leadingTrivia": [
                                        {
                                            "kind": "WhitespaceTrivia",
                                            "fullStart": 820,
                                            "fullEnd": 821,
                                            "text": " "
                                        }
                                    ]
                                },
                                "right": {
                                    "kind": "BinaryExpression",
                                    "start": 831,
                                    "end": 857,
                                    "width": 26,
                                    "left": {
                                        "kind": "MemberAccessExpression",
                                        "start": 831,
                                        "end": 848,
                                        "width": 17,
                                        "expression": {
                                            "kind": "IdentifierName",
                                            "fullStart": 823,
                                            "start": 831,
                                            "fullWidth": 12,
                                            "width": 4,
                                            "text": "desc",
                                            "value": "desc",
                                            "valueText": "desc",
                                            "hasLeadingTrivia": true,
                                            "hasLeadingNewLine": true,
                                            "leadingTrivia": [
                                                {
                                                    "kind": "NewLineTrivia",
                                                    "fullStart": 823,
                                                    "fullEnd": 825,
                                                    "text": "\r\n"
                                                },
                                                {
                                                    "kind": "WhitespaceTrivia",
                                                    "fullStart": 825,
                                                    "fullEnd": 831,
                                                    "text": "      "
                                                }
                                            ]
                                        },
                                        "dotToken": {
                                            "kind": "DotToken",
                                            "fullStart": 835,
                                            "start": 835,
                                            "fullWidth": 1,
                                            "width": 1,
                                            "text": ".",
                                            "value": ".",
                                            "valueText": "."
                                        },
                                        "name": {
                                            "kind": "IdentifierName",
                                            "fullStart": 836,
                                            "start": 836,
                                            "fullWidth": 12,
                                            "width": 12,
                                            "text": "configurable",
                                            "value": "configurable",
                                            "valueText": "configurable"
                                        }
                                    },
                                    "operatorToken": {
                                        "kind": "EqualsEqualsEqualsToken",
                                        "fullStart": 848,
                                        "start": 849,
                                        "fullWidth": 4,
                                        "width": 3,
                                        "text": "===",
                                        "value": "===",
                                        "valueText": "===",
                                        "hasLeadingTrivia": true,
                                        "leadingTrivia": [
                                            {
                                                "kind": "WhitespaceTrivia",
                                                "fullStart": 848,
                                                "fullEnd": 849,
                                                "text": " "
                                            }
                                        ]
                                    },
                                    "right": {
                                        "kind": "TrueKeyword",
                                        "fullStart": 852,
                                        "start": 853,
                                        "fullWidth": 5,
                                        "width": 4,
                                        "text": "true",
                                        "value": true,
                                        "valueText": "true",
                                        "hasLeadingTrivia": true,
                                        "leadingTrivia": [
                                            {
                                                "kind": "WhitespaceTrivia",
                                                "fullStart": 852,
                                                "fullEnd": 853,
                                                "text": " "
                                            }
                                        ]
                                    }
                                }
                            },
                            "closeParenToken": {
                                "kind": "CloseParenToken",
                                "fullStart": 857,
                                "start": 857,
                                "fullWidth": 1,
                                "width": 1,
                                "text": ")",
                                "value": ")",
                                "valueText": ")"
                            },
                            "statement": {
                                "kind": "Block",
                                "start": 859,
                                "end": 883,
                                "width": 24,
                                "openBraceToken": {
                                    "kind": "OpenBraceToken",
                                    "fullStart": 858,
                                    "start": 859,
                                    "fullWidth": 2,
                                    "width": 1,
                                    "text": "{",
                                    "value": "{",
                                    "valueText": "{",
                                    "hasLeadingTrivia": true,
                                    "leadingTrivia": [
                                        {
                                            "kind": "WhitespaceTrivia",
                                            "fullStart": 858,
                                            "fullEnd": 859,
                                            "text": " "
                                        }
                                    ]
                                },
                                "statements": [
                                    {
                                        "kind": "ReturnStatement",
                                        "start": 866,
                                        "end": 878,
                                        "width": 12,
                                        "returnKeyword": {
                                            "kind": "ReturnKeyword",
                                            "fullStart": 860,
                                            "start": 866,
                                            "fullWidth": 12,
                                            "width": 6,
                                            "text": "return",
                                            "value": "return",
                                            "valueText": "return",
                                            "hasLeadingTrivia": true,
                                            "hasLeadingNewLine": true,
                                            "leadingTrivia": [
                                                {
                                                    "kind": "NewLineTrivia",
                                                    "fullStart": 860,
                                                    "fullEnd": 862,
                                                    "text": "\r\n"
                                                },
                                                {
                                                    "kind": "WhitespaceTrivia",
                                                    "fullStart": 862,
                                                    "fullEnd": 866,
                                                    "text": "    "
                                                }
                                            ]
                                        },
                                        "expression": {
                                            "kind": "TrueKeyword",
                                            "fullStart": 872,
                                            "start": 873,
                                            "fullWidth": 5,
                                            "width": 4,
                                            "text": "true",
                                            "value": true,
                                            "valueText": "true",
                                            "hasLeadingTrivia": true,
                                            "leadingTrivia": [
                                                {
                                                    "kind": "WhitespaceTrivia",
                                                    "fullStart": 872,
                                                    "fullEnd": 873,
                                                    "text": " "
                                                }
                                            ]
                                        },
                                        "semicolonToken": {
                                            "kind": "SemicolonToken",
                                            "fullStart": 877,
                                            "start": 877,
                                            "fullWidth": 1,
                                            "width": 1,
                                            "text": ";",
                                            "value": ";",
                                            "valueText": ";"
                                        }
                                    }
                                ],
                                "closeBraceToken": {
                                    "kind": "CloseBraceToken",
                                    "fullStart": 878,
                                    "start": 882,
                                    "fullWidth": 5,
                                    "width": 1,
                                    "text": "}",
                                    "value": "}",
                                    "valueText": "}",
                                    "hasLeadingTrivia": true,
                                    "hasLeadingNewLine": true,
                                    "leadingTrivia": [
                                        {
                                            "kind": "NewLineTrivia",
                                            "fullStart": 878,
                                            "fullEnd": 880,
                                            "text": "\r\n"
                                        },
                                        {
                                            "kind": "WhitespaceTrivia",
                                            "fullStart": 880,
                                            "fullEnd": 882,
                                            "text": "  "
                                        }
                                    ]
                                }
                            }
                        }
                    ],
                    "closeBraceToken": {
                        "kind": "CloseBraceToken",
                        "fullStart": 883,
                        "start": 886,
                        "fullWidth": 4,
                        "width": 1,
                        "text": "}",
                        "value": "}",
                        "valueText": "}",
                        "hasLeadingTrivia": true,
                        "hasLeadingNewLine": true,
                        "leadingTrivia": [
                            {
                                "kind": "NewLineTrivia",
                                "fullStart": 883,
                                "fullEnd": 885,
                                "text": "\r\n"
                            },
                            {
                                "kind": "WhitespaceTrivia",
                                "fullStart": 885,
                                "fullEnd": 886,
                                "text": " "
                            }
                        ]
                    }
                }
            },
            {
                "kind": "ExpressionStatement",
                "start": 889,
                "end": 911,
                "width": 22,
                "expression": {
                    "kind": "InvocationExpression",
                    "start": 889,
                    "end": 910,
                    "width": 21,
                    "expression": {
                        "kind": "IdentifierName",
                        "fullStart": 887,
                        "start": 889,
                        "fullWidth": 13,
                        "width": 11,
                        "text": "runTestCase",
                        "value": "runTestCase",
                        "valueText": "runTestCase",
                        "hasLeadingTrivia": true,
                        "hasLeadingNewLine": true,
                        "leadingTrivia": [
                            {
                                "kind": "NewLineTrivia",
                                "fullStart": 887,
                                "fullEnd": 889,
                                "text": "\r\n"
                            }
                        ]
                    },
                    "argumentList": {
                        "kind": "ArgumentList",
                        "start": 900,
                        "end": 910,
                        "width": 10,
                        "openParenToken": {
                            "kind": "OpenParenToken",
                            "fullStart": 900,
                            "start": 900,
                            "fullWidth": 1,
                            "width": 1,
                            "text": "(",
                            "value": "(",
                            "valueText": "("
                        },
                        "arguments": [
                            {
                                "kind": "IdentifierName",
                                "fullStart": 901,
                                "start": 901,
                                "fullWidth": 8,
                                "width": 8,
                                "text": "testcase",
                                "value": "testcase",
                                "valueText": "testcase"
                            }
                        ],
                        "closeParenToken": {
                            "kind": "CloseParenToken",
                            "fullStart": 909,
                            "start": 909,
                            "fullWidth": 1,
                            "width": 1,
                            "text": ")",
                            "value": ")",
                            "valueText": ")"
                        }
                    }
                },
                "semicolonToken": {
                    "kind": "SemicolonToken",
                    "fullStart": 910,
                    "start": 910,
                    "fullWidth": 1,
                    "width": 1,
                    "text": ";",
                    "value": ";",
                    "valueText": ";"
                }
            }
        ],
        "endOfFileToken": {
            "kind": "EndOfFileToken",
            "fullStart": 911,
            "start": 913,
            "fullWidth": 2,
            "width": 0,
            "text": "",
            "hasLeadingTrivia": true,
            "hasLeadingNewLine": true,
            "leadingTrivia": [
                {
                    "kind": "NewLineTrivia",
                    "fullStart": 911,
                    "fullEnd": 913,
                    "text": "\r\n"
                }
            ]
        }
    },
    "lineMap": {
        "lineStarts": [
            0,
            67,
            152,
            232,
            308,
            380,
            385,
            438,
            572,
            577,
            579,
            581,
            604,
            693,
            756,
            789,
            825,
            862,
            880,
            885,
            889,
            913
        ],
        "length": 913
    }
}