{
    "isDeclaration": false,
    "languageVersion": "EcmaScript5",
    "sourceUnit": {
        "kind": "SourceUnit",
        "fullStart": 0,
        "fullEnd": 604,
        "start": 315,
        "fullWidth": 604,
        "width": 289,
        "moduleElements": [
            {
                "kind": "IfStatement",
                "fullStart": 0,
                "fullEnd": 403,
                "start": 315,
                "fullWidth": 403,
                "width": 88,
                "ifKeyword": {
                    "kind": "IfKeyword",
                    "fullStart": 0,
                    "start": 315,
                    "fullWidth": 317,
                    "width": 2,
                    "text": "if",
                    "value": "if",
                    "valueText": "if",
                    "hasLeadingTrivia": true,
                    "hasLeadingComment": true,
                    "hasLeadingNewLine": true,
                    "leadingTrivia": [
                        {
                            "kind": "SingleLineCommentTrivia",
                            "fullStart": 0,
                            "fullEnd": 60,
                            "text": "// Copyright 2009 the Sputnik authors.  All rights reserved."
                        },
                        {
                            "kind": "NewLineTrivia",
                            "fullStart": 60,
                            "fullEnd": 61,
                            "text": "\n"
                        },
                        {
                            "kind": "SingleLineCommentTrivia",
                            "fullStart": 61,
                            "fullEnd": 131,
                            "text": "// This code is governed by the BSD license found in the LICENSE file."
                        },
                        {
                            "kind": "NewLineTrivia",
                            "fullStart": 131,
                            "fullEnd": 132,
                            "text": "\n"
                        },
                        {
                            "kind": "NewLineTrivia",
                            "fullStart": 132,
                            "fullEnd": 133,
                            "text": "\n"
                        },
                        {
                            "kind": "MultiLineCommentTrivia",
                            "fullStart": 133,
                            "fullEnd": 302,
                            "text": "/**\n * The MV of DecimalDigit ::: 9 or of HexDigit ::: 9 is 9\n *\n * @path ch09/9.3/9.3.1/S9.3.1_A25.js\n * @description Compare Number('0x9') and Number('0X9') with 9\n */"
                        },
                        {
                            "kind": "NewLineTrivia",
                            "fullStart": 302,
                            "fullEnd": 303,
                            "text": "\n"
                        },
                        {
                            "kind": "NewLineTrivia",
                            "fullStart": 303,
                            "fullEnd": 304,
                            "text": "\n"
                        },
                        {
                            "kind": "SingleLineCommentTrivia",
                            "fullStart": 304,
                            "fullEnd": 314,
                            "text": "// CHECK#1"
                        },
                        {
                            "kind": "NewLineTrivia",
                            "fullStart": 314,
                            "fullEnd": 315,
                            "text": "\n"
                        }
                    ]
                },
                "openParenToken": {
                    "kind": "OpenParenToken",
                    "fullStart": 317,
                    "start": 318,
                    "fullWidth": 2,
                    "width": 1,
                    "text": "(",
                    "value": "(",
                    "valueText": "(",
                    "hasLeadingTrivia": true,
                    "leadingTrivia": [
                        {
                            "kind": "WhitespaceTrivia",
                            "fullStart": 317,
                            "fullEnd": 318,
                            "text": " "
                        }
                    ]
                },
                "condition": {
                    "kind": "BinaryExpression",
                    "fullStart": 319,
                    "fullEnd": 336,
                    "start": 319,
                    "fullWidth": 17,
                    "width": 17,
                    "left": {
                        "kind": "InvocationExpression",
                        "fullStart": 319,
                        "fullEnd": 330,
                        "start": 319,
                        "fullWidth": 11,
                        "width": 11,
                        "expression": {
                            "kind": "IdentifierName",
                            "fullStart": 319,
                            "start": 319,
                            "fullWidth": 6,
                            "width": 6,
                            "text": "Number",
                            "value": "Number",
                            "valueText": "Number"
                        },
                        "argumentList": {
                            "kind": "ArgumentList",
                            "fullStart": 325,
                            "fullEnd": 330,
                            "start": 325,
                            "fullWidth": 5,
                            "width": 5,
                            "openParenToken": {
                                "kind": "OpenParenToken",
                                "fullStart": 325,
                                "start": 325,
                                "fullWidth": 1,
                                "width": 1,
                                "text": "(",
                                "value": "(",
                                "valueText": "("
                            },
                            "arguments": [
                                {
                                    "kind": "StringLiteral",
                                    "fullStart": 326,
                                    "start": 326,
                                    "fullWidth": 3,
                                    "width": 3,
                                    "text": "\"9\"",
                                    "value": "9",
                                    "valueText": "9"
                                }
                            ],
                            "closeParenToken": {
                                "kind": "CloseParenToken",
                                "fullStart": 329,
                                "start": 329,
                                "fullWidth": 1,
                                "width": 1,
                                "text": ")",
                                "value": ")",
                                "valueText": ")"
                            }
                        }
                    },
                    "operatorToken": {
                        "kind": "ExclamationEqualsEqualsToken",
                        "fullStart": 330,
                        "start": 331,
                        "fullWidth": 4,
                        "width": 3,
                        "text": "!==",
                        "value": "!==",
                        "valueText": "!==",
                        "hasLeadingTrivia": true,
                        "leadingTrivia": [
                            {
                                "kind": "WhitespaceTrivia",
                                "fullStart": 330,
                                "fullEnd": 331,
                                "text": " "
                            }
                        ]
                    },
                    "right": {
                        "kind": "NumericLiteral",
                        "fullStart": 334,
                        "start": 335,
                        "fullWidth": 2,
                        "width": 1,
                        "text": "9",
                        "value": 9,
                        "valueText": "9",
                        "hasLeadingTrivia": true,
                        "leadingTrivia": [
                            {
                                "kind": "WhitespaceTrivia",
                                "fullStart": 334,
                                "fullEnd": 335,
                                "text": " "
                            }
                        ]
                    }
                },
                "closeParenToken": {
                    "kind": "CloseParenToken",
                    "fullStart": 336,
                    "start": 336,
                    "fullWidth": 1,
                    "width": 1,
                    "text": ")",
                    "value": ")",
                    "valueText": ")"
                },
                "statement": {
                    "kind": "Block",
                    "fullStart": 337,
                    "fullEnd": 403,
                    "start": 339,
                    "fullWidth": 66,
                    "width": 64,
                    "openBraceToken": {
                        "kind": "OpenBraceToken",
                        "fullStart": 337,
                        "start": 339,
                        "fullWidth": 3,
                        "width": 1,
                        "text": "{",
                        "value": "{",
                        "valueText": "{",
                        "hasLeadingTrivia": true,
                        "leadingTrivia": [
                            {
                                "kind": "WhitespaceTrivia",
                                "fullStart": 337,
                                "fullEnd": 339,
                                "text": "  "
                            }
                        ]
                    },
                    "statements": [
                        {
                            "kind": "ExpressionStatement",
                            "fullStart": 340,
                            "fullEnd": 401,
                            "start": 343,
                            "fullWidth": 61,
                            "width": 58,
                            "expression": {
                                "kind": "InvocationExpression",
                                "fullStart": 340,
                                "fullEnd": 400,
                                "start": 343,
                                "fullWidth": 60,
                                "width": 57,
                                "expression": {
                                    "kind": "IdentifierName",
                                    "fullStart": 340,
                                    "start": 343,
                                    "fullWidth": 9,
                                    "width": 6,
                                    "text": "$ERROR",
                                    "value": "$ERROR",
                                    "valueText": "$ERROR",
                                    "hasLeadingTrivia": true,
                                    "hasLeadingNewLine": true,
                                    "leadingTrivia": [
                                        {
                                            "kind": "NewLineTrivia",
                                            "fullStart": 340,
                                            "fullEnd": 341,
                                            "text": "\n"
                                        },
                                        {
                                            "kind": "WhitespaceTrivia",
                                            "fullStart": 341,
                                            "fullEnd": 343,
                                            "text": "  "
                                        }
                                    ]
                                },
                                "argumentList": {
                                    "kind": "ArgumentList",
                                    "fullStart": 349,
                                    "fullEnd": 400,
                                    "start": 349,
                                    "fullWidth": 51,
                                    "width": 51,
                                    "openParenToken": {
                                        "kind": "OpenParenToken",
                                        "fullStart": 349,
                                        "start": 349,
                                        "fullWidth": 1,
                                        "width": 1,
                                        "text": "(",
                                        "value": "(",
                                        "valueText": "("
                                    },
                                    "arguments": [
                                        {
                                            "kind": "BinaryExpression",
                                            "fullStart": 350,
                                            "fullEnd": 399,
                                            "start": 350,
                                            "fullWidth": 49,
                                            "width": 49,
                                            "left": {
                                                "kind": "StringLiteral",
                                                "fullStart": 350,
                                                "start": 350,
                                                "fullWidth": 33,
                                                "width": 33,
                                                "text": "'#1: Number(\"9\") === 9. Actual: '",
                                                "value": "#1: Number(\"9\") === 9. Actual: ",
                                                "valueText": "#1: Number(\"9\") === 9. Actual: "
                                            },
                                            "operatorToken": {
                                                "kind": "PlusToken",
                                                "fullStart": 383,
                                                "start": 384,
                                                "fullWidth": 2,
                                                "width": 1,
                                                "text": "+",
                                                "value": "+",
                                                "valueText": "+",
                                                "hasLeadingTrivia": true,
                                                "leadingTrivia": [
                                                    {
                                                        "kind": "WhitespaceTrivia",
                                                        "fullStart": 383,
                                                        "fullEnd": 384,
                                                        "text": " "
                                                    }
                                                ]
                                            },
                                            "right": {
                                                "kind": "ParenthesizedExpression",
                                                "fullStart": 385,
                                                "fullEnd": 399,
                                                "start": 386,
                                                "fullWidth": 14,
                                                "width": 13,
                                                "openParenToken": {
                                                    "kind": "OpenParenToken",
                                                    "fullStart": 385,
                                                    "start": 386,
                                                    "fullWidth": 2,
                                                    "width": 1,
                                                    "text": "(",
                                                    "value": "(",
                                                    "valueText": "(",
                                                    "hasLeadingTrivia": true,
                                                    "leadingTrivia": [
                                                        {
                                                            "kind": "WhitespaceTrivia",
                                                            "fullStart": 385,
                                                            "fullEnd": 386,
                                                            "text": " "
                                                        }
                                                    ]
                                                },
                                                "expression": {
                                                    "kind": "InvocationExpression",
                                                    "fullStart": 387,
                                                    "fullEnd": 398,
                                                    "start": 387,
                                                    "fullWidth": 11,
                                                    "width": 11,
                                                    "expression": {
                                                        "kind": "IdentifierName",
                                                        "fullStart": 387,
                                                        "start": 387,
                                                        "fullWidth": 6,
                                                        "width": 6,
                                                        "text": "Number",
                                                        "value": "Number",
                                                        "valueText": "Number"
                                                    },
                                                    "argumentList": {
                                                        "kind": "ArgumentList",
                                                        "fullStart": 393,
                                                        "fullEnd": 398,
                                                        "start": 393,
                                                        "fullWidth": 5,
                                                        "width": 5,
                                                        "openParenToken": {
                                                            "kind": "OpenParenToken",
                                                            "fullStart": 393,
                                                            "start": 393,
                                                            "fullWidth": 1,
                                                            "width": 1,
                                                            "text": "(",
                                                            "value": "(",
                                                            "valueText": "("
                                                        },
                                                        "arguments": [
                                                            {
                                                                "kind": "StringLiteral",
                                                                "fullStart": 394,
                                                                "start": 394,
                                                                "fullWidth": 3,
                                                                "width": 3,
                                                                "text": "\"9\"",
                                                                "value": "9",
                                                                "valueText": "9"
                                                            }
                                                        ],
                                                        "closeParenToken": {
                                                            "kind": "CloseParenToken",
                                                            "fullStart": 397,
                                                            "start": 397,
                                                            "fullWidth": 1,
                                                            "width": 1,
                                                            "text": ")",
                                                            "value": ")",
                                                            "valueText": ")"
                                                        }
                                                    }
                                                },
                                                "closeParenToken": {
                                                    "kind": "CloseParenToken",
                                                    "fullStart": 398,
                                                    "start": 398,
                                                    "fullWidth": 1,
                                                    "width": 1,
                                                    "text": ")",
                                                    "value": ")",
                                                    "valueText": ")"
                                                }
                                            }
                                        }
                                    ],
                                    "closeParenToken": {
                                        "kind": "CloseParenToken",
                                        "fullStart": 399,
                                        "start": 399,
                                        "fullWidth": 1,
                                        "width": 1,
                                        "text": ")",
                                        "value": ")",
                                        "valueText": ")"
                                    }
                                }
                            },
                            "semicolonToken": {
                                "kind": "SemicolonToken",
                                "fullStart": 400,
                                "start": 400,
                                "fullWidth": 1,
                                "width": 1,
                                "text": ";",
                                "value": ";",
                                "valueText": ";"
                            }
                        }
                    ],
                    "closeBraceToken": {
                        "kind": "CloseBraceToken",
                        "fullStart": 401,
                        "start": 402,
                        "fullWidth": 2,
                        "width": 1,
                        "text": "}",
                        "value": "}",
                        "valueText": "}",
                        "hasLeadingTrivia": true,
                        "hasLeadingNewLine": true,
                        "leadingTrivia": [
                            {
                                "kind": "NewLineTrivia",
                                "fullStart": 401,
                                "fullEnd": 402,
                                "text": "\n"
                            }
                        ]
                    }
                }
            },
            {
                "kind": "IfStatement",
                "fullStart": 403,
                "fullEnd": 495,
                "start": 416,
                "fullWidth": 92,
                "width": 79,
                "ifKeyword": {
                    "kind": "IfKeyword",
                    "fullStart": 403,
                    "start": 416,
                    "fullWidth": 15,
                    "width": 2,
                    "text": "if",
                    "value": "if",
                    "valueText": "if",
                    "hasLeadingTrivia": true,
                    "hasLeadingComment": true,
                    "hasLeadingNewLine": true,
                    "leadingTrivia": [
                        {
                            "kind": "NewLineTrivia",
                            "fullStart": 403,
                            "fullEnd": 404,
                            "text": "\n"
                        },
                        {
                            "kind": "NewLineTrivia",
                            "fullStart": 404,
                            "fullEnd": 405,
                            "text": "\n"
                        },
                        {
                            "kind": "SingleLineCommentTrivia",
                            "fullStart": 405,
                            "fullEnd": 415,
                            "text": "// CHECK#2"
                        },
                        {
                            "kind": "NewLineTrivia",
                            "fullStart": 415,
                            "fullEnd": 416,
                            "text": "\n"
                        }
                    ]
                },
                "openParenToken": {
                    "kind": "OpenParenToken",
                    "fullStart": 418,
                    "start": 419,
                    "fullWidth": 2,
                    "width": 1,
                    "text": "(",
                    "value": "(",
                    "valueText": "(",
                    "hasLeadingTrivia": true,
                    "leadingTrivia": [
                        {
                            "kind": "WhitespaceTrivia",
                            "fullStart": 418,
                            "fullEnd": 419,
                            "text": " "
                        }
                    ]
                },
                "condition": {
                    "kind": "BinaryExpression",
                    "fullStart": 420,
                    "fullEnd": 434,
                    "start": 420,
                    "fullWidth": 14,
                    "width": 14,
                    "left": {
                        "kind": "PrefixUnaryExpression",
                        "fullStart": 420,
                        "fullEnd": 428,
                        "start": 420,
                        "fullWidth": 8,
                        "width": 8,
                        "operatorToken": {
                            "kind": "PlusToken",
                            "fullStart": 420,
                            "start": 420,
                            "fullWidth": 1,
                            "width": 1,
                            "text": "+",
                            "value": "+",
                            "valueText": "+"
                        },
                        "operand": {
                            "kind": "ParenthesizedExpression",
                            "fullStart": 421,
                            "fullEnd": 428,
                            "start": 421,
                            "fullWidth": 7,
                            "width": 7,
                            "openParenToken": {
                                "kind": "OpenParenToken",
                                "fullStart": 421,
                                "start": 421,
                                "fullWidth": 1,
                                "width": 1,
                                "text": "(",
                                "value": "(",
                                "valueText": "("
                            },
                            "expression": {
                                "kind": "StringLiteral",
                                "fullStart": 422,
                                "start": 422,
                                "fullWidth": 5,
                                "width": 5,
                                "text": "\"0x9\"",
                                "value": "0x9",
                                "valueText": "0x9"
                            },
                            "closeParenToken": {
                                "kind": "CloseParenToken",
                                "fullStart": 427,
                                "start": 427,
                                "fullWidth": 1,
                                "width": 1,
                                "text": ")",
                                "value": ")",
                                "valueText": ")"
                            }
                        }
                    },
                    "operatorToken": {
                        "kind": "ExclamationEqualsEqualsToken",
                        "fullStart": 428,
                        "start": 429,
                        "fullWidth": 4,
                        "width": 3,
                        "text": "!==",
                        "value": "!==",
                        "valueText": "!==",
                        "hasLeadingTrivia": true,
                        "leadingTrivia": [
                            {
                                "kind": "WhitespaceTrivia",
                                "fullStart": 428,
                                "fullEnd": 429,
                                "text": " "
                            }
                        ]
                    },
                    "right": {
                        "kind": "NumericLiteral",
                        "fullStart": 432,
                        "start": 433,
                        "fullWidth": 2,
                        "width": 1,
                        "text": "9",
                        "value": 9,
                        "valueText": "9",
                        "hasLeadingTrivia": true,
                        "leadingTrivia": [
                            {
                                "kind": "WhitespaceTrivia",
                                "fullStart": 432,
                                "fullEnd": 433,
                                "text": " "
                            }
                        ]
                    }
                },
                "closeParenToken": {
                    "kind": "CloseParenToken",
                    "fullStart": 434,
                    "start": 434,
                    "fullWidth": 1,
                    "width": 1,
                    "text": ")",
                    "value": ")",
                    "valueText": ")"
                },
                "statement": {
                    "kind": "Block",
                    "fullStart": 435,
                    "fullEnd": 495,
                    "start": 437,
                    "fullWidth": 60,
                    "width": 58,
                    "openBraceToken": {
                        "kind": "OpenBraceToken",
                        "fullStart": 435,
                        "start": 437,
                        "fullWidth": 3,
                        "width": 1,
                        "text": "{",
                        "value": "{",
                        "valueText": "{",
                        "hasLeadingTrivia": true,
                        "leadingTrivia": [
                            {
                                "kind": "WhitespaceTrivia",
                                "fullStart": 435,
                                "fullEnd": 437,
                                "text": "  "
                            }
                        ]
                    },
                    "statements": [
                        {
                            "kind": "ExpressionStatement",
                            "fullStart": 438,
                            "fullEnd": 493,
                            "start": 441,
                            "fullWidth": 55,
                            "width": 52,
                            "expression": {
                                "kind": "InvocationExpression",
                                "fullStart": 438,
                                "fullEnd": 492,
                                "start": 441,
                                "fullWidth": 54,
                                "width": 51,
                                "expression": {
                                    "kind": "IdentifierName",
                                    "fullStart": 438,
                                    "start": 441,
                                    "fullWidth": 9,
                                    "width": 6,
                                    "text": "$ERROR",
                                    "value": "$ERROR",
                                    "valueText": "$ERROR",
                                    "hasLeadingTrivia": true,
                                    "hasLeadingNewLine": true,
                                    "leadingTrivia": [
                                        {
                                            "kind": "NewLineTrivia",
                                            "fullStart": 438,
                                            "fullEnd": 439,
                                            "text": "\n"
                                        },
                                        {
                                            "kind": "WhitespaceTrivia",
                                            "fullStart": 439,
                                            "fullEnd": 441,
                                            "text": "  "
                                        }
                                    ]
                                },
                                "argumentList": {
                                    "kind": "ArgumentList",
                                    "fullStart": 447,
                                    "fullEnd": 492,
                                    "start": 447,
                                    "fullWidth": 45,
                                    "width": 45,
                                    "openParenToken": {
                                        "kind": "OpenParenToken",
                                        "fullStart": 447,
                                        "start": 447,
                                        "fullWidth": 1,
                                        "width": 1,
                                        "text": "(",
                                        "value": "(",
                                        "valueText": "("
                                    },
                                    "arguments": [
                                        {
                                            "kind": "BinaryExpression",
                                            "fullStart": 448,
                                            "fullEnd": 491,
                                            "start": 448,
                                            "fullWidth": 43,
                                            "width": 43,
                                            "left": {
                                                "kind": "StringLiteral",
                                                "fullStart": 448,
                                                "start": 448,
                                                "fullWidth": 30,
                                                "width": 30,
                                                "text": "'#2: +(\"0x9\") === 9. Actual: '",
                                                "value": "#2: +(\"0x9\") === 9. Actual: ",
                                                "valueText": "#2: +(\"0x9\") === 9. Actual: "
                                            },
                                            "operatorToken": {
                                                "kind": "PlusToken",
                                                "fullStart": 478,
                                                "start": 479,
                                                "fullWidth": 2,
                                                "width": 1,
                                                "text": "+",
                                                "value": "+",
                                                "valueText": "+",
                                                "hasLeadingTrivia": true,
                                                "leadingTrivia": [
                                                    {
                                                        "kind": "WhitespaceTrivia",
                                                        "fullStart": 478,
                                                        "fullEnd": 479,
                                                        "text": " "
                                                    }
                                                ]
                                            },
                                            "right": {
                                                "kind": "ParenthesizedExpression",
                                                "fullStart": 480,
                                                "fullEnd": 491,
                                                "start": 481,
                                                "fullWidth": 11,
                                                "width": 10,
                                                "openParenToken": {
                                                    "kind": "OpenParenToken",
                                                    "fullStart": 480,
                                                    "start": 481,
                                                    "fullWidth": 2,
                                                    "width": 1,
                                                    "text": "(",
                                                    "value": "(",
                                                    "valueText": "(",
                                                    "hasLeadingTrivia": true,
                                                    "leadingTrivia": [
                                                        {
                                                            "kind": "WhitespaceTrivia",
                                                            "fullStart": 480,
                                                            "fullEnd": 481,
                                                            "text": " "
                                                        }
                                                    ]
                                                },
                                                "expression": {
                                                    "kind": "PrefixUnaryExpression",
                                                    "fullStart": 482,
                                                    "fullEnd": 490,
                                                    "start": 482,
                                                    "fullWidth": 8,
                                                    "width": 8,
                                                    "operatorToken": {
                                                        "kind": "PlusToken",
                                                        "fullStart": 482,
                                                        "start": 482,
                                                        "fullWidth": 1,
                                                        "width": 1,
                                                        "text": "+",
                                                        "value": "+",
                                                        "valueText": "+"
                                                    },
                                                    "operand": {
                                                        "kind": "ParenthesizedExpression",
                                                        "fullStart": 483,
                                                        "fullEnd": 490,
                                                        "start": 483,
                                                        "fullWidth": 7,
                                                        "width": 7,
                                                        "openParenToken": {
                                                            "kind": "OpenParenToken",
                                                            "fullStart": 483,
                                                            "start": 483,
                                                            "fullWidth": 1,
                                                            "width": 1,
                                                            "text": "(",
                                                            "value": "(",
                                                            "valueText": "("
                                                        },
                                                        "expression": {
                                                            "kind": "StringLiteral",
                                                            "fullStart": 484,
                                                            "start": 484,
                                                            "fullWidth": 5,
                                                            "width": 5,
                                                            "text": "\"0x9\"",
                                                            "value": "0x9",
                                                            "valueText": "0x9"
                                                        },
                                                        "closeParenToken": {
                                                            "kind": "CloseParenToken",
                                                            "fullStart": 489,
                                                            "start": 489,
                                                            "fullWidth": 1,
                                                            "width": 1,
                                                            "text": ")",
                                                            "value": ")",
                                                            "valueText": ")"
                                                        }
                                                    }
                                                },
                                                "closeParenToken": {
                                                    "kind": "CloseParenToken",
                                                    "fullStart": 490,
                                                    "start": 490,
                                                    "fullWidth": 1,
                                                    "width": 1,
                                                    "text": ")",
                                                    "value": ")",
                                                    "valueText": ")"
                                                }
                                            }
                                        }
                                    ],
                                    "closeParenToken": {
                                        "kind": "CloseParenToken",
                                        "fullStart": 491,
                                        "start": 491,
                                        "fullWidth": 1,
                                        "width": 1,
                                        "text": ")",
                                        "value": ")",
                                        "valueText": ")"
                                    }
                                }
                            },
                            "semicolonToken": {
                                "kind": "SemicolonToken",
                                "fullStart": 492,
                                "start": 492,
                                "fullWidth": 1,
                                "width": 1,
                                "text": ";",
                                "value": ";",
                                "valueText": ";"
                            }
                        }
                    ],
                    "closeBraceToken": {
                        "kind": "CloseBraceToken",
                        "fullStart": 493,
                        "start": 494,
                        "fullWidth": 2,
                        "width": 1,
                        "text": "}",
                        "value": "}",
                        "valueText": "}",
                        "hasLeadingTrivia": true,
                        "hasLeadingNewLine": true,
                        "leadingTrivia": [
                            {
                                "kind": "NewLineTrivia",
                                "fullStart": 493,
                                "fullEnd": 494,
                                "text": "\n"
                            }
                        ]
                    }
                }
            },
            {
                "kind": "IfStatement",
                "fullStart": 495,
                "fullEnd": 602,
                "start": 508,
                "fullWidth": 107,
                "width": 94,
                "ifKeyword": {
                    "kind": "IfKeyword",
                    "fullStart": 495,
                    "start": 508,
                    "fullWidth": 15,
                    "width": 2,
                    "text": "if",
                    "value": "if",
                    "valueText": "if",
                    "hasLeadingTrivia": true,
                    "hasLeadingComment": true,
                    "hasLeadingNewLine": true,
                    "leadingTrivia": [
                        {
                            "kind": "NewLineTrivia",
                            "fullStart": 495,
                            "fullEnd": 496,
                            "text": "\n"
                        },
                        {
                            "kind": "NewLineTrivia",
                            "fullStart": 496,
                            "fullEnd": 497,
                            "text": "\n"
                        },
                        {
                            "kind": "SingleLineCommentTrivia",
                            "fullStart": 497,
                            "fullEnd": 507,
                            "text": "// CHECK#3"
                        },
                        {
                            "kind": "NewLineTrivia",
                            "fullStart": 507,
                            "fullEnd": 508,
                            "text": "\n"
                        }
                    ]
                },
                "openParenToken": {
                    "kind": "OpenParenToken",
                    "fullStart": 510,
                    "start": 511,
                    "fullWidth": 2,
                    "width": 1,
                    "text": "(",
                    "value": "(",
                    "valueText": "(",
                    "hasLeadingTrivia": true,
                    "leadingTrivia": [
                        {
                            "kind": "WhitespaceTrivia",
                            "fullStart": 510,
                            "fullEnd": 511,
                            "text": " "
                        }
                    ]
                },
                "condition": {
                    "kind": "BinaryExpression",
                    "fullStart": 512,
                    "fullEnd": 531,
                    "start": 512,
                    "fullWidth": 19,
                    "width": 19,
                    "left": {
                        "kind": "InvocationExpression",
                        "fullStart": 512,
                        "fullEnd": 525,
                        "start": 512,
                        "fullWidth": 13,
                        "width": 13,
                        "expression": {
                            "kind": "IdentifierName",
                            "fullStart": 512,
                            "start": 512,
                            "fullWidth": 6,
                            "width": 6,
                            "text": "Number",
                            "value": "Number",
                            "valueText": "Number"
                        },
                        "argumentList": {
                            "kind": "ArgumentList",
                            "fullStart": 518,
                            "fullEnd": 525,
                            "start": 518,
                            "fullWidth": 7,
                            "width": 7,
                            "openParenToken": {
                                "kind": "OpenParenToken",
                                "fullStart": 518,
                                "start": 518,
                                "fullWidth": 1,
                                "width": 1,
                                "text": "(",
                                "value": "(",
                                "valueText": "("
                            },
                            "arguments": [
                                {
                                    "kind": "StringLiteral",
                                    "fullStart": 519,
                                    "start": 519,
                                    "fullWidth": 5,
                                    "width": 5,
                                    "text": "\"0X9\"",
                                    "value": "0X9",
                                    "valueText": "0X9"
                                }
                            ],
                            "closeParenToken": {
                                "kind": "CloseParenToken",
                                "fullStart": 524,
                                "start": 524,
                                "fullWidth": 1,
                                "width": 1,
                                "text": ")",
                                "value": ")",
                                "valueText": ")"
                            }
                        }
                    },
                    "operatorToken": {
                        "kind": "ExclamationEqualsEqualsToken",
                        "fullStart": 525,
                        "start": 526,
                        "fullWidth": 4,
                        "width": 3,
                        "text": "!==",
                        "value": "!==",
                        "valueText": "!==",
                        "hasLeadingTrivia": true,
                        "leadingTrivia": [
                            {
                                "kind": "WhitespaceTrivia",
                                "fullStart": 525,
                                "fullEnd": 526,
                                "text": " "
                            }
                        ]
                    },
                    "right": {
                        "kind": "NumericLiteral",
                        "fullStart": 529,
                        "start": 530,
                        "fullWidth": 2,
                        "width": 1,
                        "text": "9",
                        "value": 9,
                        "valueText": "9",
                        "hasLeadingTrivia": true,
                        "leadingTrivia": [
                            {
                                "kind": "WhitespaceTrivia",
                                "fullStart": 529,
                                "fullEnd": 530,
                                "text": " "
                            }
                        ]
                    }
                },
                "closeParenToken": {
                    "kind": "CloseParenToken",
                    "fullStart": 531,
                    "start": 531,
                    "fullWidth": 1,
                    "width": 1,
                    "text": ")",
                    "value": ")",
                    "valueText": ")"
                },
                "statement": {
                    "kind": "Block",
                    "fullStart": 532,
                    "fullEnd": 602,
                    "start": 534,
                    "fullWidth": 70,
                    "width": 68,
                    "openBraceToken": {
                        "kind": "OpenBraceToken",
                        "fullStart": 532,
                        "start": 534,
                        "fullWidth": 3,
                        "width": 1,
                        "text": "{",
                        "value": "{",
                        "valueText": "{",
                        "hasLeadingTrivia": true,
                        "leadingTrivia": [
                            {
                                "kind": "WhitespaceTrivia",
                                "fullStart": 532,
                                "fullEnd": 534,
                                "text": "  "
                            }
                        ]
                    },
                    "statements": [
                        {
                            "kind": "ExpressionStatement",
                            "fullStart": 535,
                            "fullEnd": 600,
                            "start": 538,
                            "fullWidth": 65,
                            "width": 62,
                            "expression": {
                                "kind": "InvocationExpression",
                                "fullStart": 535,
                                "fullEnd": 599,
                                "start": 538,
                                "fullWidth": 64,
                                "width": 61,
                                "expression": {
                                    "kind": "IdentifierName",
                                    "fullStart": 535,
                                    "start": 538,
                                    "fullWidth": 9,
                                    "width": 6,
                                    "text": "$ERROR",
                                    "value": "$ERROR",
                                    "valueText": "$ERROR",
                                    "hasLeadingTrivia": true,
                                    "hasLeadingNewLine": true,
                                    "leadingTrivia": [
                                        {
                                            "kind": "NewLineTrivia",
                                            "fullStart": 535,
                                            "fullEnd": 536,
                                            "text": "\n"
                                        },
                                        {
                                            "kind": "WhitespaceTrivia",
                                            "fullStart": 536,
                                            "fullEnd": 538,
                                            "text": "  "
                                        }
                                    ]
                                },
                                "argumentList": {
                                    "kind": "ArgumentList",
                                    "fullStart": 544,
                                    "fullEnd": 599,
                                    "start": 544,
                                    "fullWidth": 55,
                                    "width": 55,
                                    "openParenToken": {
                                        "kind": "OpenParenToken",
                                        "fullStart": 544,
                                        "start": 544,
                                        "fullWidth": 1,
                                        "width": 1,
                                        "text": "(",
                                        "value": "(",
                                        "valueText": "("
                                    },
                                    "arguments": [
                                        {
                                            "kind": "BinaryExpression",
                                            "fullStart": 545,
                                            "fullEnd": 598,
                                            "start": 545,
                                            "fullWidth": 53,
                                            "width": 53,
                                            "left": {
                                                "kind": "StringLiteral",
                                                "fullStart": 545,
                                                "start": 545,
                                                "fullWidth": 35,
                                                "width": 35,
                                                "text": "'#3: Number(\"0X9\") === 9. Actual: '",
                                                "value": "#3: Number(\"0X9\") === 9. Actual: ",
                                                "valueText": "#3: Number(\"0X9\") === 9. Actual: "
                                            },
                                            "operatorToken": {
                                                "kind": "PlusToken",
                                                "fullStart": 580,
                                                "start": 581,
                                                "fullWidth": 2,
                                                "width": 1,
                                                "text": "+",
                                                "value": "+",
                                                "valueText": "+",
                                                "hasLeadingTrivia": true,
                                                "leadingTrivia": [
                                                    {
                                                        "kind": "WhitespaceTrivia",
                                                        "fullStart": 580,
                                                        "fullEnd": 581,
                                                        "text": " "
                                                    }
                                                ]
                                            },
                                            "right": {
                                                "kind": "ParenthesizedExpression",
                                                "fullStart": 582,
                                                "fullEnd": 598,
                                                "start": 583,
                                                "fullWidth": 16,
                                                "width": 15,
                                                "openParenToken": {
                                                    "kind": "OpenParenToken",
                                                    "fullStart": 582,
                                                    "start": 583,
                                                    "fullWidth": 2,
                                                    "width": 1,
                                                    "text": "(",
                                                    "value": "(",
                                                    "valueText": "(",
                                                    "hasLeadingTrivia": true,
                                                    "leadingTrivia": [
                                                        {
                                                            "kind": "WhitespaceTrivia",
                                                            "fullStart": 582,
                                                            "fullEnd": 583,
                                                            "text": " "
                                                        }
                                                    ]
                                                },
                                                "expression": {
                                                    "kind": "InvocationExpression",
                                                    "fullStart": 584,
                                                    "fullEnd": 597,
                                                    "start": 584,
                                                    "fullWidth": 13,
                                                    "width": 13,
                                                    "expression": {
                                                        "kind": "IdentifierName",
                                                        "fullStart": 584,
                                                        "start": 584,
                                                        "fullWidth": 6,
                                                        "width": 6,
                                                        "text": "Number",
                                                        "value": "Number",
                                                        "valueText": "Number"
                                                    },
                                                    "argumentList": {
                                                        "kind": "ArgumentList",
                                                        "fullStart": 590,
                                                        "fullEnd": 597,
                                                        "start": 590,
                                                        "fullWidth": 7,
                                                        "width": 7,
                                                        "openParenToken": {
                                                            "kind": "OpenParenToken",
                                                            "fullStart": 590,
                                                            "start": 590,
                                                            "fullWidth": 1,
                                                            "width": 1,
                                                            "text": "(",
                                                            "value": "(",
                                                            "valueText": "("
                                                        },
                                                        "arguments": [
                                                            {
                                                                "kind": "StringLiteral",
                                                                "fullStart": 591,
                                                                "start": 591,
                                                                "fullWidth": 5,
                                                                "width": 5,
                                                                "text": "\"0X9\"",
                                                                "value": "0X9",
                                                                "valueText": "0X9"
                                                            }
                                                        ],
                                                        "closeParenToken": {
                                                            "kind": "CloseParenToken",
                                                            "fullStart": 596,
                                                            "start": 596,
                                                            "fullWidth": 1,
                                                            "width": 1,
                                                            "text": ")",
                                                            "value": ")",
                                                            "valueText": ")"
                                                        }
                                                    }
                                                },
                                                "closeParenToken": {
                                                    "kind": "CloseParenToken",
                                                    "fullStart": 597,
                                                    "start": 597,
                                                    "fullWidth": 1,
                                                    "width": 1,
                                                    "text": ")",
                                                    "value": ")",
                                                    "valueText": ")"
                                                }
                                            }
                                        }
                                    ],
                                    "closeParenToken": {
                                        "kind": "CloseParenToken",
                                        "fullStart": 598,
                                        "start": 598,
                                        "fullWidth": 1,
                                        "width": 1,
                                        "text": ")",
                                        "value": ")",
                                        "valueText": ")"
                                    }
                                }
                            },
                            "semicolonToken": {
                                "kind": "SemicolonToken",
                                "fullStart": 599,
                                "start": 599,
                                "fullWidth": 1,
                                "width": 1,
                                "text": ";",
                                "value": ";",
                                "valueText": ";"
                            }
                        }
                    ],
                    "closeBraceToken": {
                        "kind": "CloseBraceToken",
                        "fullStart": 600,
                        "start": 601,
                        "fullWidth": 2,
                        "width": 1,
                        "text": "}",
                        "value": "}",
                        "valueText": "}",
                        "hasLeadingTrivia": true,
                        "hasLeadingNewLine": true,
                        "leadingTrivia": [
                            {
                                "kind": "NewLineTrivia",
                                "fullStart": 600,
                                "fullEnd": 601,
                                "text": "\n"
                            }
                        ]
                    }
                }
            }
        ],
        "endOfFileToken": {
            "kind": "EndOfFileToken",
            "fullStart": 602,
            "start": 604,
            "fullWidth": 2,
            "width": 0,
            "text": "",
            "hasLeadingTrivia": true,
            "hasLeadingNewLine": true,
            "leadingTrivia": [
                {
                    "kind": "NewLineTrivia",
                    "fullStart": 602,
                    "fullEnd": 603,
                    "text": "\n"
                },
                {
                    "kind": "NewLineTrivia",
                    "fullStart": 603,
                    "fullEnd": 604,
                    "text": "\n"
                }
            ]
        }
    },
    "lineMap": {
        "lineStarts": [
            0,
            61,
            132,
            133,
            137,
            195,
            198,
            236,
            299,
            303,
            304,
            315,
            341,
            402,
            404,
            405,
            416,
            439,
            494,
            496,
            497,
            508,
            536,
            601,
            603,
            604
        ],
        "length": 604
    }
}