{
    "isDeclaration": false,
    "languageVersion": "EcmaScript5",
    "sourceUnit": {
        "kind": "SourceUnit",
        "start": 540,
        "end": 741,
        "width": 201,
        "moduleElements": [
            {
                "kind": "FunctionDeclaration",
                "start": 540,
                "end": 715,
                "width": 175,
                "modifiers": [],
                "functionKeyword": {
                    "kind": "FunctionKeyword",
                    "fullStart": 0,
                    "start": 540,
                    "fullWidth": 548,
                    "width": 8,
                    "text": "function",
                    "value": "function",
                    "valueText": "function",
                    "hasLeadingTrivia": true,
                    "hasLeadingComment": true,
                    "hasLeadingNewLine": true,
                    "leadingTrivia": [
                        {
                            "kind": "SingleLineCommentTrivia",
                            "fullStart": 0,
                            "fullEnd": 65,
                            "text": "/// Copyright (c) 2012 Ecma International.  All rights reserved. "
                        },
                        {
                            "kind": "NewLineTrivia",
                            "fullStart": 65,
                            "fullEnd": 67,
                            "text": "\r\n"
                        },
                        {
                            "kind": "SingleLineCommentTrivia",
                            "fullStart": 67,
                            "fullEnd": 150,
                            "text": "/// Ecma International makes this code available under the terms and conditions set"
                        },
                        {
                            "kind": "NewLineTrivia",
                            "fullStart": 150,
                            "fullEnd": 152,
                            "text": "\r\n"
                        },
                        {
                            "kind": "SingleLineCommentTrivia",
                            "fullStart": 152,
                            "fullEnd": 230,
                            "text": "/// forth on http://hg.ecmascript.org/tests/test262/raw-file/tip/LICENSE (the "
                        },
                        {
                            "kind": "NewLineTrivia",
                            "fullStart": 230,
                            "fullEnd": 232,
                            "text": "\r\n"
                        },
                        {
                            "kind": "SingleLineCommentTrivia",
                            "fullStart": 232,
                            "fullEnd": 306,
                            "text": "/// \"Use Terms\").   Any redistribution of this code must retain the above "
                        },
                        {
                            "kind": "NewLineTrivia",
                            "fullStart": 306,
                            "fullEnd": 308,
                            "text": "\r\n"
                        },
                        {
                            "kind": "SingleLineCommentTrivia",
                            "fullStart": 308,
                            "fullEnd": 378,
                            "text": "/// copyright and this notice and otherwise comply with the Use Terms."
                        },
                        {
                            "kind": "NewLineTrivia",
                            "fullStart": 378,
                            "fullEnd": 380,
                            "text": "\r\n"
                        },
                        {
                            "kind": "MultiLineCommentTrivia",
                            "fullStart": 380,
                            "fullEnd": 534,
                            "text": "/**\r\n * @path ch15/15.4/15.4.4/15.4.4.20/15.4.4.20-4-2.js\r\n * @description Array.prototype.filter throws ReferenceError if callbackfn is unreferenced\r\n */"
                        },
                        {
                            "kind": "NewLineTrivia",
                            "fullStart": 534,
                            "fullEnd": 536,
                            "text": "\r\n"
                        },
                        {
                            "kind": "NewLineTrivia",
                            "fullStart": 536,
                            "fullEnd": 538,
                            "text": "\r\n"
                        },
                        {
                            "kind": "NewLineTrivia",
                            "fullStart": 538,
                            "fullEnd": 540,
                            "text": "\r\n"
                        }
                    ]
                },
                "identifier": {
                    "kind": "IdentifierName",
                    "fullStart": 548,
                    "start": 549,
                    "fullWidth": 9,
                    "width": 8,
                    "text": "testcase",
                    "value": "testcase",
                    "valueText": "testcase",
                    "hasLeadingTrivia": true,
                    "leadingTrivia": [
                        {
                            "kind": "WhitespaceTrivia",
                            "fullStart": 548,
                            "fullEnd": 549,
                            "text": " "
                        }
                    ]
                },
                "callSignature": {
                    "kind": "CallSignature",
                    "start": 557,
                    "end": 559,
                    "width": 2,
                    "parameterList": {
                        "kind": "ParameterList",
                        "start": 557,
                        "end": 559,
                        "width": 2,
                        "openParenToken": {
                            "kind": "OpenParenToken",
                            "fullStart": 557,
                            "start": 557,
                            "fullWidth": 1,
                            "width": 1,
                            "text": "(",
                            "value": "(",
                            "valueText": "("
                        },
                        "parameters": [],
                        "closeParenToken": {
                            "kind": "CloseParenToken",
                            "fullStart": 558,
                            "start": 558,
                            "fullWidth": 1,
                            "width": 1,
                            "text": ")",
                            "value": ")",
                            "valueText": ")"
                        }
                    }
                },
                "block": {
                    "kind": "Block",
                    "start": 560,
                    "end": 715,
                    "width": 155,
                    "openBraceToken": {
                        "kind": "OpenBraceToken",
                        "fullStart": 559,
                        "start": 560,
                        "fullWidth": 2,
                        "width": 1,
                        "text": "{",
                        "value": "{",
                        "valueText": "{",
                        "hasLeadingTrivia": true,
                        "leadingTrivia": [
                            {
                                "kind": "WhitespaceTrivia",
                                "fullStart": 559,
                                "fullEnd": 560,
                                "text": " "
                            }
                        ]
                    },
                    "statements": [
                        {
                            "kind": "VariableStatement",
                            "start": 567,
                            "end": 591,
                            "width": 24,
                            "modifiers": [],
                            "variableDeclaration": {
                                "kind": "VariableDeclaration",
                                "start": 567,
                                "end": 590,
                                "width": 23,
                                "varKeyword": {
                                    "kind": "VarKeyword",
                                    "fullStart": 561,
                                    "start": 567,
                                    "fullWidth": 9,
                                    "width": 3,
                                    "text": "var",
                                    "value": "var",
                                    "valueText": "var",
                                    "hasLeadingTrivia": true,
                                    "hasLeadingNewLine": true,
                                    "leadingTrivia": [
                                        {
                                            "kind": "NewLineTrivia",
                                            "fullStart": 561,
                                            "fullEnd": 563,
                                            "text": "\r\n"
                                        },
                                        {
                                            "kind": "NewLineTrivia",
                                            "fullStart": 563,
                                            "fullEnd": 565,
                                            "text": "\r\n"
                                        },
                                        {
                                            "kind": "WhitespaceTrivia",
                                            "fullStart": 565,
                                            "fullEnd": 567,
                                            "text": "  "
                                        }
                                    ]
                                },
                                "variableDeclarators": [
                                    {
                                        "kind": "VariableDeclarator",
                                        "start": 571,
                                        "end": 590,
                                        "width": 19,
                                        "propertyName": {
                                            "kind": "IdentifierName",
                                            "fullStart": 570,
                                            "start": 571,
                                            "fullWidth": 4,
                                            "width": 3,
                                            "text": "arr",
                                            "value": "arr",
                                            "valueText": "arr",
                                            "hasLeadingTrivia": true,
                                            "leadingTrivia": [
                                                {
                                                    "kind": "WhitespaceTrivia",
                                                    "fullStart": 570,
                                                    "fullEnd": 571,
                                                    "text": " "
                                                }
                                            ]
                                        },
                                        "equalsValueClause": {
                                            "kind": "EqualsValueClause",
                                            "start": 575,
                                            "end": 590,
                                            "width": 15,
                                            "equalsToken": {
                                                "kind": "EqualsToken",
                                                "fullStart": 574,
                                                "start": 575,
                                                "fullWidth": 2,
                                                "width": 1,
                                                "text": "=",
                                                "value": "=",
                                                "valueText": "=",
                                                "hasLeadingTrivia": true,
                                                "leadingTrivia": [
                                                    {
                                                        "kind": "WhitespaceTrivia",
                                                        "fullStart": 574,
                                                        "fullEnd": 575,
                                                        "text": " "
                                                    }
                                                ]
                                            },
                                            "value": {
                                                "kind": "ObjectCreationExpression",
                                                "start": 577,
                                                "end": 590,
                                                "width": 13,
                                                "newKeyword": {
                                                    "kind": "NewKeyword",
                                                    "fullStart": 576,
                                                    "start": 577,
                                                    "fullWidth": 4,
                                                    "width": 3,
                                                    "text": "new",
                                                    "value": "new",
                                                    "valueText": "new",
                                                    "hasLeadingTrivia": true,
                                                    "leadingTrivia": [
                                                        {
                                                            "kind": "WhitespaceTrivia",
                                                            "fullStart": 576,
                                                            "fullEnd": 577,
                                                            "text": " "
                                                        }
                                                    ]
                                                },
                                                "expression": {
                                                    "kind": "IdentifierName",
                                                    "fullStart": 580,
                                                    "start": 581,
                                                    "fullWidth": 6,
                                                    "width": 5,
                                                    "text": "Array",
                                                    "value": "Array",
                                                    "valueText": "Array",
                                                    "hasLeadingTrivia": true,
                                                    "leadingTrivia": [
                                                        {
                                                            "kind": "WhitespaceTrivia",
                                                            "fullStart": 580,
                                                            "fullEnd": 581,
                                                            "text": " "
                                                        }
                                                    ]
                                                },
                                                "argumentList": {
                                                    "kind": "ArgumentList",
                                                    "start": 586,
                                                    "end": 590,
                                                    "width": 4,
                                                    "openParenToken": {
                                                        "kind": "OpenParenToken",
                                                        "fullStart": 586,
                                                        "start": 586,
                                                        "fullWidth": 1,
                                                        "width": 1,
                                                        "text": "(",
                                                        "value": "(",
                                                        "valueText": "("
                                                    },
                                                    "arguments": [
                                                        {
                                                            "kind": "NumericLiteral",
                                                            "fullStart": 587,
                                                            "start": 587,
                                                            "fullWidth": 2,
                                                            "width": 2,
                                                            "text": "10",
                                                            "value": 10,
                                                            "valueText": "10"
                                                        }
                                                    ],
                                                    "closeParenToken": {
                                                        "kind": "CloseParenToken",
                                                        "fullStart": 589,
                                                        "start": 589,
                                                        "fullWidth": 1,
                                                        "width": 1,
                                                        "text": ")",
                                                        "value": ")",
                                                        "valueText": ")"
                                                    }
                                                }
                                            }
                                        }
                                    }
                                ]
                            },
                            "semicolonToken": {
                                "kind": "SemicolonToken",
                                "fullStart": 590,
                                "start": 590,
                                "fullWidth": 1,
                                "width": 1,
                                "text": ";",
                                "value": ";",
                                "valueText": ";"
                            }
                        },
                        {
                            "kind": "TryStatement",
                            "start": 595,
                            "end": 709,
                            "width": 114,
                            "tryKeyword": {
                                "kind": "TryKeyword",
                                "fullStart": 591,
                                "start": 595,
                                "fullWidth": 7,
                                "width": 3,
                                "text": "try",
                                "value": "try",
                                "valueText": "try",
                                "hasLeadingTrivia": true,
                                "hasLeadingNewLine": true,
                                "leadingTrivia": [
                                    {
                                        "kind": "NewLineTrivia",
                                        "fullStart": 591,
                                        "fullEnd": 593,
                                        "text": "\r\n"
                                    },
                                    {
                                        "kind": "WhitespaceTrivia",
                                        "fullStart": 593,
                                        "fullEnd": 595,
                                        "text": "  "
                                    }
                                ]
                            },
                            "block": {
                                "kind": "Block",
                                "start": 599,
                                "end": 631,
                                "width": 32,
                                "openBraceToken": {
                                    "kind": "OpenBraceToken",
                                    "fullStart": 598,
                                    "start": 599,
                                    "fullWidth": 2,
                                    "width": 1,
                                    "text": "{",
                                    "value": "{",
                                    "valueText": "{",
                                    "hasLeadingTrivia": true,
                                    "leadingTrivia": [
                                        {
                                            "kind": "WhitespaceTrivia",
                                            "fullStart": 598,
                                            "fullEnd": 599,
                                            "text": " "
                                        }
                                    ]
                                },
                                "statements": [
                                    {
                                        "kind": "ExpressionStatement",
                                        "start": 606,
                                        "end": 622,
                                        "width": 16,
                                        "expression": {
                                            "kind": "InvocationExpression",
                                            "start": 606,
                                            "end": 621,
                                            "width": 15,
                                            "expression": {
                                                "kind": "MemberAccessExpression",
                                                "start": 606,
                                                "end": 616,
                                                "width": 10,
                                                "expression": {
                                                    "kind": "IdentifierName",
                                                    "fullStart": 600,
                                                    "start": 606,
                                                    "fullWidth": 9,
                                                    "width": 3,
                                                    "text": "arr",
                                                    "value": "arr",
                                                    "valueText": "arr",
                                                    "hasLeadingTrivia": true,
                                                    "hasLeadingNewLine": true,
                                                    "leadingTrivia": [
                                                        {
                                                            "kind": "NewLineTrivia",
                                                            "fullStart": 600,
                                                            "fullEnd": 602,
                                                            "text": "\r\n"
                                                        },
                                                        {
                                                            "kind": "WhitespaceTrivia",
                                                            "fullStart": 602,
                                                            "fullEnd": 606,
                                                            "text": "    "
                                                        }
                                                    ]
                                                },
                                                "dotToken": {
                                                    "kind": "DotToken",
                                                    "fullStart": 609,
                                                    "start": 609,
                                                    "fullWidth": 1,
                                                    "width": 1,
                                                    "text": ".",
                                                    "value": ".",
                                                    "valueText": "."
                                                },
                                                "name": {
                                                    "kind": "IdentifierName",
                                                    "fullStart": 610,
                                                    "start": 610,
                                                    "fullWidth": 6,
                                                    "width": 6,
                                                    "text": "filter",
                                                    "value": "filter",
                                                    "valueText": "filter"
                                                }
                                            },
                                            "argumentList": {
                                                "kind": "ArgumentList",
                                                "start": 616,
                                                "end": 621,
                                                "width": 5,
                                                "openParenToken": {
                                                    "kind": "OpenParenToken",
                                                    "fullStart": 616,
                                                    "start": 616,
                                                    "fullWidth": 1,
                                                    "width": 1,
                                                    "text": "(",
                                                    "value": "(",
                                                    "valueText": "("
                                                },
                                                "arguments": [
                                                    {
                                                        "kind": "IdentifierName",
                                                        "fullStart": 617,
                                                        "start": 617,
                                                        "fullWidth": 3,
                                                        "width": 3,
                                                        "text": "foo",
                                                        "value": "foo",
                                                        "valueText": "foo"
                                                    }
                                                ],
                                                "closeParenToken": {
                                                    "kind": "CloseParenToken",
                                                    "fullStart": 620,
                                                    "start": 620,
                                                    "fullWidth": 1,
                                                    "width": 1,
                                                    "text": ")",
                                                    "value": ")",
                                                    "valueText": ")"
                                                }
                                            }
                                        },
                                        "semicolonToken": {
                                            "kind": "SemicolonToken",
                                            "fullStart": 621,
                                            "start": 621,
                                            "fullWidth": 1,
                                            "width": 1,
                                            "text": ";",
                                            "value": ";",
                                            "valueText": ";"
                                        }
                                    }
                                ],
                                "closeBraceToken": {
                                    "kind": "CloseBraceToken",
                                    "fullStart": 622,
                                    "start": 630,
                                    "fullWidth": 9,
                                    "width": 1,
                                    "text": "}",
                                    "value": "}",
                                    "valueText": "}",
                                    "hasLeadingTrivia": true,
                                    "hasLeadingNewLine": true,
                                    "leadingTrivia": [
                                        {
                                            "kind": "WhitespaceTrivia",
                                            "fullStart": 622,
                                            "fullEnd": 626,
                                            "text": "    "
                                        },
                                        {
                                            "kind": "NewLineTrivia",
                                            "fullStart": 626,
                                            "fullEnd": 628,
                                            "text": "\r\n"
                                        },
                                        {
                                            "kind": "WhitespaceTrivia",
                                            "fullStart": 628,
                                            "fullEnd": 630,
                                            "text": "  "
                                        }
                                    ]
                                }
                            },
                            "catchClause": {
                                "kind": "CatchClause",
                                "start": 635,
                                "end": 709,
                                "width": 74,
                                "catchKeyword": {
                                    "kind": "CatchKeyword",
                                    "fullStart": 631,
                                    "start": 635,
                                    "fullWidth": 9,
                                    "width": 5,
                                    "text": "catch",
                                    "value": "catch",
                                    "valueText": "catch",
                                    "hasLeadingTrivia": true,
                                    "hasLeadingNewLine": true,
                                    "leadingTrivia": [
                                        {
                                            "kind": "NewLineTrivia",
                                            "fullStart": 631,
                                            "fullEnd": 633,
                                            "text": "\r\n"
                                        },
                                        {
                                            "kind": "WhitespaceTrivia",
                                            "fullStart": 633,
                                            "fullEnd": 635,
                                            "text": "  "
                                        }
                                    ]
                                },
                                "openParenToken": {
                                    "kind": "OpenParenToken",
                                    "fullStart": 640,
                                    "start": 640,
                                    "fullWidth": 1,
                                    "width": 1,
                                    "text": "(",
                                    "value": "(",
                                    "valueText": "("
                                },
                                "identifier": {
                                    "kind": "IdentifierName",
                                    "fullStart": 641,
                                    "start": 641,
                                    "fullWidth": 1,
                                    "width": 1,
                                    "text": "e",
                                    "value": "e",
                                    "valueText": "e"
                                },
                                "closeParenToken": {
                                    "kind": "CloseParenToken",
                                    "fullStart": 642,
                                    "start": 642,
                                    "fullWidth": 1,
                                    "width": 1,
                                    "text": ")",
                                    "value": ")",
                                    "valueText": ")"
                                },
                                "block": {
                                    "kind": "Block",
                                    "start": 644,
                                    "end": 709,
                                    "width": 65,
                                    "openBraceToken": {
                                        "kind": "OpenBraceToken",
                                        "fullStart": 643,
                                        "start": 644,
                                        "fullWidth": 2,
                                        "width": 1,
                                        "text": "{",
                                        "value": "{",
                                        "valueText": "{",
                                        "hasLeadingTrivia": true,
                                        "leadingTrivia": [
                                            {
                                                "kind": "WhitespaceTrivia",
                                                "fullStart": 643,
                                                "fullEnd": 644,
                                                "text": " "
                                            }
                                        ]
                                    },
                                    "statements": [
                                        {
                                            "kind": "IfStatement",
                                            "start": 651,
                                            "end": 702,
                                            "width": 51,
                                            "ifKeyword": {
                                                "kind": "IfKeyword",
                                                "fullStart": 645,
                                                "start": 651,
                                                "fullWidth": 8,
                                                "width": 2,
                                                "text": "if",
                                                "value": "if",
                                                "valueText": "if",
                                                "hasLeadingTrivia": true,
                                                "hasLeadingNewLine": true,
                                                "leadingTrivia": [
                                                    {
                                                        "kind": "NewLineTrivia",
                                                        "fullStart": 645,
                                                        "fullEnd": 647,
                                                        "text": "\r\n"
                                                    },
                                                    {
                                                        "kind": "WhitespaceTrivia",
                                                        "fullStart": 647,
                                                        "fullEnd": 651,
                                                        "text": "    "
                                                    }
                                                ]
                                            },
                                            "openParenToken": {
                                                "kind": "OpenParenToken",
                                                "fullStart": 653,
                                                "start": 653,
                                                "fullWidth": 1,
                                                "width": 1,
                                                "text": "(",
                                                "value": "(",
                                                "valueText": "("
                                            },
                                            "condition": {
                                                "kind": "BinaryExpression",
                                                "start": 654,
                                                "end": 681,
                                                "width": 27,
                                                "left": {
                                                    "kind": "IdentifierName",
                                                    "fullStart": 654,
                                                    "start": 654,
                                                    "fullWidth": 1,
                                                    "width": 1,
                                                    "text": "e",
                                                    "value": "e",
                                                    "valueText": "e"
                                                },
                                                "operatorToken": {
                                                    "kind": "InstanceOfKeyword",
                                                    "fullStart": 655,
                                                    "start": 656,
                                                    "fullWidth": 11,
                                                    "width": 10,
                                                    "text": "instanceof",
                                                    "value": "instanceof",
                                                    "valueText": "instanceof",
                                                    "hasLeadingTrivia": true,
                                                    "leadingTrivia": [
                                                        {
                                                            "kind": "WhitespaceTrivia",
                                                            "fullStart": 655,
                                                            "fullEnd": 656,
                                                            "text": " "
                                                        }
                                                    ]
                                                },
                                                "right": {
                                                    "kind": "IdentifierName",
                                                    "fullStart": 666,
                                                    "start": 667,
                                                    "fullWidth": 15,
                                                    "width": 14,
                                                    "text": "ReferenceError",
                                                    "value": "ReferenceError",
                                                    "valueText": "ReferenceError",
                                                    "hasLeadingTrivia": true,
                                                    "leadingTrivia": [
                                                        {
                                                            "kind": "WhitespaceTrivia",
                                                            "fullStart": 666,
                                                            "fullEnd": 667,
                                                            "text": " "
                                                        }
                                                    ]
                                                }
                                            },
                                            "closeParenToken": {
                                                "kind": "CloseParenToken",
                                                "fullStart": 681,
                                                "start": 681,
                                                "fullWidth": 1,
                                                "width": 1,
                                                "text": ")",
                                                "value": ")",
                                                "valueText": ")"
                                            },
                                            "statement": {
                                                "kind": "ReturnStatement",
                                                "start": 690,
                                                "end": 702,
                                                "width": 12,
                                                "returnKeyword": {
                                                    "kind": "ReturnKeyword",
                                                    "fullStart": 682,
                                                    "start": 690,
                                                    "fullWidth": 14,
                                                    "width": 6,
                                                    "text": "return",
                                                    "value": "return",
                                                    "valueText": "return",
                                                    "hasLeadingTrivia": true,
                                                    "hasLeadingNewLine": true,
                                                    "leadingTrivia": [
                                                        {
                                                            "kind": "NewLineTrivia",
                                                            "fullStart": 682,
                                                            "fullEnd": 684,
                                                            "text": "\r\n"
                                                        },
                                                        {
                                                            "kind": "WhitespaceTrivia",
                                                            "fullStart": 684,
                                                            "fullEnd": 690,
                                                            "text": "      "
                                                        }
                                                    ]
                                                },
                                                "expression": {
                                                    "kind": "TrueKeyword",
                                                    "fullStart": 696,
                                                    "start": 697,
                                                    "fullWidth": 5,
                                                    "width": 4,
                                                    "text": "true",
                                                    "value": true,
                                                    "valueText": "true",
                                                    "hasLeadingTrivia": true,
                                                    "leadingTrivia": [
                                                        {
                                                            "kind": "WhitespaceTrivia",
                                                            "fullStart": 696,
                                                            "fullEnd": 697,
                                                            "text": " "
                                                        }
                                                    ]
                                                },
                                                "semicolonToken": {
                                                    "kind": "SemicolonToken",
                                                    "fullStart": 701,
                                                    "start": 701,
                                                    "fullWidth": 1,
                                                    "width": 1,
                                                    "text": ";",
                                                    "value": ";",
                                                    "valueText": ";"
                                                }
                                            }
                                        }
                                    ],
                                    "closeBraceToken": {
                                        "kind": "CloseBraceToken",
                                        "fullStart": 702,
                                        "start": 708,
                                        "fullWidth": 7,
                                        "width": 1,
                                        "text": "}",
                                        "value": "}",
                                        "valueText": "}",
                                        "hasLeadingTrivia": true,
                                        "hasLeadingNewLine": true,
                                        "leadingTrivia": [
                                            {
                                                "kind": "WhitespaceTrivia",
                                                "fullStart": 702,
                                                "fullEnd": 704,
                                                "text": "  "
                                            },
                                            {
                                                "kind": "NewLineTrivia",
                                                "fullStart": 704,
                                                "fullEnd": 706,
                                                "text": "\r\n"
                                            },
                                            {
                                                "kind": "WhitespaceTrivia",
                                                "fullStart": 706,
                                                "fullEnd": 708,
                                                "text": "  "
                                            }
                                        ]
                                    }
                                }
                            }
                        }
                    ],
                    "closeBraceToken": {
                        "kind": "CloseBraceToken",
                        "fullStart": 709,
                        "start": 714,
                        "fullWidth": 6,
                        "width": 1,
                        "text": "}",
                        "value": "}",
                        "valueText": "}",
                        "hasLeadingTrivia": true,
                        "hasLeadingNewLine": true,
                        "leadingTrivia": [
                            {
                                "kind": "NewLineTrivia",
                                "fullStart": 709,
                                "fullEnd": 711,
                                "text": "\r\n"
                            },
                            {
                                "kind": "NewLineTrivia",
                                "fullStart": 711,
                                "fullEnd": 713,
                                "text": "\r\n"
                            },
                            {
                                "kind": "WhitespaceTrivia",
                                "fullStart": 713,
                                "fullEnd": 714,
                                "text": " "
                            }
                        ]
                    }
                }
            },
            {
                "kind": "ExpressionStatement",
                "start": 717,
                "end": 739,
                "width": 22,
                "expression": {
                    "kind": "InvocationExpression",
                    "start": 717,
                    "end": 738,
                    "width": 21,
                    "expression": {
                        "kind": "IdentifierName",
                        "fullStart": 715,
                        "start": 717,
                        "fullWidth": 13,
                        "width": 11,
                        "text": "runTestCase",
                        "value": "runTestCase",
                        "valueText": "runTestCase",
                        "hasLeadingTrivia": true,
                        "hasLeadingNewLine": true,
                        "leadingTrivia": [
                            {
                                "kind": "NewLineTrivia",
                                "fullStart": 715,
                                "fullEnd": 717,
                                "text": "\r\n"
                            }
                        ]
                    },
                    "argumentList": {
                        "kind": "ArgumentList",
                        "start": 728,
                        "end": 738,
                        "width": 10,
                        "openParenToken": {
                            "kind": "OpenParenToken",
                            "fullStart": 728,
                            "start": 728,
                            "fullWidth": 1,
                            "width": 1,
                            "text": "(",
                            "value": "(",
                            "valueText": "("
                        },
                        "arguments": [
                            {
                                "kind": "IdentifierName",
                                "fullStart": 729,
                                "start": 729,
                                "fullWidth": 8,
                                "width": 8,
                                "text": "testcase",
                                "value": "testcase",
                                "valueText": "testcase"
                            }
                        ],
                        "closeParenToken": {
                            "kind": "CloseParenToken",
                            "fullStart": 737,
                            "start": 737,
                            "fullWidth": 1,
                            "width": 1,
                            "text": ")",
                            "value": ")",
                            "valueText": ")"
                        }
                    }
                },
                "semicolonToken": {
                    "kind": "SemicolonToken",
                    "fullStart": 738,
                    "start": 738,
                    "fullWidth": 1,
                    "width": 1,
                    "text": ";",
                    "value": ";",
                    "valueText": ";"
                }
            }
        ],
        "endOfFileToken": {
            "kind": "EndOfFileToken",
            "fullStart": 739,
            "start": 741,
            "fullWidth": 2,
            "width": 0,
            "text": "",
            "hasLeadingTrivia": true,
            "hasLeadingNewLine": true,
            "leadingTrivia": [
                {
                    "kind": "NewLineTrivia",
                    "fullStart": 739,
                    "fullEnd": 741,
                    "text": "\r\n"
                }
            ]
        }
    },
    "lineMap": {
        "lineStarts": [
            0,
            67,
            152,
            232,
            308,
            380,
            385,
            439,
            531,
            536,
            538,
            540,
            563,
            565,
            593,
            602,
            628,
            633,
            647,
            684,
            706,
            711,
            713,
            717,
            741
        ],
        "length": 741
    }
}