{
    "isDeclaration": false,
    "languageVersion": "EcmaScript5",
    "sourceUnit": {
        "kind": "SourceUnit",
        "fullStart": 0,
        "fullEnd": 820,
        "start": 531,
        "fullWidth": 820,
        "width": 289,
        "moduleElements": [
            {
                "kind": "FunctionDeclaration",
                "fullStart": 0,
                "fullEnd": 794,
                "start": 531,
                "fullWidth": 794,
                "width": 263,
                "modifiers": [],
                "functionKeyword": {
                    "kind": "FunctionKeyword",
                    "fullStart": 0,
                    "start": 531,
                    "fullWidth": 539,
                    "width": 8,
                    "text": "function",
                    "value": "function",
                    "valueText": "function",
                    "hasLeadingTrivia": true,
                    "hasLeadingComment": true,
                    "hasLeadingNewLine": true,
                    "leadingTrivia": [
                        {
                            "kind": "SingleLineCommentTrivia",
                            "fullStart": 0,
                            "fullEnd": 65,
                            "text": "/// Copyright (c) 2012 Ecma International.  All rights reserved. "
                        },
                        {
                            "kind": "NewLineTrivia",
                            "fullStart": 65,
                            "fullEnd": 67,
                            "text": "\r\n"
                        },
                        {
                            "kind": "SingleLineCommentTrivia",
                            "fullStart": 67,
                            "fullEnd": 150,
                            "text": "/// Ecma International makes this code available under the terms and conditions set"
                        },
                        {
                            "kind": "NewLineTrivia",
                            "fullStart": 150,
                            "fullEnd": 152,
                            "text": "\r\n"
                        },
                        {
                            "kind": "SingleLineCommentTrivia",
                            "fullStart": 152,
                            "fullEnd": 230,
                            "text": "/// forth on http://hg.ecmascript.org/tests/test262/raw-file/tip/LICENSE (the "
                        },
                        {
                            "kind": "NewLineTrivia",
                            "fullStart": 230,
                            "fullEnd": 232,
                            "text": "\r\n"
                        },
                        {
                            "kind": "SingleLineCommentTrivia",
                            "fullStart": 232,
                            "fullEnd": 306,
                            "text": "/// \"Use Terms\").   Any redistribution of this code must retain the above "
                        },
                        {
                            "kind": "NewLineTrivia",
                            "fullStart": 306,
                            "fullEnd": 308,
                            "text": "\r\n"
                        },
                        {
                            "kind": "SingleLineCommentTrivia",
                            "fullStart": 308,
                            "fullEnd": 378,
                            "text": "/// copyright and this notice and otherwise comply with the Use Terms."
                        },
                        {
                            "kind": "NewLineTrivia",
                            "fullStart": 378,
                            "fullEnd": 380,
                            "text": "\r\n"
                        },
                        {
                            "kind": "MultiLineCommentTrivia",
                            "fullStart": 380,
                            "fullEnd": 525,
                            "text": "/**\r\n * @path ch15/15.4/15.4.4/15.4.4.20/15.4.4.20-10-3.js\r\n * @description Array.prototype.filter - subclassed array when length is reduced\r\n */"
                        },
                        {
                            "kind": "NewLineTrivia",
                            "fullStart": 525,
                            "fullEnd": 527,
                            "text": "\r\n"
                        },
                        {
                            "kind": "NewLineTrivia",
                            "fullStart": 527,
                            "fullEnd": 529,
                            "text": "\r\n"
                        },
                        {
                            "kind": "NewLineTrivia",
                            "fullStart": 529,
                            "fullEnd": 531,
                            "text": "\r\n"
                        }
                    ]
                },
                "identifier": {
                    "kind": "IdentifierName",
                    "fullStart": 539,
                    "start": 540,
                    "fullWidth": 9,
                    "width": 8,
                    "text": "testcase",
                    "value": "testcase",
                    "valueText": "testcase",
                    "hasLeadingTrivia": true,
                    "leadingTrivia": [
                        {
                            "kind": "WhitespaceTrivia",
                            "fullStart": 539,
                            "fullEnd": 540,
                            "text": " "
                        }
                    ]
                },
                "callSignature": {
                    "kind": "CallSignature",
                    "fullStart": 548,
                    "fullEnd": 550,
                    "start": 548,
                    "fullWidth": 2,
                    "width": 2,
                    "parameterList": {
                        "kind": "ParameterList",
                        "fullStart": 548,
                        "fullEnd": 550,
                        "start": 548,
                        "fullWidth": 2,
                        "width": 2,
                        "openParenToken": {
                            "kind": "OpenParenToken",
                            "fullStart": 548,
                            "start": 548,
                            "fullWidth": 1,
                            "width": 1,
                            "text": "(",
                            "value": "(",
                            "valueText": "("
                        },
                        "parameters": [],
                        "closeParenToken": {
                            "kind": "CloseParenToken",
                            "fullStart": 549,
                            "start": 549,
                            "fullWidth": 1,
                            "width": 1,
                            "text": ")",
                            "value": ")",
                            "valueText": ")"
                        }
                    }
                },
                "block": {
                    "kind": "Block",
                    "fullStart": 550,
                    "fullEnd": 794,
                    "start": 551,
                    "fullWidth": 244,
                    "width": 243,
                    "openBraceToken": {
                        "kind": "OpenBraceToken",
                        "fullStart": 550,
                        "start": 551,
                        "fullWidth": 2,
                        "width": 1,
                        "text": "{",
                        "value": "{",
                        "valueText": "{",
                        "hasLeadingTrivia": true,
                        "leadingTrivia": [
                            {
                                "kind": "WhitespaceTrivia",
                                "fullStart": 550,
                                "fullEnd": 551,
                                "text": " "
                            }
                        ]
                    },
                    "statements": [
                        {
                            "kind": "ExpressionStatement",
                            "fullStart": 552,
                            "fullEnd": 591,
                            "start": 556,
                            "fullWidth": 39,
                            "width": 35,
                            "expression": {
                                "kind": "BinaryExpression",
                                "fullStart": 552,
                                "fullEnd": 590,
                                "start": 556,
                                "fullWidth": 38,
                                "width": 34,
                                "left": {
                                    "kind": "MemberAccessExpression",
                                    "fullStart": 552,
                                    "fullEnd": 569,
                                    "start": 556,
                                    "fullWidth": 17,
                                    "width": 13,
                                    "expression": {
                                        "kind": "IdentifierName",
                                        "fullStart": 552,
                                        "start": 556,
                                        "fullWidth": 7,
                                        "width": 3,
                                        "text": "foo",
                                        "value": "foo",
                                        "valueText": "foo",
                                        "hasLeadingTrivia": true,
                                        "hasLeadingNewLine": true,
                                        "leadingTrivia": [
                                            {
                                                "kind": "NewLineTrivia",
                                                "fullStart": 552,
                                                "fullEnd": 554,
                                                "text": "\r\n"
                                            },
                                            {
                                                "kind": "WhitespaceTrivia",
                                                "fullStart": 554,
                                                "fullEnd": 556,
                                                "text": "  "
                                            }
                                        ]
                                    },
                                    "dotToken": {
                                        "kind": "DotToken",
                                        "fullStart": 559,
                                        "start": 559,
                                        "fullWidth": 1,
                                        "width": 1,
                                        "text": ".",
                                        "value": ".",
                                        "valueText": "."
                                    },
                                    "name": {
                                        "kind": "IdentifierName",
                                        "fullStart": 560,
                                        "start": 560,
                                        "fullWidth": 9,
                                        "width": 9,
                                        "text": "prototype",
                                        "value": "prototype",
                                        "valueText": "prototype"
                                    }
                                },
                                "operatorToken": {
                                    "kind": "EqualsToken",
                                    "fullStart": 569,
                                    "start": 570,
                                    "fullWidth": 2,
                                    "width": 1,
                                    "text": "=",
                                    "value": "=",
                                    "valueText": "=",
                                    "hasLeadingTrivia": true,
                                    "leadingTrivia": [
                                        {
                                            "kind": "WhitespaceTrivia",
                                            "fullStart": 569,
                                            "fullEnd": 570,
                                            "text": " "
                                        }
                                    ]
                                },
                                "right": {
                                    "kind": "ObjectCreationExpression",
                                    "fullStart": 571,
                                    "fullEnd": 590,
                                    "start": 572,
                                    "fullWidth": 19,
                                    "width": 18,
                                    "newKeyword": {
                                        "kind": "NewKeyword",
                                        "fullStart": 571,
                                        "start": 572,
                                        "fullWidth": 4,
                                        "width": 3,
                                        "text": "new",
                                        "value": "new",
                                        "valueText": "new",
                                        "hasLeadingTrivia": true,
                                        "leadingTrivia": [
                                            {
                                                "kind": "WhitespaceTrivia",
                                                "fullStart": 571,
                                                "fullEnd": 572,
                                                "text": " "
                                            }
                                        ]
                                    },
                                    "expression": {
                                        "kind": "IdentifierName",
                                        "fullStart": 575,
                                        "start": 576,
                                        "fullWidth": 6,
                                        "width": 5,
                                        "text": "Array",
                                        "value": "Array",
                                        "valueText": "Array",
                                        "hasLeadingTrivia": true,
                                        "leadingTrivia": [
                                            {
                                                "kind": "WhitespaceTrivia",
                                                "fullStart": 575,
                                                "fullEnd": 576,
                                                "text": " "
                                            }
                                        ]
                                    },
                                    "argumentList": {
                                        "kind": "ArgumentList",
                                        "fullStart": 581,
                                        "fullEnd": 590,
                                        "start": 581,
                                        "fullWidth": 9,
                                        "width": 9,
                                        "openParenToken": {
                                            "kind": "OpenParenToken",
                                            "fullStart": 581,
                                            "start": 581,
                                            "fullWidth": 1,
                                            "width": 1,
                                            "text": "(",
                                            "value": "(",
                                            "valueText": "("
                                        },
                                        "arguments": [
                                            {
                                                "kind": "NumericLiteral",
                                                "fullStart": 582,
                                                "start": 582,
                                                "fullWidth": 1,
                                                "width": 1,
                                                "text": "1",
                                                "value": 1,
                                                "valueText": "1"
                                            },
                                            {
                                                "kind": "CommaToken",
                                                "fullStart": 583,
                                                "start": 583,
                                                "fullWidth": 1,
                                                "width": 1,
                                                "text": ",",
                                                "value": ",",
                                                "valueText": ","
                                            },
                                            {
                                                "kind": "NumericLiteral",
                                                "fullStart": 584,
                                                "start": 585,
                                                "fullWidth": 2,
                                                "width": 1,
                                                "text": "2",
                                                "value": 2,
                                                "valueText": "2",
                                                "hasLeadingTrivia": true,
                                                "leadingTrivia": [
                                                    {
                                                        "kind": "WhitespaceTrivia",
                                                        "fullStart": 584,
                                                        "fullEnd": 585,
                                                        "text": " "
                                                    }
                                                ]
                                            },
                                            {
                                                "kind": "CommaToken",
                                                "fullStart": 586,
                                                "start": 586,
                                                "fullWidth": 1,
                                                "width": 1,
                                                "text": ",",
                                                "value": ",",
                                                "valueText": ","
                                            },
                                            {
                                                "kind": "NumericLiteral",
                                                "fullStart": 587,
                                                "start": 588,
                                                "fullWidth": 2,
                                                "width": 1,
                                                "text": "3",
                                                "value": 3,
                                                "valueText": "3",
                                                "hasLeadingTrivia": true,
                                                "leadingTrivia": [
                                                    {
                                                        "kind": "WhitespaceTrivia",
                                                        "fullStart": 587,
                                                        "fullEnd": 588,
                                                        "text": " "
                                                    }
                                                ]
                                            }
                                        ],
                                        "closeParenToken": {
                                            "kind": "CloseParenToken",
                                            "fullStart": 589,
                                            "start": 589,
                                            "fullWidth": 1,
                                            "width": 1,
                                            "text": ")",
                                            "value": ")",
                                            "valueText": ")"
                                        }
                                    }
                                }
                            },
                            "semicolonToken": {
                                "kind": "SemicolonToken",
                                "fullStart": 590,
                                "start": 590,
                                "fullWidth": 1,
                                "width": 1,
                                "text": ";",
                                "value": ";",
                                "valueText": ";"
                            }
                        },
                        {
                            "kind": "FunctionDeclaration",
                            "fullStart": 591,
                            "fullEnd": 612,
                            "start": 595,
                            "fullWidth": 21,
                            "width": 17,
                            "modifiers": [],
                            "functionKeyword": {
                                "kind": "FunctionKeyword",
                                "fullStart": 591,
                                "start": 595,
                                "fullWidth": 12,
                                "width": 8,
                                "text": "function",
                                "value": "function",
                                "valueText": "function",
                                "hasLeadingTrivia": true,
                                "hasLeadingNewLine": true,
                                "leadingTrivia": [
                                    {
                                        "kind": "NewLineTrivia",
                                        "fullStart": 591,
                                        "fullEnd": 593,
                                        "text": "\r\n"
                                    },
                                    {
                                        "kind": "WhitespaceTrivia",
                                        "fullStart": 593,
                                        "fullEnd": 595,
                                        "text": "  "
                                    }
                                ]
                            },
                            "identifier": {
                                "kind": "IdentifierName",
                                "fullStart": 603,
                                "start": 604,
                                "fullWidth": 4,
                                "width": 3,
                                "text": "foo",
                                "value": "foo",
                                "valueText": "foo",
                                "hasLeadingTrivia": true,
                                "leadingTrivia": [
                                    {
                                        "kind": "WhitespaceTrivia",
                                        "fullStart": 603,
                                        "fullEnd": 604,
                                        "text": " "
                                    }
                                ]
                            },
                            "callSignature": {
                                "kind": "CallSignature",
                                "fullStart": 607,
                                "fullEnd": 609,
                                "start": 607,
                                "fullWidth": 2,
                                "width": 2,
                                "parameterList": {
                                    "kind": "ParameterList",
                                    "fullStart": 607,
                                    "fullEnd": 609,
                                    "start": 607,
                                    "fullWidth": 2,
                                    "width": 2,
                                    "openParenToken": {
                                        "kind": "OpenParenToken",
                                        "fullStart": 607,
                                        "start": 607,
                                        "fullWidth": 1,
                                        "width": 1,
                                        "text": "(",
                                        "value": "(",
                                        "valueText": "("
                                    },
                                    "parameters": [],
                                    "closeParenToken": {
                                        "kind": "CloseParenToken",
                                        "fullStart": 608,
                                        "start": 608,
                                        "fullWidth": 1,
                                        "width": 1,
                                        "text": ")",
                                        "value": ")",
                                        "valueText": ")"
                                    }
                                }
                            },
                            "block": {
                                "kind": "Block",
                                "fullStart": 609,
                                "fullEnd": 612,
                                "start": 610,
                                "fullWidth": 3,
                                "width": 2,
                                "openBraceToken": {
                                    "kind": "OpenBraceToken",
                                    "fullStart": 609,
                                    "start": 610,
                                    "fullWidth": 2,
                                    "width": 1,
                                    "text": "{",
                                    "value": "{",
                                    "valueText": "{",
                                    "hasLeadingTrivia": true,
                                    "leadingTrivia": [
                                        {
                                            "kind": "WhitespaceTrivia",
                                            "fullStart": 609,
                                            "fullEnd": 610,
                                            "text": " "
                                        }
                                    ]
                                },
                                "statements": [],
                                "closeBraceToken": {
                                    "kind": "CloseBraceToken",
                                    "fullStart": 611,
                                    "start": 611,
                                    "fullWidth": 1,
                                    "width": 1,
                                    "text": "}",
                                    "value": "}",
                                    "valueText": "}"
                                }
                            }
                        },
                        {
                            "kind": "VariableStatement",
                            "fullStart": 612,
                            "fullEnd": 634,
                            "start": 616,
                            "fullWidth": 22,
                            "width": 18,
                            "modifiers": [],
                            "variableDeclaration": {
                                "kind": "VariableDeclaration",
                                "fullStart": 612,
                                "fullEnd": 633,
                                "start": 616,
                                "fullWidth": 21,
                                "width": 17,
                                "varKeyword": {
                                    "kind": "VarKeyword",
                                    "fullStart": 612,
                                    "start": 616,
                                    "fullWidth": 7,
                                    "width": 3,
                                    "text": "var",
                                    "value": "var",
                                    "valueText": "var",
                                    "hasLeadingTrivia": true,
                                    "hasLeadingNewLine": true,
                                    "leadingTrivia": [
                                        {
                                            "kind": "NewLineTrivia",
                                            "fullStart": 612,
                                            "fullEnd": 614,
                                            "text": "\r\n"
                                        },
                                        {
                                            "kind": "WhitespaceTrivia",
                                            "fullStart": 614,
                                            "fullEnd": 616,
                                            "text": "  "
                                        }
                                    ]
                                },
                                "variableDeclarators": [
                                    {
                                        "kind": "VariableDeclarator",
                                        "fullStart": 619,
                                        "fullEnd": 633,
                                        "start": 620,
                                        "fullWidth": 14,
                                        "width": 13,
                                        "propertyName": {
                                            "kind": "IdentifierName",
                                            "fullStart": 619,
                                            "start": 620,
                                            "fullWidth": 2,
                                            "width": 1,
                                            "text": "f",
                                            "value": "f",
                                            "valueText": "f",
                                            "hasLeadingTrivia": true,
                                            "leadingTrivia": [
                                                {
                                                    "kind": "WhitespaceTrivia",
                                                    "fullStart": 619,
                                                    "fullEnd": 620,
                                                    "text": " "
                                                }
                                            ]
                                        },
                                        "equalsValueClause": {
                                            "kind": "EqualsValueClause",
                                            "fullStart": 621,
                                            "fullEnd": 633,
                                            "start": 622,
                                            "fullWidth": 12,
                                            "width": 11,
                                            "equalsToken": {
                                                "kind": "EqualsToken",
                                                "fullStart": 621,
                                                "start": 622,
                                                "fullWidth": 2,
                                                "width": 1,
                                                "text": "=",
                                                "value": "=",
                                                "valueText": "=",
                                                "hasLeadingTrivia": true,
                                                "leadingTrivia": [
                                                    {
                                                        "kind": "WhitespaceTrivia",
                                                        "fullStart": 621,
                                                        "fullEnd": 622,
                                                        "text": " "
                                                    }
                                                ]
                                            },
                                            "value": {
                                                "kind": "ObjectCreationExpression",
                                                "fullStart": 623,
                                                "fullEnd": 633,
                                                "start": 624,
                                                "fullWidth": 10,
                                                "width": 9,
                                                "newKeyword": {
                                                    "kind": "NewKeyword",
                                                    "fullStart": 623,
                                                    "start": 624,
                                                    "fullWidth": 4,
                                                    "width": 3,
                                                    "text": "new",
                                                    "value": "new",
                                                    "valueText": "new",
                                                    "hasLeadingTrivia": true,
                                                    "leadingTrivia": [
                                                        {
                                                            "kind": "WhitespaceTrivia",
                                                            "fullStart": 623,
                                                            "fullEnd": 624,
                                                            "text": " "
                                                        }
                                                    ]
                                                },
                                                "expression": {
                                                    "kind": "IdentifierName",
                                                    "fullStart": 627,
                                                    "start": 628,
                                                    "fullWidth": 4,
                                                    "width": 3,
                                                    "text": "foo",
                                                    "value": "foo",
                                                    "valueText": "foo",
                                                    "hasLeadingTrivia": true,
                                                    "leadingTrivia": [
                                                        {
                                                            "kind": "WhitespaceTrivia",
                                                            "fullStart": 627,
                                                            "fullEnd": 628,
                                                            "text": " "
                                                        }
                                                    ]
                                                },
                                                "argumentList": {
                                                    "kind": "ArgumentList",
                                                    "fullStart": 631,
                                                    "fullEnd": 633,
                                                    "start": 631,
                                                    "fullWidth": 2,
                                                    "width": 2,
                                                    "openParenToken": {
                                                        "kind": "OpenParenToken",
                                                        "fullStart": 631,
                                                        "start": 631,
                                                        "fullWidth": 1,
                                                        "width": 1,
                                                        "text": "(",
                                                        "value": "(",
                                                        "valueText": "("
                                                    },
                                                    "arguments": [],
                                                    "closeParenToken": {
                                                        "kind": "CloseParenToken",
                                                        "fullStart": 632,
                                                        "start": 632,
                                                        "fullWidth": 1,
                                                        "width": 1,
                                                        "text": ")",
                                                        "value": ")",
                                                        "valueText": ")"
                                                    }
                                                }
                                            }
                                        }
                                    }
                                ]
                            },
                            "semicolonToken": {
                                "kind": "SemicolonToken",
                                "fullStart": 633,
                                "start": 633,
                                "fullWidth": 1,
                                "width": 1,
                                "text": ";",
                                "value": ";",
                                "valueText": ";"
                            }
                        },
                        {
                            "kind": "ExpressionStatement",
                            "fullStart": 634,
                            "fullEnd": 651,
                            "start": 638,
                            "fullWidth": 17,
                            "width": 13,
                            "expression": {
                                "kind": "BinaryExpression",
                                "fullStart": 634,
                                "fullEnd": 650,
                                "start": 638,
                                "fullWidth": 16,
                                "width": 12,
                                "left": {
                                    "kind": "MemberAccessExpression",
                                    "fullStart": 634,
                                    "fullEnd": 646,
                                    "start": 638,
                                    "fullWidth": 12,
                                    "width": 8,
                                    "expression": {
                                        "kind": "IdentifierName",
                                        "fullStart": 634,
                                        "start": 638,
                                        "fullWidth": 5,
                                        "width": 1,
                                        "text": "f",
                                        "value": "f",
                                        "valueText": "f",
                                        "hasLeadingTrivia": true,
                                        "hasLeadingNewLine": true,
                                        "leadingTrivia": [
                                            {
                                                "kind": "NewLineTrivia",
                                                "fullStart": 634,
                                                "fullEnd": 636,
                                                "text": "\r\n"
                                            },
                                            {
                                                "kind": "WhitespaceTrivia",
                                                "fullStart": 636,
                                                "fullEnd": 638,
                                                "text": "  "
                                            }
                                        ]
                                    },
                                    "dotToken": {
                                        "kind": "DotToken",
                                        "fullStart": 639,
                                        "start": 639,
                                        "fullWidth": 1,
                                        "width": 1,
                                        "text": ".",
                                        "value": ".",
                                        "valueText": "."
                                    },
                                    "name": {
                                        "kind": "IdentifierName",
                                        "fullStart": 640,
                                        "start": 640,
                                        "fullWidth": 6,
                                        "width": 6,
                                        "text": "length",
                                        "value": "length",
                                        "valueText": "length"
                                    }
                                },
                                "operatorToken": {
                                    "kind": "EqualsToken",
                                    "fullStart": 646,
                                    "start": 647,
                                    "fullWidth": 2,
                                    "width": 1,
                                    "text": "=",
                                    "value": "=",
                                    "valueText": "=",
                                    "hasLeadingTrivia": true,
                                    "leadingTrivia": [
                                        {
                                            "kind": "WhitespaceTrivia",
                                            "fullStart": 646,
                                            "fullEnd": 647,
                                            "text": " "
                                        }
                                    ]
                                },
                                "right": {
                                    "kind": "NumericLiteral",
                                    "fullStart": 648,
                                    "start": 649,
                                    "fullWidth": 2,
                                    "width": 1,
                                    "text": "1",
                                    "value": 1,
                                    "valueText": "1",
                                    "hasLeadingTrivia": true,
                                    "leadingTrivia": [
                                        {
                                            "kind": "WhitespaceTrivia",
                                            "fullStart": 648,
                                            "fullEnd": 649,
                                            "text": " "
                                        }
                                    ]
                                }
                            },
                            "semicolonToken": {
                                "kind": "SemicolonToken",
                                "fullStart": 650,
                                "start": 650,
                                "fullWidth": 1,
                                "width": 1,
                                "text": ";",
                                "value": ";",
                                "valueText": ";"
                            }
                        },
                        {
                            "kind": "FunctionDeclaration",
                            "fullStart": 651,
                            "fullEnd": 686,
                            "start": 659,
                            "fullWidth": 35,
                            "width": 27,
                            "modifiers": [],
                            "functionKeyword": {
                                "kind": "FunctionKeyword",
                                "fullStart": 651,
                                "start": 659,
                                "fullWidth": 16,
                                "width": 8,
                                "text": "function",
                                "value": "function",
                                "valueText": "function",
                                "hasLeadingTrivia": true,
                                "hasLeadingNewLine": true,
                                "leadingTrivia": [
                                    {
                                        "kind": "NewLineTrivia",
                                        "fullStart": 651,
                                        "fullEnd": 653,
                                        "text": "\r\n"
                                    },
                                    {
                                        "kind": "WhitespaceTrivia",
                                        "fullStart": 653,
                                        "fullEnd": 655,
                                        "text": "  "
                                    },
                                    {
                                        "kind": "NewLineTrivia",
                                        "fullStart": 655,
                                        "fullEnd": 657,
                                        "text": "\r\n"
                                    },
                                    {
                                        "kind": "WhitespaceTrivia",
                                        "fullStart": 657,
                                        "fullEnd": 659,
                                        "text": "  "
                                    }
                                ]
                            },
                            "identifier": {
                                "kind": "IdentifierName",
                                "fullStart": 667,
                                "start": 668,
                                "fullWidth": 3,
                                "width": 2,
                                "text": "cb",
                                "value": "cb",
                                "valueText": "cb",
                                "hasLeadingTrivia": true,
                                "leadingTrivia": [
                                    {
                                        "kind": "WhitespaceTrivia",
                                        "fullStart": 667,
                                        "fullEnd": 668,
                                        "text": " "
                                    }
                                ]
                            },
                            "callSignature": {
                                "kind": "CallSignature",
                                "fullStart": 670,
                                "fullEnd": 672,
                                "start": 670,
                                "fullWidth": 2,
                                "width": 2,
                                "parameterList": {
                                    "kind": "ParameterList",
                                    "fullStart": 670,
                                    "fullEnd": 672,
                                    "start": 670,
                                    "fullWidth": 2,
                                    "width": 2,
                                    "openParenToken": {
                                        "kind": "OpenParenToken",
                                        "fullStart": 670,
                                        "start": 670,
                                        "fullWidth": 1,
                                        "width": 1,
                                        "text": "(",
                                        "value": "(",
                                        "valueText": "("
                                    },
                                    "parameters": [],
                                    "closeParenToken": {
                                        "kind": "CloseParenToken",
                                        "fullStart": 671,
                                        "start": 671,
                                        "fullWidth": 1,
                                        "width": 1,
                                        "text": ")",
                                        "value": ")",
                                        "valueText": ")"
                                    }
                                }
                            },
                            "block": {
                                "kind": "Block",
                                "fullStart": 672,
                                "fullEnd": 686,
                                "start": 672,
                                "fullWidth": 14,
                                "width": 14,
                                "openBraceToken": {
                                    "kind": "OpenBraceToken",
                                    "fullStart": 672,
                                    "start": 672,
                                    "fullWidth": 1,
                                    "width": 1,
                                    "text": "{",
                                    "value": "{",
                                    "valueText": "{"
                                },
                                "statements": [
                                    {
                                        "kind": "ReturnStatement",
                                        "fullStart": 673,
                                        "fullEnd": 685,
                                        "start": 673,
                                        "fullWidth": 12,
                                        "width": 12,
                                        "returnKeyword": {
                                            "kind": "ReturnKeyword",
                                            "fullStart": 673,
                                            "start": 673,
                                            "fullWidth": 6,
                                            "width": 6,
                                            "text": "return",
                                            "value": "return",
                                            "valueText": "return"
                                        },
                                        "expression": {
                                            "kind": "TrueKeyword",
                                            "fullStart": 679,
                                            "start": 680,
                                            "fullWidth": 5,
                                            "width": 4,
                                            "text": "true",
                                            "value": true,
                                            "valueText": "true",
                                            "hasLeadingTrivia": true,
                                            "leadingTrivia": [
                                                {
                                                    "kind": "WhitespaceTrivia",
                                                    "fullStart": 679,
                                                    "fullEnd": 680,
                                                    "text": " "
                                                }
                                            ]
                                        },
                                        "semicolonToken": {
                                            "kind": "SemicolonToken",
                                            "fullStart": 684,
                                            "start": 684,
                                            "fullWidth": 1,
                                            "width": 1,
                                            "text": ";",
                                            "value": ";",
                                            "valueText": ";"
                                        }
                                    }
                                ],
                                "closeBraceToken": {
                                    "kind": "CloseBraceToken",
                                    "fullStart": 685,
                                    "start": 685,
                                    "fullWidth": 1,
                                    "width": 1,
                                    "text": "}",
                                    "value": "}",
                                    "valueText": "}"
                                }
                            }
                        },
                        {
                            "kind": "VariableStatement",
                            "fullStart": 686,
                            "fullEnd": 711,
                            "start": 690,
                            "fullWidth": 25,
                            "width": 21,
                            "modifiers": [],
                            "variableDeclaration": {
                                "kind": "VariableDeclaration",
                                "fullStart": 686,
                                "fullEnd": 710,
                                "start": 690,
                                "fullWidth": 24,
                                "width": 20,
                                "varKeyword": {
                                    "kind": "VarKeyword",
                                    "fullStart": 686,
                                    "start": 690,
                                    "fullWidth": 7,
                                    "width": 3,
                                    "text": "var",
                                    "value": "var",
                                    "valueText": "var",
                                    "hasLeadingTrivia": true,
                                    "hasLeadingNewLine": true,
                                    "leadingTrivia": [
                                        {
                                            "kind": "NewLineTrivia",
                                            "fullStart": 686,
                                            "fullEnd": 688,
                                            "text": "\r\n"
                                        },
                                        {
                                            "kind": "WhitespaceTrivia",
                                            "fullStart": 688,
                                            "fullEnd": 690,
                                            "text": "  "
                                        }
                                    ]
                                },
                                "variableDeclarators": [
                                    {
                                        "kind": "VariableDeclarator",
                                        "fullStart": 693,
                                        "fullEnd": 710,
                                        "start": 694,
                                        "fullWidth": 17,
                                        "width": 16,
                                        "propertyName": {
                                            "kind": "IdentifierName",
                                            "fullStart": 693,
                                            "start": 694,
                                            "fullWidth": 2,
                                            "width": 1,
                                            "text": "a",
                                            "value": "a",
                                            "valueText": "a",
                                            "hasLeadingTrivia": true,
                                            "leadingTrivia": [
                                                {
                                                    "kind": "WhitespaceTrivia",
                                                    "fullStart": 693,
                                                    "fullEnd": 694,
                                                    "text": " "
                                                }
                                            ]
                                        },
                                        "equalsValueClause": {
                                            "kind": "EqualsValueClause",
                                            "fullStart": 695,
                                            "fullEnd": 710,
                                            "start": 696,
                                            "fullWidth": 15,
                                            "width": 14,
                                            "equalsToken": {
                                                "kind": "EqualsToken",
                                                "fullStart": 695,
                                                "start": 696,
                                                "fullWidth": 2,
                                                "width": 1,
                                                "text": "=",
                                                "value": "=",
                                                "valueText": "=",
                                                "hasLeadingTrivia": true,
                                                "leadingTrivia": [
                                                    {
                                                        "kind": "WhitespaceTrivia",
                                                        "fullStart": 695,
                                                        "fullEnd": 696,
                                                        "text": " "
                                                    }
                                                ]
                                            },
                                            "value": {
                                                "kind": "InvocationExpression",
                                                "fullStart": 697,
                                                "fullEnd": 710,
                                                "start": 698,
                                                "fullWidth": 13,
                                                "width": 12,
                                                "expression": {
                                                    "kind": "MemberAccessExpression",
                                                    "fullStart": 697,
                                                    "fullEnd": 706,
                                                    "start": 698,
                                                    "fullWidth": 9,
                                                    "width": 8,
                                                    "expression": {
                                                        "kind": "IdentifierName",
                                                        "fullStart": 697,
                                                        "start": 698,
                                                        "fullWidth": 2,
                                                        "width": 1,
                                                        "text": "f",
                                                        "value": "f",
                                                        "valueText": "f",
                                                        "hasLeadingTrivia": true,
                                                        "leadingTrivia": [
                                                            {
                                                                "kind": "WhitespaceTrivia",
                                                                "fullStart": 697,
                                                                "fullEnd": 698,
                                                                "text": " "
                                                            }
                                                        ]
                                                    },
                                                    "dotToken": {
                                                        "kind": "DotToken",
                                                        "fullStart": 699,
                                                        "start": 699,
                                                        "fullWidth": 1,
                                                        "width": 1,
                                                        "text": ".",
                                                        "value": ".",
                                                        "valueText": "."
                                                    },
                                                    "name": {
                                                        "kind": "IdentifierName",
                                                        "fullStart": 700,
                                                        "start": 700,
                                                        "fullWidth": 6,
                                                        "width": 6,
                                                        "text": "filter",
                                                        "value": "filter",
                                                        "valueText": "filter"
                                                    }
                                                },
                                                "argumentList": {
                                                    "kind": "ArgumentList",
                                                    "fullStart": 706,
                                                    "fullEnd": 710,
                                                    "start": 706,
                                                    "fullWidth": 4,
                                                    "width": 4,
                                                    "openParenToken": {
                                                        "kind": "OpenParenToken",
                                                        "fullStart": 706,
                                                        "start": 706,
                                                        "fullWidth": 1,
                                                        "width": 1,
                                                        "text": "(",
                                                        "value": "(",
                                                        "valueText": "("
                                                    },
                                                    "arguments": [
                                                        {
                                                            "kind": "IdentifierName",
                                                            "fullStart": 707,
                                                            "start": 707,
                                                            "fullWidth": 2,
                                                            "width": 2,
                                                            "text": "cb",
                                                            "value": "cb",
                                                            "valueText": "cb"
                                                        }
                                                    ],
                                                    "closeParenToken": {
                                                        "kind": "CloseParenToken",
                                                        "fullStart": 709,
                                                        "start": 709,
                                                        "fullWidth": 1,
                                                        "width": 1,
                                                        "text": ")",
                                                        "value": ")",
                                                        "valueText": ")"
                                                    }
                                                }
                                            }
                                        }
                                    }
                                ]
                            },
                            "semicolonToken": {
                                "kind": "SemicolonToken",
                                "fullStart": 710,
                                "start": 710,
                                "fullWidth": 1,
                                "width": 1,
                                "text": ";",
                                "value": ";",
                                "valueText": ";"
                            }
                        },
                        {
                            "kind": "IfStatement",
                            "fullStart": 711,
                            "fullEnd": 790,
                            "start": 719,
                            "fullWidth": 79,
                            "width": 71,
                            "ifKeyword": {
                                "kind": "IfKeyword",
                                "fullStart": 711,
                                "start": 719,
                                "fullWidth": 10,
                                "width": 2,
                                "text": "if",
                                "value": "if",
                                "valueText": "if",
                                "hasLeadingTrivia": true,
                                "hasLeadingNewLine": true,
                                "leadingTrivia": [
                                    {
                                        "kind": "NewLineTrivia",
                                        "fullStart": 711,
                                        "fullEnd": 713,
                                        "text": "\r\n"
                                    },
                                    {
                                        "kind": "WhitespaceTrivia",
                                        "fullStart": 713,
                                        "fullEnd": 715,
                                        "text": "  "
                                    },
                                    {
                                        "kind": "NewLineTrivia",
                                        "fullStart": 715,
                                        "fullEnd": 717,
                                        "text": "\r\n"
                                    },
                                    {
                                        "kind": "WhitespaceTrivia",
                                        "fullStart": 717,
                                        "fullEnd": 719,
                                        "text": "  "
                                    }
                                ]
                            },
                            "openParenToken": {
                                "kind": "OpenParenToken",
                                "fullStart": 721,
                                "start": 722,
                                "fullWidth": 2,
                                "width": 1,
                                "text": "(",
                                "value": "(",
                                "valueText": "(",
                                "hasLeadingTrivia": true,
                                "leadingTrivia": [
                                    {
                                        "kind": "WhitespaceTrivia",
                                        "fullStart": 721,
                                        "fullEnd": 722,
                                        "text": " "
                                    }
                                ]
                            },
                            "condition": {
                                "kind": "BinaryExpression",
                                "fullStart": 723,
                                "fullEnd": 764,
                                "start": 723,
                                "fullWidth": 41,
                                "width": 41,
                                "left": {
                                    "kind": "InvocationExpression",
                                    "fullStart": 723,
                                    "fullEnd": 739,
                                    "start": 723,
                                    "fullWidth": 16,
                                    "width": 16,
                                    "expression": {
                                        "kind": "MemberAccessExpression",
                                        "fullStart": 723,
                                        "fullEnd": 736,
                                        "start": 723,
                                        "fullWidth": 13,
                                        "width": 13,
                                        "expression": {
                                            "kind": "IdentifierName",
                                            "fullStart": 723,
                                            "start": 723,
                                            "fullWidth": 5,
                                            "width": 5,
                                            "text": "Array",
                                            "value": "Array",
                                            "valueText": "Array"
                                        },
                                        "dotToken": {
                                            "kind": "DotToken",
                                            "fullStart": 728,
                                            "start": 728,
                                            "fullWidth": 1,
                                            "width": 1,
                                            "text": ".",
                                            "value": ".",
                                            "valueText": "."
                                        },
                                        "name": {
                                            "kind": "IdentifierName",
                                            "fullStart": 729,
                                            "start": 729,
                                            "fullWidth": 7,
                                            "width": 7,
                                            "text": "isArray",
                                            "value": "isArray",
                                            "valueText": "isArray"
                                        }
                                    },
                                    "argumentList": {
                                        "kind": "ArgumentList",
                                        "fullStart": 736,
                                        "fullEnd": 739,
                                        "start": 736,
                                        "fullWidth": 3,
                                        "width": 3,
                                        "openParenToken": {
                                            "kind": "OpenParenToken",
                                            "fullStart": 736,
                                            "start": 736,
                                            "fullWidth": 1,
                                            "width": 1,
                                            "text": "(",
                                            "value": "(",
                                            "valueText": "("
                                        },
                                        "arguments": [
                                            {
                                                "kind": "IdentifierName",
                                                "fullStart": 737,
                                                "start": 737,
                                                "fullWidth": 1,
                                                "width": 1,
                                                "text": "a",
                                                "value": "a",
                                                "valueText": "a"
                                            }
                                        ],
                                        "closeParenToken": {
                                            "kind": "CloseParenToken",
                                            "fullStart": 738,
                                            "start": 738,
                                            "fullWidth": 1,
                                            "width": 1,
                                            "text": ")",
                                            "value": ")",
                                            "valueText": ")"
                                        }
                                    }
                                },
                                "operatorToken": {
                                    "kind": "AmpersandAmpersandToken",
                                    "fullStart": 739,
                                    "start": 740,
                                    "fullWidth": 3,
                                    "width": 2,
                                    "text": "&&",
                                    "value": "&&",
                                    "valueText": "&&",
                                    "hasLeadingTrivia": true,
                                    "leadingTrivia": [
                                        {
                                            "kind": "WhitespaceTrivia",
                                            "fullStart": 739,
                                            "fullEnd": 740,
                                            "text": " "
                                        }
                                    ]
                                },
                                "right": {
                                    "kind": "BinaryExpression",
                                    "fullStart": 742,
                                    "fullEnd": 764,
                                    "start": 750,
                                    "fullWidth": 22,
                                    "width": 14,
                                    "left": {
                                        "kind": "MemberAccessExpression",
                                        "fullStart": 742,
                                        "fullEnd": 758,
                                        "start": 750,
                                        "fullWidth": 16,
                                        "width": 8,
                                        "expression": {
                                            "kind": "IdentifierName",
                                            "fullStart": 742,
                                            "start": 750,
                                            "fullWidth": 9,
                                            "width": 1,
                                            "text": "a",
                                            "value": "a",
                                            "valueText": "a",
                                            "hasLeadingTrivia": true,
                                            "hasLeadingNewLine": true,
                                            "leadingTrivia": [
                                                {
                                                    "kind": "NewLineTrivia",
                                                    "fullStart": 742,
                                                    "fullEnd": 744,
                                                    "text": "\r\n"
                                                },
                                                {
                                                    "kind": "WhitespaceTrivia",
                                                    "fullStart": 744,
                                                    "fullEnd": 750,
                                                    "text": "      "
                                                }
                                            ]
                                        },
                                        "dotToken": {
                                            "kind": "DotToken",
                                            "fullStart": 751,
                                            "start": 751,
                                            "fullWidth": 1,
                                            "width": 1,
                                            "text": ".",
                                            "value": ".",
                                            "valueText": "."
                                        },
                                        "name": {
                                            "kind": "IdentifierName",
                                            "fullStart": 752,
                                            "start": 752,
                                            "fullWidth": 6,
                                            "width": 6,
                                            "text": "length",
                                            "value": "length",
                                            "valueText": "length"
                                        }
                                    },
                                    "operatorToken": {
                                        "kind": "EqualsEqualsEqualsToken",
                                        "fullStart": 758,
                                        "start": 759,
                                        "fullWidth": 4,
                                        "width": 3,
                                        "text": "===",
                                        "value": "===",
                                        "valueText": "===",
                                        "hasLeadingTrivia": true,
                                        "leadingTrivia": [
                                            {
                                                "kind": "WhitespaceTrivia",
                                                "fullStart": 758,
                                                "fullEnd": 759,
                                                "text": " "
                                            }
                                        ]
                                    },
                                    "right": {
                                        "kind": "NumericLiteral",
                                        "fullStart": 762,
                                        "start": 763,
                                        "fullWidth": 2,
                                        "width": 1,
                                        "text": "1",
                                        "value": 1,
                                        "valueText": "1",
                                        "hasLeadingTrivia": true,
                                        "leadingTrivia": [
                                            {
                                                "kind": "WhitespaceTrivia",
                                                "fullStart": 762,
                                                "fullEnd": 763,
                                                "text": " "
                                            }
                                        ]
                                    }
                                }
                            },
                            "closeParenToken": {
                                "kind": "CloseParenToken",
                                "fullStart": 764,
                                "start": 764,
                                "fullWidth": 1,
                                "width": 1,
                                "text": ")",
                                "value": ")",
                                "valueText": ")"
                            },
                            "statement": {
                                "kind": "Block",
                                "fullStart": 765,
                                "fullEnd": 790,
                                "start": 766,
                                "fullWidth": 25,
                                "width": 24,
                                "openBraceToken": {
                                    "kind": "OpenBraceToken",
                                    "fullStart": 765,
                                    "start": 766,
                                    "fullWidth": 2,
                                    "width": 1,
                                    "text": "{",
                                    "value": "{",
                                    "valueText": "{",
                                    "hasLeadingTrivia": true,
                                    "leadingTrivia": [
                                        {
                                            "kind": "WhitespaceTrivia",
                                            "fullStart": 765,
                                            "fullEnd": 766,
                                            "text": " "
                                        }
                                    ]
                                },
                                "statements": [
                                    {
                                        "kind": "ReturnStatement",
                                        "fullStart": 767,
                                        "fullEnd": 785,
                                        "start": 773,
                                        "fullWidth": 18,
                                        "width": 12,
                                        "returnKeyword": {
                                            "kind": "ReturnKeyword",
                                            "fullStart": 767,
                                            "start": 773,
                                            "fullWidth": 12,
                                            "width": 6,
                                            "text": "return",
                                            "value": "return",
                                            "valueText": "return",
                                            "hasLeadingTrivia": true,
                                            "hasLeadingNewLine": true,
                                            "leadingTrivia": [
                                                {
                                                    "kind": "NewLineTrivia",
                                                    "fullStart": 767,
                                                    "fullEnd": 769,
                                                    "text": "\r\n"
                                                },
                                                {
                                                    "kind": "WhitespaceTrivia",
                                                    "fullStart": 769,
                                                    "fullEnd": 773,
                                                    "text": "    "
                                                }
                                            ]
                                        },
                                        "expression": {
                                            "kind": "TrueKeyword",
                                            "fullStart": 779,
                                            "start": 780,
                                            "fullWidth": 5,
                                            "width": 4,
                                            "text": "true",
                                            "value": true,
                                            "valueText": "true",
                                            "hasLeadingTrivia": true,
                                            "leadingTrivia": [
                                                {
                                                    "kind": "WhitespaceTrivia",
                                                    "fullStart": 779,
                                                    "fullEnd": 780,
                                                    "text": " "
                                                }
                                            ]
                                        },
                                        "semicolonToken": {
                                            "kind": "SemicolonToken",
                                            "fullStart": 784,
                                            "start": 784,
                                            "fullWidth": 1,
                                            "width": 1,
                                            "text": ";",
                                            "value": ";",
                                            "valueText": ";"
                                        }
                                    }
                                ],
                                "closeBraceToken": {
                                    "kind": "CloseBraceToken",
                                    "fullStart": 785,
                                    "start": 789,
                                    "fullWidth": 5,
                                    "width": 1,
                                    "text": "}",
                                    "value": "}",
                                    "valueText": "}",
                                    "hasLeadingTrivia": true,
                                    "hasLeadingNewLine": true,
                                    "leadingTrivia": [
                                        {
                                            "kind": "NewLineTrivia",
                                            "fullStart": 785,
                                            "fullEnd": 787,
                                            "text": "\r\n"
                                        },
                                        {
                                            "kind": "WhitespaceTrivia",
                                            "fullStart": 787,
                                            "fullEnd": 789,
                                            "text": "  "
                                        }
                                    ]
                                }
                            }
                        }
                    ],
                    "closeBraceToken": {
                        "kind": "CloseBraceToken",
                        "fullStart": 790,
                        "start": 793,
                        "fullWidth": 4,
                        "width": 1,
                        "text": "}",
                        "value": "}",
                        "valueText": "}",
                        "hasLeadingTrivia": true,
                        "hasLeadingNewLine": true,
                        "leadingTrivia": [
                            {
                                "kind": "NewLineTrivia",
                                "fullStart": 790,
                                "fullEnd": 792,
                                "text": "\r\n"
                            },
                            {
                                "kind": "WhitespaceTrivia",
                                "fullStart": 792,
                                "fullEnd": 793,
                                "text": " "
                            }
                        ]
                    }
                }
            },
            {
                "kind": "ExpressionStatement",
                "fullStart": 794,
                "fullEnd": 818,
                "start": 796,
                "fullWidth": 24,
                "width": 22,
                "expression": {
                    "kind": "InvocationExpression",
                    "fullStart": 794,
                    "fullEnd": 817,
                    "start": 796,
                    "fullWidth": 23,
                    "width": 21,
                    "expression": {
                        "kind": "IdentifierName",
                        "fullStart": 794,
                        "start": 796,
                        "fullWidth": 13,
                        "width": 11,
                        "text": "runTestCase",
                        "value": "runTestCase",
                        "valueText": "runTestCase",
                        "hasLeadingTrivia": true,
                        "hasLeadingNewLine": true,
                        "leadingTrivia": [
                            {
                                "kind": "NewLineTrivia",
                                "fullStart": 794,
                                "fullEnd": 796,
                                "text": "\r\n"
                            }
                        ]
                    },
                    "argumentList": {
                        "kind": "ArgumentList",
                        "fullStart": 807,
                        "fullEnd": 817,
                        "start": 807,
                        "fullWidth": 10,
                        "width": 10,
                        "openParenToken": {
                            "kind": "OpenParenToken",
                            "fullStart": 807,
                            "start": 807,
                            "fullWidth": 1,
                            "width": 1,
                            "text": "(",
                            "value": "(",
                            "valueText": "("
                        },
                        "arguments": [
                            {
                                "kind": "IdentifierName",
                                "fullStart": 808,
                                "start": 808,
                                "fullWidth": 8,
                                "width": 8,
                                "text": "testcase",
                                "value": "testcase",
                                "valueText": "testcase"
                            }
                        ],
                        "closeParenToken": {
                            "kind": "CloseParenToken",
                            "fullStart": 816,
                            "start": 816,
                            "fullWidth": 1,
                            "width": 1,
                            "text": ")",
                            "value": ")",
                            "valueText": ")"
                        }
                    }
                },
                "semicolonToken": {
                    "kind": "SemicolonToken",
                    "fullStart": 817,
                    "start": 817,
                    "fullWidth": 1,
                    "width": 1,
                    "text": ";",
                    "value": ";",
                    "valueText": ";"
                }
            }
        ],
        "endOfFileToken": {
            "kind": "EndOfFileToken",
            "fullStart": 818,
            "start": 820,
            "fullWidth": 2,
            "width": 0,
            "text": "",
            "hasLeadingTrivia": true,
            "hasLeadingNewLine": true,
            "leadingTrivia": [
                {
                    "kind": "NewLineTrivia",
                    "fullStart": 818,
                    "fullEnd": 820,
                    "text": "\r\n"
                }
            ]
        }
    },
    "lineMap": {
        "lineStarts": [
            0,
            67,
            152,
            232,
            308,
            380,
            385,
            440,
            522,
            527,
            529,
            531,
            554,
            593,
            614,
            636,
            653,
            657,
            688,
            713,
            717,
            744,
            769,
            787,
            792,
            796,
            820
        ],
        "length": 820
    }
}