{
    "isDeclaration": false,
    "languageVersion": "EcmaScript5",
    "sourceUnit": {
        "kind": "SourceUnit",
        "start": 306,
        "end": 319,
        "width": 13,
        "moduleElements": [
            {
                "kind": "VariableStatement",
                "start": 306,
                "end": 315,
                "width": 9,
                "variableDeclaration": {
                    "kind": "VariableDeclaration",
                    "start": 306,
                    "end": 315,
                    "width": 9,
                    "varKeyword": {
                        "kind": "VarKeyword",
                        "fullStart": 0,
                        "start": 306,
                        "fullWidth": 309,
                        "width": 3,
                        "text": "var",
                        "value": "var",
                        "valueText": "var",
                        "hasLeadingTrivia": true,
                        "hasLeadingComment": true,
                        "hasLeadingNewLine": true,
                        "leadingTrivia": [
                            {
                                "kind": "SingleLineCommentTrivia",
                                "fullStart": 0,
                                "fullEnd": 60,
                                "text": "// Copyright 2009 the Sputnik authors.  All rights reserved."
                            },
                            {
                                "kind": "NewLineTrivia",
                                "fullStart": 60,
                                "fullEnd": 61,
                                "text": "\n"
                            },
                            {
                                "kind": "SingleLineCommentTrivia",
                                "fullStart": 61,
                                "fullEnd": 131,
                                "text": "// This code is governed by the BSD license found in the LICENSE file."
                            },
                            {
                                "kind": "NewLineTrivia",
                                "fullStart": 131,
                                "fullEnd": 132,
                                "text": "\n"
                            },
                            {
                                "kind": "NewLineTrivia",
                                "fullStart": 132,
                                "fullEnd": 133,
                                "text": "\n"
                            },
                            {
                                "kind": "MultiLineCommentTrivia",
                                "fullStart": 133,
                                "fullEnd": 294,
                                "text": "/**\n * Check Var Statement for automatic semicolon insertion\n *\n * @path ch07/7.9/S7.9_A7_T6.js\n * @description Checking if execution of \"var x, \\n y\" passes\n */"
                            },
                            {
                                "kind": "NewLineTrivia",
                                "fullStart": 294,
                                "fullEnd": 295,
                                "text": "\n"
                            },
                            {
                                "kind": "NewLineTrivia",
                                "fullStart": 295,
                                "fullEnd": 296,
                                "text": "\n"
                            },
                            {
                                "kind": "SingleLineCommentTrivia",
                                "fullStart": 296,
                                "fullEnd": 305,
                                "text": "//CHECK#1"
                            },
                            {
                                "kind": "NewLineTrivia",
                                "fullStart": 305,
                                "fullEnd": 306,
                                "text": "\n"
                            }
                        ]
                    },
                    "variableDeclarators": [
                        {
                            "kind": "VariableDeclarator",
                            "start": 310,
                            "end": 311,
                            "width": 1,
                            "propertyName": {
                                "kind": "IdentifierName",
                                "fullStart": 309,
                                "start": 310,
                                "fullWidth": 2,
                                "width": 1,
                                "text": "x",
                                "value": "x",
                                "valueText": "x",
                                "hasLeadingTrivia": true,
                                "leadingTrivia": [
                                    {
                                        "kind": "WhitespaceTrivia",
                                        "fullStart": 309,
                                        "fullEnd": 310,
                                        "text": " "
                                    }
                                ]
                            }
                        },
                        {
                            "kind": "CommaToken",
                            "fullStart": 311,
                            "start": 311,
                            "fullWidth": 1,
                            "width": 1,
                            "text": ",",
                            "value": ",",
                            "valueText": ","
                        },
                        {
                            "kind": "VariableDeclarator",
                            "start": 314,
                            "end": 315,
                            "width": 1,
                            "propertyName": {
                                "kind": "IdentifierName",
                                "fullStart": 312,
                                "start": 314,
                                "fullWidth": 3,
                                "width": 1,
                                "text": "y",
                                "value": "y",
                                "valueText": "y",
                                "hasLeadingTrivia": true,
                                "hasLeadingNewLine": true,
                                "leadingTrivia": [
                                    {
                                        "kind": "WhitespaceTrivia",
                                        "fullStart": 312,
                                        "fullEnd": 313,
                                        "text": " "
                                    },
                                    {
                                        "kind": "NewLineTrivia",
                                        "fullStart": 313,
                                        "fullEnd": 314,
                                        "text": "\n"
                                    }
                                ]
                            }
                        }
                    ]
                }
            }
        ],
        "endOfFileToken": {
            "kind": "EndOfFileToken",
            "fullStart": 315,
            "start": 319,
            "fullWidth": 4,
            "width": 0,
            "text": "",
            "hasLeadingTrivia": true,
            "hasLeadingNewLine": true,
            "leadingTrivia": [
                {
                    "kind": "WhitespaceTrivia",
                    "fullStart": 315,
                    "fullEnd": 316,
                    "text": " "
                },
                {
                    "kind": "NewLineTrivia",
                    "fullStart": 316,
                    "fullEnd": 317,
                    "text": "\n"
                },
                {
                    "kind": "NewLineTrivia",
                    "fullStart": 317,
                    "fullEnd": 318,
                    "text": "\n"
                },
                {
                    "kind": "NewLineTrivia",
                    "fullStart": 318,
                    "fullEnd": 319,
                    "text": "\n"
                }
            ]
        }
    },
    "lineMap": {
        "lineStarts": [
            0,
            61,
            132,
            133,
            137,
            194,
            197,
            229,
            291,
            295,
            296,
            306,
            314,
            317,
            318,
            319
        ],
        "length": 319
    }
}