{
    "isDeclaration": false,
    "languageVersion": "EcmaScript5",
    "sourceUnit": {
        "kind": "SourceUnit",
        "start": 303,
        "end": 417,
        "width": 114,
        "moduleElements": [
            {
                "kind": "IfStatement",
                "start": 303,
                "end": 414,
                "width": 111,
                "ifKeyword": {
                    "kind": "IfKeyword",
                    "fullStart": 0,
                    "start": 303,
                    "fullWidth": 305,
                    "width": 2,
                    "text": "if",
                    "value": "if",
                    "valueText": "if",
                    "hasLeadingTrivia": true,
                    "hasLeadingComment": true,
                    "hasLeadingNewLine": true,
                    "leadingTrivia": [
                        {
                            "kind": "SingleLineCommentTrivia",
                            "fullStart": 0,
                            "fullEnd": 60,
                            "text": "// Copyright 2009 the Sputnik authors.  All rights reserved."
                        },
                        {
                            "kind": "NewLineTrivia",
                            "fullStart": 60,
                            "fullEnd": 61,
                            "text": "\n"
                        },
                        {
                            "kind": "SingleLineCommentTrivia",
                            "fullStart": 61,
                            "fullEnd": 131,
                            "text": "// This code is governed by the BSD license found in the LICENSE file."
                        },
                        {
                            "kind": "NewLineTrivia",
                            "fullStart": 131,
                            "fullEnd": 132,
                            "text": "\n"
                        },
                        {
                            "kind": "NewLineTrivia",
                            "fullStart": 132,
                            "fullEnd": 133,
                            "text": "\n"
                        },
                        {
                            "kind": "MultiLineCommentTrivia",
                            "fullStart": 133,
                            "fullEnd": 301,
                            "text": "/**\n * The Number constructor has the property \"prototype\"\n *\n * @path ch15/15.7/15.7.3/S15.7.3_A1.js\n * @description Checking existence of the property \"prototype\"\n */"
                        },
                        {
                            "kind": "NewLineTrivia",
                            "fullStart": 301,
                            "fullEnd": 302,
                            "text": "\n"
                        },
                        {
                            "kind": "NewLineTrivia",
                            "fullStart": 302,
                            "fullEnd": 303,
                            "text": "\n"
                        }
                    ]
                },
                "openParenToken": {
                    "kind": "OpenParenToken",
                    "fullStart": 305,
                    "start": 305,
                    "fullWidth": 1,
                    "width": 1,
                    "text": "(",
                    "value": "(",
                    "valueText": "("
                },
                "condition": {
                    "kind": "PrefixUnaryExpression",
                    "start": 306,
                    "end": 341,
                    "width": 35,
                    "operatorToken": {
                        "kind": "ExclamationToken",
                        "fullStart": 306,
                        "start": 306,
                        "fullWidth": 1,
                        "width": 1,
                        "text": "!",
                        "value": "!",
                        "valueText": "!"
                    },
                    "operand": {
                        "kind": "InvocationExpression",
                        "start": 307,
                        "end": 341,
                        "width": 34,
                        "expression": {
                            "kind": "PropertyAccessExpression",
                            "start": 307,
                            "end": 328,
                            "width": 21,
                            "expression": {
                                "kind": "IdentifierName",
                                "fullStart": 307,
                                "start": 307,
                                "fullWidth": 6,
                                "width": 6,
                                "text": "Number",
                                "value": "Number",
                                "valueText": "Number"
                            },
                            "dotToken": {
                                "kind": "DotToken",
                                "fullStart": 313,
                                "start": 313,
                                "fullWidth": 1,
                                "width": 1,
                                "text": ".",
                                "value": ".",
                                "valueText": "."
                            },
                            "name": {
                                "kind": "IdentifierName",
                                "fullStart": 314,
                                "start": 314,
                                "fullWidth": 14,
                                "width": 14,
                                "text": "hasOwnProperty",
                                "value": "hasOwnProperty",
                                "valueText": "hasOwnProperty"
                            }
                        },
                        "argumentList": {
                            "kind": "ArgumentList",
                            "start": 328,
                            "end": 341,
                            "width": 13,
                            "openParenToken": {
                                "kind": "OpenParenToken",
                                "fullStart": 328,
                                "start": 328,
                                "fullWidth": 1,
                                "width": 1,
                                "text": "(",
                                "value": "(",
                                "valueText": "("
                            },
                            "arguments": [
                                {
                                    "kind": "StringLiteral",
                                    "fullStart": 329,
                                    "start": 329,
                                    "fullWidth": 11,
                                    "width": 11,
                                    "text": "\"prototype\"",
                                    "value": "prototype",
                                    "valueText": "prototype"
                                }
                            ],
                            "closeParenToken": {
                                "kind": "CloseParenToken",
                                "fullStart": 340,
                                "start": 340,
                                "fullWidth": 1,
                                "width": 1,
                                "text": ")",
                                "value": ")",
                                "valueText": ")"
                            }
                        }
                    }
                },
                "closeParenToken": {
                    "kind": "CloseParenToken",
                    "fullStart": 341,
                    "start": 341,
                    "fullWidth": 1,
                    "width": 1,
                    "text": ")",
                    "value": ")",
                    "valueText": ")"
                },
                "statement": {
                    "kind": "Block",
                    "start": 342,
                    "end": 414,
                    "width": 72,
                    "openBraceToken": {
                        "kind": "OpenBraceToken",
                        "fullStart": 342,
                        "start": 342,
                        "fullWidth": 1,
                        "width": 1,
                        "text": "{",
                        "value": "{",
                        "valueText": "{"
                    },
                    "statements": [
                        {
                            "kind": "ExpressionStatement",
                            "start": 346,
                            "end": 412,
                            "width": 66,
                            "expression": {
                                "kind": "InvocationExpression",
                                "start": 346,
                                "end": 411,
                                "width": 65,
                                "expression": {
                                    "kind": "IdentifierName",
                                    "fullStart": 343,
                                    "start": 346,
                                    "fullWidth": 9,
                                    "width": 6,
                                    "text": "$ERROR",
                                    "value": "$ERROR",
                                    "valueText": "$ERROR",
                                    "hasLeadingTrivia": true,
                                    "hasLeadingNewLine": true,
                                    "leadingTrivia": [
                                        {
                                            "kind": "NewLineTrivia",
                                            "fullStart": 343,
                                            "fullEnd": 344,
                                            "text": "\n"
                                        },
                                        {
                                            "kind": "WhitespaceTrivia",
                                            "fullStart": 344,
                                            "fullEnd": 346,
                                            "text": "  "
                                        }
                                    ]
                                },
                                "argumentList": {
                                    "kind": "ArgumentList",
                                    "start": 352,
                                    "end": 411,
                                    "width": 59,
                                    "openParenToken": {
                                        "kind": "OpenParenToken",
                                        "fullStart": 352,
                                        "start": 352,
                                        "fullWidth": 1,
                                        "width": 1,
                                        "text": "(",
                                        "value": "(",
                                        "valueText": "("
                                    },
                                    "arguments": [
                                        {
                                            "kind": "StringLiteral",
                                            "fullStart": 353,
                                            "start": 353,
                                            "fullWidth": 57,
                                            "width": 57,
                                            "text": "'#1: The Number constructor has the property \"prototype\"'",
                                            "value": "#1: The Number constructor has the property \"prototype\"",
                                            "valueText": "#1: The Number constructor has the property \"prototype\""
                                        }
                                    ],
                                    "closeParenToken": {
                                        "kind": "CloseParenToken",
                                        "fullStart": 410,
                                        "start": 410,
                                        "fullWidth": 1,
                                        "width": 1,
                                        "text": ")",
                                        "value": ")",
                                        "valueText": ")"
                                    }
                                }
                            },
                            "semicolonToken": {
                                "kind": "SemicolonToken",
                                "fullStart": 411,
                                "start": 411,
                                "fullWidth": 1,
                                "width": 1,
                                "text": ";",
                                "value": ";",
                                "valueText": ";"
                            }
                        }
                    ],
                    "closeBraceToken": {
                        "kind": "CloseBraceToken",
                        "fullStart": 412,
                        "start": 413,
                        "fullWidth": 2,
                        "width": 1,
                        "text": "}",
                        "value": "}",
                        "valueText": "}",
                        "hasLeadingTrivia": true,
                        "hasLeadingNewLine": true,
                        "leadingTrivia": [
                            {
                                "kind": "NewLineTrivia",
                                "fullStart": 412,
                                "fullEnd": 413,
                                "text": "\n"
                            }
                        ]
                    }
                }
            }
        ],
        "endOfFileToken": {
            "kind": "EndOfFileToken",
            "fullStart": 414,
            "start": 417,
            "fullWidth": 3,
            "width": 0,
            "text": "",
            "hasLeadingTrivia": true,
            "hasLeadingNewLine": true,
            "leadingTrivia": [
                {
                    "kind": "NewLineTrivia",
                    "fullStart": 414,
                    "fullEnd": 415,
                    "text": "\n"
                },
                {
                    "kind": "NewLineTrivia",
                    "fullStart": 415,
                    "fullEnd": 416,
                    "text": "\n"
                },
                {
                    "kind": "NewLineTrivia",
                    "fullStart": 416,
                    "fullEnd": 417,
                    "text": "\n"
                }
            ]
        }
    },
    "lineMap": {
        "lineStarts": [
            0,
            61,
            132,
            133,
            137,
            192,
            195,
            235,
            298,
            302,
            303,
            344,
            413,
            415,
            416,
            417
        ],
        "length": 417
    }
}