{
    "isDeclaration": false,
    "languageVersion": "EcmaScript5",
    "diagnostics": [
        {
            "start": 0,
            "length": 3,
            "diagnosticCode": "'{0}' list cannot be empty.",
            "arguments": [
                "variable declaration"
            ]
        }
    ],
    "sourceUnit": {
        "kind": "SourceUnit",
        "start": 0,
        "end": 5,
        "width": 5,
        "moduleElements": [
            {
                "kind": "VariableStatement",
                "start": 0,
                "end": 5,
                "width": 5,
                "variableDeclaration": {
                    "kind": "VariableDeclaration",
                    "start": 0,
                    "end": 3,
                    "width": 3,
                    "varConstOrLetKeyword": {
                        "kind": "VarKeyword",
                        "fullStart": 0,
                        "start": 0,
                        "fullWidth": 3,
                        "width": 3,
                        "text": "var",
                        "value": "var",
                        "valueText": "var"
                    }
                },
                "semicolonToken": {
                    "kind": "SemicolonToken",
                    "fullStart": 3,
                    "start": 4,
                    "fullWidth": 2,
                    "width": 1,
                    "text": ";",
                    "value": ";",
                    "valueText": ";",
                    "hasLeadingTrivia": true,
                    "leadingTrivia": [
                        {
                            "kind": "WhitespaceTrivia",
                            "fullStart": 3,
                            "fullEnd": 4,
                            "text": " "
                        }
                    ]
                }
            }
        ],
        "endOfFileToken": {
            "kind": "EndOfFileToken",
            "fullStart": 5,
            "start": 5,
            "fullWidth": 0,
            "width": 0,
            "text": ""
        }
    },
    "lineMap": {
        "lineStarts": [
            0
        ],
        "length": 5
    }
}